BL51 BANKED LINKER/LOCATER V5.00                                                        09/19/2012  08:51:04  PAGE 1


BL51 BANKED LINKER/LOCATER V5.00, INVOKED BY:
C:\KEIL\C51\BIN\BL51.EXE TEST41.obj TO TEST41 RAMSIZE (256)


MEMORY MODEL: SMALL


INPUT MODULES INCLUDED:
  TEST41.obj (TEST41)
  C:\KEIL\C51\LIB\C51S.LIB (?C_STARTUP)


LINK MAP OF MODULE:  TEST41 (TEST41)


            TYPE    BASE      LENGTH    RELOCATION   SEGMENT NAME
            -----------------------------------------------------

            * * * * * * *   D A T A   M E M O R Y   * * * * * * *
            REG     0000H     0008H     ABSOLUTE     "REG BANK 0"
            DATA    0008H     0003H     UNIT         ?DT?TEST41
            IDATA   000BH     0001H     UNIT         ?STACK

            * * * * * * *   C O D E   M E M O R Y   * * * * * * *
            CODE    0000H     0003H     ABSOLUTE     
            CODE    0003H     00A9H     UNIT         ?PR?MAIN?TEST41
            CODE    00ACH     002AH     UNIT         ?PR?LCD1602_INIT?TEST41
            CODE    00D6H     0018H     UNIT         ?PR?_LCD1602_WRITE_ADDRESS?TEST41
            CODE    00EEH     0012H     UNIT         ?PR?_DELAY1602?TEST41
            CODE    0100H     0010H     UNIT         ?PR?_LCD1602_WRITE_COM?TEST41
            CODE    0110H     000EH     UNIT         ?PR?LCD1602_BUSY?TEST41
            CODE    011EH     000EH     UNIT         ?PR?_LCD1602_WRITE_DATA_BUSY?TEST41
            CODE    012CH     000EH     UNIT         ?PR?_LCD1602_DISP?TEST41
            CODE    013AH     000CH     UNIT         ?C_C51STARTUP
            CODE    0146H     0006H     UNIT         ?PR?_LCD1602_WRITE_COM_BUSY?TEST41



OVERLAY MAP OF MODULE:   TEST41 (TEST41)


SEGMENT
  +--> CALLED SEGMENT
---------------------
?C_C51STARTUP
  +--> ?PR?MAIN?TEST41

?PR?MAIN?TEST41
  +--> ?PR?LCD1602_INIT?TEST41
  +--> ?PR?_LCD1602_DISP?TEST41

?PR?LCD1602_INIT?TEST41
  +--> ?PR?_LCD1602_WRITE_COM?TEST41
  +--> ?PR?_LCD1602_WRITE_COM_BUSY?TEST41

?PR?_LCD1602_WRITE_COM?TEST41
  +--> ?PR?_DELAY1602?TEST41

BL51 BANKED LINKER/LOCATER V5.00                                                      09/19/2012  08:51:04  PAGE 2


?PR?_LCD1602_WRITE_COM_BUSY?TEST41
  +--> ?PR?LCD1602_BUSY?TEST41
  +--> ?PR?_LCD1602_WRITE_COM?TEST41

?PR?_LCD1602_DISP?TEST41
  +--> ?PR?_LCD1602_WRITE_ADDRESS?TEST41
  +--> ?PR?_LCD1602_WRITE_DATA_BUSY?TEST41

?PR?_LCD1602_WRITE_ADDRESS?TEST41
  +--> ?PR?_LCD1602_WRITE_COM_BUSY?TEST41

?PR?_LCD1602_WRITE_DATA_BUSY?TEST41
  +--> ?PR?LCD1602_BUSY?TEST41



SYMBOL TABLE OF MODULE:  TEST41 (TEST41)

  VALUE           TYPE          NAME
  ----------------------------------

  -------         MODULE        TEST41
  C:0000H         SYMBOL        _ICE_DUMMY_
  D:0080H         PUBLIC        P0
  D:00A0H         PUBLIC        P2
  B:00D0H.6       PUBLIC        AC
  B:00B0H.4       PUBLIC        T0
  B:00B0H.5       PUBLIC        T1
  B:00A8H.7       PUBLIC        EA
  B:0090H.0       PUBLIC        T2
  C:0105H         PUBLIC        _LCD1602_Write_com
  C:011EH         PUBLIC        _LCD1602_Write_data_busy
  B:0080H.0       PUBLIC        P0_0
  B:0090H.0       PUBLIC        P1_0
  B:0080H.1       PUBLIC        P0_1
  B:00D0H.1       PUBLIC        FL
  B:00A0H.0       PUBLIC        P2_0
  B:0090H.1       PUBLIC        P1_1
  B:0080H.2       PUBLIC        P0_2
  B:00B0H.0       PUBLIC        P3_0
  B:00A0H.1       PUBLIC        P2_1
  B:0090H.2       PUBLIC        P1_2
  B:0080H.3       PUBLIC        P0_3
  B:00B0H.1       PUBLIC        P3_1
  B:00A0H.2       PUBLIC        P2_2
  B:0090H.3       PUBLIC        P1_3
  B:0080H.4       PUBLIC        P0_4
  B:00B0H.2       PUBLIC        P3_2
  B:00A0H.3       PUBLIC        P2_3
  B:0090H.4       PUBLIC        P1_4
  B:0080H.5       PUBLIC        P0_5
  B:00C8H.6       PUBLIC        EXF2
  B:00B0H.7       PUBLIC        RD
  B:00B0H.3       PUBLIC        P3_3
  B:00A0H.4       PUBLIC        P2_4
  B:0090H.5       PUBLIC        P1_5
  B:0080H.6       PUBLIC        P0_6
BL51 BANKED LINKER/LOCATER V5.00                                                      09/19/2012  08:51:04  PAGE 3


  B:00B0H.4       PUBLIC        P3_4
  B:00A0H.5       PUBLIC        P2_5
  B:0090H.6       PUBLIC        P1_6
  B:0080H.7       PUBLIC        P0_7
  B:00B0H.5       PUBLIC        P3_5
  B:00A8H.4       PUBLIC        ES
  B:00A0H.6       PUBLIC        P2_6
  B:0090H.7       PUBLIC        P1_7
  B:00B0H.6       PUBLIC        P3_6
  B:00A0H.7       PUBLIC        P2_7
  B:00B0H.7       PUBLIC        P3_7
  B:0098H.0       PUBLIC        RI
  C:00EEH         PUBLIC        _Delay1602
  B:00D0H.7       PUBLIC        CY
  B:00B0H.2       PUBLIC        INT0
  B:00B0H.3       PUBLIC        INT1
  B:0098H.1       PUBLIC        TI
  D:0008H         PUBLIC        DISbuf
  B:00B8H.4       PUBLIC        PS
  B:0090H.1       PUBLIC        T2EX
  B:00A0H.5       PUBLIC        RS
  B:00D0H.2       PUBLIC        OV
  C:0003H         PUBLIC        main
  B:00A0H.4       PUBLIC        RW
  B:00C8H.1       PUBLIC        C_T2
  B:00B0H.6       PUBLIC        WR
  B:00C8H.5       PUBLIC        RCLK
  B:00C8H.4       PUBLIC        TCLK
  C:0146H         PUBLIC        _LCD1602_Write_com_busy
  C:00ACH         PUBLIC        LCD1602_init
  C:00D6H         PUBLIC        _LCD1602_Write_address
  B:0088H.1       PUBLIC        IE0
  B:0088H.3       PUBLIC        IE1
  C:0110H         PUBLIC        LCD1602_busy
  B:00A0H.3       PUBLIC        E
  B:00C8H.0       PUBLIC        CP_RL2
  B:00A8H.1       PUBLIC        ET0
  B:00A8H.3       PUBLIC        ET1
  B:0088H.5       PUBLIC        TF0
  B:00A8H.5       PUBLIC        ET2
  B:0088H.7       PUBLIC        TF1
  B:00C8H.7       PUBLIC        TF2
  B:0098H.2       PUBLIC        RB8
  B:00A8H.0       PUBLIC        EX0
  B:0088H.0       PUBLIC        IT0
  B:00A8H.2       PUBLIC        EX1
  B:0098H.3       PUBLIC        TB8
  B:0088H.2       PUBLIC        IT1
  B:00D0H.0       PUBLIC        P
  B:0098H.7       PUBLIC        SM0
  B:0098H.6       PUBLIC        SM1
  B:0098H.5       PUBLIC        SM2
  B:00B8H.1       PUBLIC        PT0
  B:00D0H.3       PUBLIC        RS0
  B:00B8H.3       PUBLIC        PT1
  B:00D0H.4       PUBLIC        RS1
  B:00B8H.5       PUBLIC        PT2
BL51 BANKED LINKER/LOCATER V5.00                                                      09/19/2012  08:51:04  PAGE 4


  B:0088H.4       PUBLIC        TR0
  B:0088H.6       PUBLIC        TR1
  B:00C8H.2       PUBLIC        TR2
  B:00B8H.0       PUBLIC        PX0
  B:00B8H.2       PUBLIC        PX1
  B:00C8H.3       PUBLIC        EXEN2
  B:0098H.4       PUBLIC        REN
  D:000AH         PUBLIC        j
  B:00B0H.0       PUBLIC        RXD
  C:0130H         PUBLIC        _LCD1602_Disp
  B:00B0H.1       PUBLIC        TXD
  B:00D0H.5       PUBLIC        F0
  -------         PROC          _DELAY1602
  D:0006H         SYMBOL        t
  -------         DO            
  D:0004H         SYMBOL        k
  -------         ENDDO         
  C:00EEH         LINE#         31
  C:00EEH         LINE#         32
  C:00EEH         LINE#         34
  C:00FFH         LINE#         35
  -------         ENDPROC       _DELAY1602
  -------         PROC          LCD1602_BUSY
  C:0110H         LINE#         44
  C:0110H         LINE#         45
  C:0110H         LINE#         46
  C:0112H         LINE#         47
  C:0114H         LINE#         48
  C:0116H         LINE#         49
  C:0118H         LINE#         50
  C:011BH         LINE#         51
  C:011DH         LINE#         52
  -------         ENDPROC       LCD1602_BUSY
  C:0100H         SYMBOL        L?0031
  -------         PROC          L?0030
  -------         ENDPROC       L?0030
  C:0100H         SYMBOL        L?0031
  -------         PROC          _LCD1602_WRITE_COM
  D:0007H         SYMBOL        combuf
  C:0105H         LINE#         61
  C:0105H         LINE#         62
  C:0105H         LINE#         63
  C:0107H         LINE#         64
  C:0109H         LINE#         65
  C:010BH         LINE#         66
  C:010DH         LINE#         67
  C:010FH         LINE#         68
  -------         ENDPROC       _LCD1602_WRITE_COM
  -------         PROC          _LCD1602_WRITE_COM_BUSY
  D:0007H         SYMBOL        combuf
  C:0146H         LINE#         77
  C:0146H         LINE#         78
  C:0146H         LINE#         79
  C:0149H         LINE#         80
  -------         ENDPROC       _LCD1602_WRITE_COM_BUSY
  -------         PROC          _LCD1602_WRITE_DATA_BUSY
  D:0007H         SYMBOL        databuf
BL51 BANKED LINKER/LOCATER V5.00                                                      09/19/2012  08:51:04  PAGE 5


  C:011EH         LINE#         90
  C:011EH         LINE#         91
  C:011EH         LINE#         92
  C:0121H         LINE#         93
  C:0123H         LINE#         94
  C:0125H         LINE#         95
  C:0127H         LINE#         96
  C:0129H         LINE#         97
  C:012BH         LINE#         98
  -------         ENDPROC       _LCD1602_WRITE_DATA_BUSY
  -------         PROC          _LCD1602_WRITE_ADDRESS
  D:0006H         SYMBOL        x
  D:0005H         SYMBOL        y
  C:00D6H         LINE#         107
  C:00D8H         LINE#         108
  C:00D8H         LINE#         109
  C:00DBH         LINE#         110
  C:00DEH         LINE#         111
  C:00E1H         LINE#         112
  C:00E4H         LINE#         114
  C:00EDH         LINE#         115
  -------         ENDPROC       _LCD1602_WRITE_ADDRESS
  -------         PROC          LCD1602_INIT
  C:00ACH         LINE#         124
  C:00ACH         LINE#         125
  C:00ACH         LINE#         126
  C:00B0H         LINE#         127
  C:00B3H         LINE#         128
  C:00B7H         LINE#         129
  C:00BAH         LINE#         130
  C:00BCH         LINE#         131
  C:00BFH         LINE#         132
  C:00C2H         LINE#         133
  C:00C7H         LINE#         134
  C:00CCH         LINE#         135
  C:00D1H         LINE#         136
  -------         ENDPROC       LCD1602_INIT
  -------         PROC          L?0029
  -------         ENDPROC       L?0029
  -------         PROC          _LCD1602_DISP
  D:0006H         SYMBOL        x
  D:0005H         SYMBOL        y
  D:0004H         SYMBOL        buf
  C:0130H         LINE#         146
  C:0132H         LINE#         147
  C:0132H         LINE#         148
  C:0135H         LINE#         149
  -------         ENDPROC       _LCD1602_DISP
  -------         PROC          MAIN
  C:0003H         LINE#         159
  C:0003H         LINE#         160
  C:0003H         LINE#         162
  C:0006H         LINE#         164
  C:0006H         LINE#         165
  C:0006H         LINE#         168
  C:000CH         LINE#         172
  C:0014H         LINE#         173
BL51 BANKED LINKER/LOCATER V5.00                                                      09/19/2012  08:51:04  PAGE 6


  C:001DH         LINE#         174
  C:0024H         LINE#         175
  C:0029H         LINE#         176
  C:0029H         LINE#         177
  C:002FH         LINE#         178
  C:0031H         LINE#         180
  C:0031H         LINE#         181
  C:0037H         LINE#         182
  C:0037H         LINE#         183
  C:003CH         LINE#         184
  C:0042H         LINE#         185
  C:0047H         LINE#         186
  C:0047H         LINE#         187
  C:004DH         LINE#         188
  C:004FH         LINE#         190
  C:004FH         LINE#         191
  C:0055H         LINE#         192
  C:0055H         LINE#         193
  C:005AH         LINE#         194
  C:006BH         LINE#         195
  C:0070H         LINE#         196
  C:0070H         LINE#         197
  C:0076H         LINE#         198
  C:0078H         LINE#         200
  C:0078H         LINE#         201
  C:007EH         LINE#         202
  C:007EH         LINE#         203
  C:0087H         LINE#         204
  C:008DH         LINE#         205
  C:0092H         LINE#         206
  C:0092H         LINE#         207
  C:0098H         LINE#         208
  C:009AH         LINE#         210
  C:009AH         LINE#         211
  C:00A0H         LINE#         212
  C:00A0H         LINE#         213
  C:00A9H         LINE#         216
  -------         ENDPROC       MAIN
  -------         ENDMOD        TEST41

Program Size: data=12.0 xdata=0 code=332
LINK/LOCATE RUN COMPLETE.  0 WARNING(S),  0 ERROR(S)
