BL51 BANKED LINKER/LOCATER V5.00                                                        11/21/2013  11:47:01  PAGE 1


BL51 BANKED LINKER/LOCATER V5.00, INVOKED BY:
C:\KEIL\C51\BIN\BL51.EXE TEST91.obj TO TEST91 RAMSIZE (256)


MEMORY MODEL: SMALL


INPUT MODULES INCLUDED:
  TEST91.obj (TEST91)
  C:\KEIL\C51\LIB\C51S.LIB (?C_STARTUP)
  C:\KEIL\C51\LIB\C51S.LIB (?C?ULDIV)
  C:\KEIL\C51\LIB\C51S.LIB (?C?ULCMP)
  C:\KEIL\C51\LIB\C51S.LIB (?C?LILDIDATA)


LINK MAP OF MODULE:  TEST91 (TEST91)


            TYPE    BASE      LENGTH    RELOCATION   SEGMENT NAME
            -----------------------------------------------------

            * * * * * * *   D A T A   M E M O R Y   * * * * * * *
            REG     0000H     0008H     ABSOLUTE     "REG BANK 0"
            DATA    0008H     0007H     UNIT         _DATA_GROUP_
            IDATA   000FH     0001H     UNIT         ?STACK

            * * * * * * *   C O D E   M E M O R Y   * * * * * * *
            CODE    0000H     0003H     ABSOLUTE     
            CODE    0003H     0121H     UNIT         ?PR?MAIN?TEST91
            CODE    0124H     00FFH     UNIT         ?C?LIB_CODE
            CODE    0223H     000CH     UNIT         ?C_C51STARTUP
            CODE    022FH     000AH     UNIT         ?CO?TEST91



OVERLAY MAP OF MODULE:   TEST91 (TEST91)


SEGMENT                          DATA_GROUP 
  +--> CALLED SEGMENT          START    LENGTH
----------------------------------------------
?C_C51STARTUP                  -----    -----
  +--> ?PR?MAIN?TEST91

?PR?MAIN?TEST91                0008H    0007H
  +--> ?CO?TEST91



SYMBOL TABLE OF MODULE:  TEST91 (TEST91)

  VALUE           TYPE          NAME
  ----------------------------------

  -------         MODULE        TEST91
  C:0000H         SYMBOL        _ICE_DUMMY_
  D:0080H         PUBLIC        P0
  D:0090H         PUBLIC        P1
BL51 BANKED LINKER/LOCATER V5.00                                                      11/21/2013  11:47:01  PAGE 2


  D:00A0H         PUBLIC        P2
  B:00D0H.6       PUBLIC        AC
  B:00B0H.4       PUBLIC        T0
  B:00B0H.5       PUBLIC        T1
  B:00A8H.7       PUBLIC        EA
  B:0090H.0       PUBLIC        T2
  B:0080H.0       PUBLIC        P0_0
  B:0090H.0       PUBLIC        P1_0
  B:0080H.1       PUBLIC        P0_1
  B:00D0H.1       PUBLIC        FL
  B:00A0H.0       PUBLIC        P2_0
  B:0090H.1       PUBLIC        P1_1
  B:0080H.2       PUBLIC        P0_2
  B:00B0H.0       PUBLIC        P3_0
  B:00A0H.1       PUBLIC        P2_1
  B:0090H.2       PUBLIC        P1_2
  B:0080H.3       PUBLIC        P0_3
  B:00B0H.1       PUBLIC        P3_1
  B:00A0H.2       PUBLIC        P2_2
  B:0090H.3       PUBLIC        P1_3
  B:0080H.4       PUBLIC        P0_4
  B:00B0H.2       PUBLIC        P3_2
  B:00A0H.3       PUBLIC        P2_3
  B:0090H.4       PUBLIC        P1_4
  B:0080H.5       PUBLIC        P0_5
  B:00C8H.6       PUBLIC        EXF2
  B:00B0H.7       PUBLIC        RD
  B:00B0H.3       PUBLIC        P3_3
  B:00A0H.4       PUBLIC        P2_4
  B:0090H.5       PUBLIC        P1_5
  B:0080H.6       PUBLIC        P0_6
  B:00B0H.4       PUBLIC        P3_4
  B:00A0H.5       PUBLIC        P2_5
  B:0090H.6       PUBLIC        P1_6
  B:0080H.7       PUBLIC        P0_7
  B:00B0H.5       PUBLIC        P3_5
  B:00A8H.4       PUBLIC        ES
  B:00A0H.6       PUBLIC        P2_6
  B:0090H.7       PUBLIC        P1_7
  B:00B0H.6       PUBLIC        P3_6
  B:00A0H.7       PUBLIC        P2_7
  B:00B0H.7       PUBLIC        P3_7
  B:0098H.0       PUBLIC        RI
  B:00D0H.7       PUBLIC        CY
  B:00B0H.2       PUBLIC        INT0
  B:00B0H.3       PUBLIC        INT1
  B:0098H.1       PUBLIC        TI
  B:00B8H.4       PUBLIC        PS
  B:0090H.1       PUBLIC        T2EX
  B:00D0H.2       PUBLIC        OV
  C:0003H         PUBLIC        main
  B:00C8H.1       PUBLIC        C_T2
  B:00B0H.6       PUBLIC        WR
  B:00C8H.5       PUBLIC        RCLK
  B:00C8H.4       PUBLIC        TCLK
  B:0088H.1       PUBLIC        IE0
  B:0088H.3       PUBLIC        IE1
BL51 BANKED LINKER/LOCATER V5.00                                                      11/21/2013  11:47:01  PAGE 3


  B:00C8H.0       PUBLIC        CP_RL2
  B:00A8H.1       PUBLIC        ET0
  B:00A8H.3       PUBLIC        ET1
  B:0088H.5       PUBLIC        TF0
  B:00A8H.5       PUBLIC        ET2
  B:0088H.7       PUBLIC        TF1
  B:00C8H.7       PUBLIC        TF2
  B:0098H.2       PUBLIC        RB8
  B:00A8H.0       PUBLIC        EX0
  B:0088H.0       PUBLIC        IT0
  B:00A8H.2       PUBLIC        EX1
  B:0098H.3       PUBLIC        TB8
  B:0088H.2       PUBLIC        IT1
  B:00D0H.0       PUBLIC        P
  B:0098H.7       PUBLIC        SM0
  B:0098H.6       PUBLIC        SM1
  B:0098H.5       PUBLIC        SM2
  B:00B8H.1       PUBLIC        PT0
  C:022FH         PUBLIC        LED
  B:00D0H.3       PUBLIC        RS0
  B:00B8H.3       PUBLIC        PT1
  B:00D0H.4       PUBLIC        RS1
  B:00B8H.5       PUBLIC        PT2
  B:0088H.4       PUBLIC        TR0
  B:0088H.6       PUBLIC        TR1
  B:00C8H.2       PUBLIC        TR2
  B:00B8H.0       PUBLIC        PX0
  B:00B8H.2       PUBLIC        PX1
  B:0090H.0       PUBLIC        U165A0
  B:00C8H.3       PUBLIC        EXEN2
  B:0090H.1       PUBLIC        U165A1
  B:0090H.2       PUBLIC        U165A2
  B:0098H.4       PUBLIC        REN
  B:00B0H.0       PUBLIC        RXD
  B:00B0H.1       PUBLIC        TXD
  B:00D0H.5       PUBLIC        F0
  -------         PROC          MAIN
  -------         DO            
  D:0008H         SYMBOL        c
  D:0009H         SYMBOL        d
  D:000AH         SYMBOL        e
  D:000BH         SYMBOL        f
  -------         ENDDO         
  C:0003H         LINE#         41
  C:0003H         LINE#         42
  C:0003H         LINE#         44
  C:0006H         LINE#         45
  C:0008H         LINE#         46
  C:000AH         LINE#         47
  C:0012H         LINE#         49
  C:0012H         LINE#         50
  C:0012H         LINE#         52
  C:001CH         LINE#         53
  C:0025H         LINE#         54
  C:0025H         LINE#         55
  C:0028H         LINE#         56
  C:0044H         LINE#         57
BL51 BANKED LINKER/LOCATER V5.00                                                      11/21/2013  11:47:01  PAGE 4


  C:0044H         LINE#         58
  C:0047H         LINE#         59
  C:0065H         LINE#         60
  C:0071H         LINE#         61
  C:0075H         LINE#         62
  C:0075H         LINE#         63
  C:0078H         LINE#         64
  C:0086H         LINE#         65
  C:0088H         LINE#         66
  C:008DH         LINE#         67
  C:008DH         LINE#         68
  C:0090H         LINE#         69
  C:00B1H         LINE#         70
  C:00B3H         LINE#         71
  C:00B8H         LINE#         72
  C:00B8H         LINE#         73
  C:00BBH         LINE#         74
  C:00ECH         LINE#         75
  C:00EFH         LINE#         77
  C:00EFH         LINE#         78
  C:00F2H         LINE#         79
  C:0121H         LINE#         80
  C:0121H         LINE#         81
  -------         ENDPROC       MAIN
  -------         ENDMOD        TEST91

  -------         MODULE        ?C?ULDIV
  C:0160H         PUBLIC        ?C?ULDIV
  -------         ENDMOD        ?C?ULDIV

  -------         MODULE        ?C?ULCMP
  C:01F2H         PUBLIC        ?C?ULCMP
  -------         ENDMOD        ?C?ULCMP

  -------         MODULE        ?C?LILDIDATA
  C:020CH         PUBLIC        ?C?LILDIDATA
  C:0203H         PUBLIC        ?C?LILDIDATA1
  C:0205H         PUBLIC        ?C?LILDIDATA8
  -------         ENDMOD        ?C?LILDIDATA

Program Size: data=16.0 xdata=0 code=569
LINK/LOCATE RUN COMPLETE.  0 WARNING(S),  0 ERROR(S)
