C51 COMPILER V7.00  TEST09                                                                 07/14/2013 22:24:22 PAGE 1   


C51 COMPILER V7.00, COMPILATION OF MODULE TEST09
OBJECT MODULE PLACED IN TEST09.OBJ
COMPILER INVOKED BY: C:\Keil\C51\BIN\C51.EXE TEST09.c BROWSE DEBUG OBJECTEXTEND

stmt level    source

   1          ////////////////////////////////////////////////////////////////////////////
   2          //                给力者单片机开发学习系统，开发学习都给力！              //
   3          ////////////////////////////////////////////////////////////////////////////
   4          //                     学习51单片机，其实可以很简单                       //
   5          ////////////////////////////////////////////////////////////////////////////
   6          //                宁波芯动电子有限公司  www.MovingChip.com                //
   7          ////////////////////////////////////////////////////////////////////////////
   8          
   9          #include <AT89X52.h>       //调用51单片机的头文件
  10          
  11          //---------------------------------------
  12          //定义一个数据表格
  13          unsigned char code TAB[10]=
  14          {                          //定义表格一定要使用code，这样会做到程序存储区中
  15              0x3F,                  //表格第1步数据0b00111111
  16              0x06,                  //表格第2步数据0b00000110
  17              0x5B,                  //表格第3步数据0b01011011
  18              0x4F,                  //表格第4步数据0b01001111
  19              0x66,                  //表格第5步数据0b01100110
  20              0x6D,                  //表格第6步数据0b01101101
  21              0x7D,                  //表格第7步数据0b01111101
  22              0x07,                  //表格第8步数据0b00000111
  23              0x7F,                  //表格第9步数据0b01111111
  24              0x6F,                  //表格第10步数据0b01101111
  25          };
  26          
  27          //---------------------------------------
  28          //名称: 主函数
  29          //适用：给力者GL9单片机开发学习系统
  30          //公司：宁波芯动电子有限公司
  31          //网址：www.MovingChip.com
  32          //日期：20120914
  33          //---------------------------------------
  34          void main(void)            //主函数,单片机开机后就是从这个函数开始运行
  35          {
  36   1      
  37   1          unsigned int a=0;      //定义一个int型变量，做延时用
  38   1          unsigned char b=15;    //定义一个char型变量，显示内容用
  39   1      
  40   1          while(1)               //死循环,单片机初始化后,将一直运行这个死循环
  41   1          {
  42   2              for(a=0;a<40000;a++); //延时若干时间，具体时长暂不理会
  43   2              if(++b>9) b=0;     //b做加1操作，并限制在0-9以内
  44   2              P2=TAB[b];          //将TAB[b]的值送入P2口输出
  45   2      
  46   2          }
  47   1      }
  48          


MODULE INFORMATION:   STATIC OVERLAYABLE
   CODE SIZE        =     64    ----
   CONSTANT SIZE    =     10    ----
   XDATA SIZE       =   ----    ----
   PDATA SIZE       =   ----    ----
C51 COMPILER V7.00  TEST09                                                                 07/14/2013 22:24:22 PAGE 2   

   DATA SIZE        =   ----       3
   IDATA SIZE       =   ----    ----
   BIT SIZE         =   ----    ----
END OF MODULE INFORMATION.


C51 COMPILATION COMPLETE.  0 WARNING(S),  0 ERROR(S)
