C51 COMPILER V7.00  TEST42                                                                 09/19/2012 08:52:23 PAGE 1   


C51 COMPILER V7.00, COMPILATION OF MODULE TEST42
OBJECT MODULE PLACED IN TEST42.OBJ
COMPILER INVOKED BY: C:\Keil\C51\BIN\C51.EXE TEST42.c BROWSE DEBUG OBJECTEXTEND

stmt level    source

   1          ////////////////////////////////////////////////////////////////////////////
   2          //                给力者单片机开发学习系统，开发学习都给力！              //
   3          ////////////////////////////////////////////////////////////////////////////
   4          //                     学习51单片机，其实可以很简单                       //
   5          ////////////////////////////////////////////////////////////////////////////
   6          //                宁波芯动电子有限公司  www.MovingChip.com                //
   7          ////////////////////////////////////////////////////////////////////////////
   8          
   9          #include <AT89X52.h>       //调用51单片机的头文件
  10          
  11          //---------------------------------------
  12          //1602液晶相关I/O设置
  13          sbit E=P2^3;               //1602液晶的E脚接在P2.3口上
  14          sbit RW=P2^4;              //1602液晶的RW脚接在P2.4口上
  15          sbit RS=P2^5;              //1602液晶的RS脚接在P2.5口上
  16          //---------------------------------------
  17          
  18          //---------------------------------------
  19          //1602液晶寄存器设置
  20          unsigned int  DISbuf;     //设置16位的unsigend int型寄存器用来暂存1602要显示的内容
  21          //---------------------------------------
  22          
  23          //---------------------------------------
  24          //名称：1602液晶用延时函数
  25          //适用：给力者GL9单片机开发学习系统
  26          //公司：宁波芯动电子有限公司
  27          //网址：www.MovingChip.com
  28          //日期：20120914
  29          //---------------------------------------
  30          void Delay1602(unsigned int t)
  31          { 
  32   1           unsigned int k;      //定义一个16位寄存器用来做延时用 
  33   1           for(k=0;k<t;k++);    //延时 
  34   1      } 
  35          
  36          //---------------------------------------
  37          //名称：1602液晶忙检测函数
  38          //适用：给力者GL9单片机开发学习系统
  39          //公司：宁波芯动电子有限公司
  40          //网址：www.MovingChip.com
  41          //日期：20120914
  42          //---------------------------------------
  43          void LCD1602_busy(void)
  44          { 
  45   1           P0_7=1;              //将P0.7置1，为读状态做准备 
  46   1           RS=0;                //RS=0、RW=1、E=1时，忙信号输出到DB7，由P0.7读入
  47   1           RW=1;                //RS=0、RW=1、E=1时，忙信号输出到DB7，由P0.7读入
  48   1           E=1;                 //RS=0、RW=1、E=1时，忙信号输出到DB7，由P0.7读入
  49   1           while(P0_7==1);      //由P0.7读入1，表示1602液晶忙，需要等待
  50   1           E=0;                 //读完以后，恢复E的电平
  51   1      } 
  52          
  53          //---------------------------------------
  54          //名称：1600写命令函数
  55          //适用：给力者GL9单片机开发学习系统
C51 COMPILER V7.00  TEST42                                                                 09/19/2012 08:52:23 PAGE 2   

  56          //公司：宁波芯动电子有限公司
  57          //网址：www.MovingChip.com
  58          //日期：20120914
  59          //---------------------------------------
  60          void LCD1602_Write_com(unsigned char combuf)
  61          { 
  62   1           RS=0;                //选择指令寄存器
  63   1           RW=0;                //选择写状态
  64   1           P0=combuf;           //将命令字通过P0口送至DB
  65   1           E=1;                 //E高电平将命令字写入1602液晶
  66   1           E=0;                 //写完以后，恢复E的电平
  67   1      } 
  68          
  69          //---------------------------------------
  70          //名称：1602写命令函数(带忙检测)
  71          //适用：给力者GL9单片机开发学习系统
  72          //公司：宁波芯动电子有限公司
  73          //网址：www.MovingChip.com
  74          //日期：20120914
  75          //---------------------------------------
  76          void LCD1602_Write_com_busy(unsigned char combuf)
  77          { 
  78   1           LCD1602_busy();            //调用忙检测函数
  79   1           LCD1602_Write_com(combuf); //调用忙检测函数
  80   1      } 
  81          
  82          //---------------------------------------
  83          //名称：1602写数据函数(带忙检测)
  84          //适用：给力者GL9单片机开发学习系统
  85          //公司：宁波芯动电子有限公司
  86          //网址：www.MovingChip.com
  87          //日期：20120914
  88          //---------------------------------------
  89          void LCD1602_Write_data_busy(unsigned char databuf)
  90          { 
  91   1           LCD1602_busy();      //调用忙检测函数
  92   1           RS=1;                //选择数据寄存器
  93   1           RW=0;                //选择写状态
  94   1           P0=databuf;          //将命令字通过P0口送至DB
  95   1           E=1;                 //E高电平将命令字写入1602液晶
  96   1           E=0;                 //写完以后，恢复E的电平
  97   1      } 
  98          
  99          //---------------------------------------
 100          //名称：1602液晶显示地址写函数
 101          //适用：给力者GL9单片机开发学习系统
 102          //公司：宁波芯动电子有限公司
 103          //网址：www.MovingChip.com
 104          //日期：20120914
 105          //---------------------------------------
 106          void LCD1602_Write_address(unsigned char x,unsigned char y)
 107          { 
 108   1           x&=0x0f;             //列地址限制在0-15间
 109   1           y&=0x01;             //行地址限制在0-1间
 110   1           if(y==0)             //如果是第一行
 111   1               LCD1602_Write_com_busy(x|0x80);        //将列地址写入
 112   1           else                 //如果是第二行
 113   1               LCD1602_Write_com_busy((x+0x40)|0x80); //将列地址写入
 114   1      } 
 115          
 116          //---------------------------------------
 117          //名称：1602液晶初始化函数
C51 COMPILER V7.00  TEST42                                                                 09/19/2012 08:52:23 PAGE 3   

 118          //适用：给力者GL9单片机开发学习系统
 119          //公司：宁波芯动电子有限公司
 120          //网址：www.MovingChip.com
 121          //日期：20120914
 122          //---------------------------------------
 123          void LCD1602_init(void)
 124          { 
 125   1           Delay1602(1500);               //调用延时函数
 126   1           LCD1602_Write_com(0x38);       //8位数据总线，两行显示模式，5*7点阵显示
 127   1           Delay1602(500);                //调用延时函数
 128   1           LCD1602_Write_com(0x38);       //8位数据总线，两行显示模式，5*7点阵显示
 129   1           Delay1602(500);                //调用延时函数
 130   1           LCD1602_Write_com(0x38);       //8位数据总线，两行显示模式，5*7点阵显示
 131   1           LCD1602_Write_com_busy(0x38);  //8位数据总线，两行显示模式，5*7点阵显示
 132   1           LCD1602_Write_com_busy(0x08);  //显示功能关，无光标
 133   1           LCD1602_Write_com_busy(0x01);  //清屏
 134   1           LCD1602_Write_com_busy(0x06);  //写入新的数据后，光标右移，显示屏不移动
 135   1           LCD1602_Write_com_busy(0x0C);  //显示功能开，无光标
 136   1      } 
 137          
 138          //---------------------------------------
 139          //名称：1602液晶指定地址显示函数
 140          //适用：给力者GL9单片机开发学习系统
 141          //公司：宁波芯动电子有限公司
 142          //网址：www.MovingChip.com
 143          //日期：20120914
 144          //---------------------------------------
 145          void LCD1602_Disp(unsigned char x,unsigned char y,unsigned char buf)
 146          { 
 147   1           LCD1602_Write_address(x,y);    //先将地址信息写入
 148   1           LCD1602_Write_data_busy(buf);  //再写入要显示的数据
 149   1      } 
 150          
 151          //---------------------------------------
 152          //名称: 主函数
 153          //适用：给力者GL9单片机开发学习系统
 154          //公司：宁波芯动电子有限公司
 155          //网址：www.MovingChip.com
 156          //日期：20120914
 157          //---------------------------------------
 158          void main(void)            //主函数,单片机开机后就是从这个函数开始运行
 159          {
 160   1      
 161   1          LCD1602_init();        //调用1602液晶初始化函数
 162   1      
 163   1          while(1)               //死循环,单片机初始化后,将一直运行这个死循环
 164   1          {
 165   2      
 166   2          //**给1602显示寄存器赋值(0-9999)**
 167   2              DISbuf=2012;                             //比如说，想显示2012，直接赋值给它就可以了
 168   2          //********************************
 169   2      
 170   2          //**1602液晶显示0-9999**
 171   2              LCD1602_Disp(0,0,DISbuf/1000+'0');       //在第1行的第1列显示千位
 172   2              LCD1602_Disp(1,0,(DISbuf%1000)/100+'0'); //在第1行的第2列显示百位
 173   2              LCD1602_Disp(2,0,(DISbuf%100)/10+'0');   //在第1行的第3列显示十位
 174   2              LCD1602_Disp(3,0,DISbuf%10+'0');         //在第1行的第4列显示个位
 175   2          //**********************
 176   2      
 177   2          }
 178   1      }
 179          
C51 COMPILER V7.00  TEST42                                                                 09/19/2012 08:52:23 PAGE 4   



MODULE INFORMATION:   STATIC OVERLAYABLE
   CODE SIZE        =    263    ----
   CONSTANT SIZE    =   ----    ----
   XDATA SIZE       =   ----    ----
   PDATA SIZE       =   ----    ----
   DATA SIZE        =      2    ----
   IDATA SIZE       =   ----    ----
   BIT SIZE         =   ----    ----
END OF MODULE INFORMATION.


C51 COMPILATION COMPLETE.  0 WARNING(S),  0 ERROR(S)
