BL51 BANKED LINKER/LOCATER V5.00                                                        09/19/2012  08:52:23  PAGE 1


BL51 BANKED LINKER/LOCATER V5.00, INVOKED BY:
C:\KEIL\C51\BIN\BL51.EXE TEST42.obj TO TEST42 RAMSIZE (256)


MEMORY MODEL: SMALL


INPUT MODULES INCLUDED:
  TEST42.obj (TEST42)
  C:\KEIL\C51\LIB\C51S.LIB (?C_STARTUP)
  C:\KEIL\C51\LIB\C51S.LIB (?C?UIDIV)


LINK MAP OF MODULE:  TEST42 (TEST42)


            TYPE    BASE      LENGTH    RELOCATION   SEGMENT NAME
            -----------------------------------------------------

            * * * * * * *   D A T A   M E M O R Y   * * * * * * *
            REG     0000H     0008H     ABSOLUTE     "REG BANK 0"
            DATA    0008H     0002H     UNIT         ?DT?TEST42
            IDATA   000AH     0001H     UNIT         ?STACK

            * * * * * * *   C O D E   M E M O R Y   * * * * * * *
            CODE    0000H     0003H     ABSOLUTE     
            CODE    0003H     0072H     UNIT         ?PR?MAIN?TEST42
            CODE    0075H     0055H     UNIT         ?C?LIB_CODE
            CODE    00CAH     002AH     UNIT         ?PR?LCD1602_INIT?TEST42
            CODE    00F4H     0018H     UNIT         ?PR?_LCD1602_WRITE_ADDRESS?TEST42
            CODE    010CH     0012H     UNIT         ?PR?_DELAY1602?TEST42
            CODE    011EH     0010H     UNIT         ?PR?_LCD1602_WRITE_COM?TEST42
            CODE    012EH     000FH     UNIT         ?PR?_LCD1602_DISP?TEST42
            CODE    013DH     000EH     UNIT         ?PR?LCD1602_BUSY?TEST42
            CODE    014BH     000EH     UNIT         ?PR?_LCD1602_WRITE_DATA_BUSY?TEST42
            CODE    0159H     000CH     UNIT         ?C_C51STARTUP
            CODE    0165H     0006H     UNIT         ?PR?_LCD1602_WRITE_COM_BUSY?TEST42



OVERLAY MAP OF MODULE:   TEST42 (TEST42)


SEGMENT
  +--> CALLED SEGMENT
---------------------
?C_C51STARTUP
  +--> ?PR?MAIN?TEST42

?PR?MAIN?TEST42
  +--> ?PR?LCD1602_INIT?TEST42
  +--> ?PR?_LCD1602_DISP?TEST42

?PR?LCD1602_INIT?TEST42
  +--> ?PR?_LCD1602_WRITE_COM?TEST42
  +--> ?PR?_LCD1602_WRITE_COM_BUSY?TEST42

?PR?_LCD1602_WRITE_COM?TEST42
BL51 BANKED LINKER/LOCATER V5.00                                                      09/19/2012  08:52:23  PAGE 2


  +--> ?PR?_DELAY1602?TEST42

?PR?_LCD1602_WRITE_COM_BUSY?TEST42
  +--> ?PR?LCD1602_BUSY?TEST42
  +--> ?PR?_LCD1602_WRITE_COM?TEST42

?PR?_LCD1602_DISP?TEST42
  +--> ?PR?_LCD1602_WRITE_ADDRESS?TEST42
  +--> ?PR?_LCD1602_WRITE_DATA_BUSY?TEST42

?PR?_LCD1602_WRITE_ADDRESS?TEST42
  +--> ?PR?_LCD1602_WRITE_COM_BUSY?TEST42

?PR?_LCD1602_WRITE_DATA_BUSY?TEST42
  +--> ?PR?LCD1602_BUSY?TEST42



SYMBOL TABLE OF MODULE:  TEST42 (TEST42)

  VALUE           TYPE          NAME
  ----------------------------------

  -------         MODULE        TEST42
  C:0000H         SYMBOL        _ICE_DUMMY_
  D:0080H         PUBLIC        P0
  D:00A0H         PUBLIC        P2
  B:00D0H.6       PUBLIC        AC
  B:00B0H.4       PUBLIC        T0
  B:00B0H.5       PUBLIC        T1
  B:00A8H.7       PUBLIC        EA
  B:0090H.0       PUBLIC        T2
  C:0123H         PUBLIC        _LCD1602_Write_com
  C:014BH         PUBLIC        _LCD1602_Write_data_busy
  B:0080H.0       PUBLIC        P0_0
  B:0090H.0       PUBLIC        P1_0
  B:0080H.1       PUBLIC        P0_1
  B:00D0H.1       PUBLIC        FL
  B:00A0H.0       PUBLIC        P2_0
  B:0090H.1       PUBLIC        P1_1
  B:0080H.2       PUBLIC        P0_2
  B:00B0H.0       PUBLIC        P3_0
  B:00A0H.1       PUBLIC        P2_1
  B:0090H.2       PUBLIC        P1_2
  B:0080H.3       PUBLIC        P0_3
  B:00B0H.1       PUBLIC        P3_1
  B:00A0H.2       PUBLIC        P2_2
  B:0090H.3       PUBLIC        P1_3
  B:0080H.4       PUBLIC        P0_4
  B:00B0H.2       PUBLIC        P3_2
  B:00A0H.3       PUBLIC        P2_3
  B:0090H.4       PUBLIC        P1_4
  B:0080H.5       PUBLIC        P0_5
  B:00C8H.6       PUBLIC        EXF2
  B:00B0H.7       PUBLIC        RD
  B:00B0H.3       PUBLIC        P3_3
  B:00A0H.4       PUBLIC        P2_4
BL51 BANKED LINKER/LOCATER V5.00                                                      09/19/2012  08:52:23  PAGE 3


  B:0090H.5       PUBLIC        P1_5
  B:0080H.6       PUBLIC        P0_6
  B:00B0H.4       PUBLIC        P3_4
  B:00A0H.5       PUBLIC        P2_5
  B:0090H.6       PUBLIC        P1_6
  B:0080H.7       PUBLIC        P0_7
  B:00B0H.5       PUBLIC        P3_5
  B:00A8H.4       PUBLIC        ES
  B:00A0H.6       PUBLIC        P2_6
  B:0090H.7       PUBLIC        P1_7
  B:00B0H.6       PUBLIC        P3_6
  B:00A0H.7       PUBLIC        P2_7
  B:00B0H.7       PUBLIC        P3_7
  B:0098H.0       PUBLIC        RI
  C:010CH         PUBLIC        _Delay1602
  B:00D0H.7       PUBLIC        CY
  B:00B0H.2       PUBLIC        INT0
  B:00B0H.3       PUBLIC        INT1
  B:0098H.1       PUBLIC        TI
  D:0008H         PUBLIC        DISbuf
  B:00B8H.4       PUBLIC        PS
  B:0090H.1       PUBLIC        T2EX
  B:00A0H.5       PUBLIC        RS
  B:00D0H.2       PUBLIC        OV
  C:0003H         PUBLIC        main
  B:00A0H.4       PUBLIC        RW
  B:00C8H.1       PUBLIC        C_T2
  B:00B0H.6       PUBLIC        WR
  B:00C8H.5       PUBLIC        RCLK
  B:00C8H.4       PUBLIC        TCLK
  C:0165H         PUBLIC        _LCD1602_Write_com_busy
  C:00CAH         PUBLIC        LCD1602_init
  C:00F4H         PUBLIC        _LCD1602_Write_address
  B:0088H.1       PUBLIC        IE0
  B:0088H.3       PUBLIC        IE1
  C:013DH         PUBLIC        LCD1602_busy
  B:00A0H.3       PUBLIC        E
  B:00C8H.0       PUBLIC        CP_RL2
  B:00A8H.1       PUBLIC        ET0
  B:00A8H.3       PUBLIC        ET1
  B:0088H.5       PUBLIC        TF0
  B:00A8H.5       PUBLIC        ET2
  B:0088H.7       PUBLIC        TF1
  B:00C8H.7       PUBLIC        TF2
  B:0098H.2       PUBLIC        RB8
  B:00A8H.0       PUBLIC        EX0
  B:0088H.0       PUBLIC        IT0
  B:00A8H.2       PUBLIC        EX1
  B:0098H.3       PUBLIC        TB8
  B:0088H.2       PUBLIC        IT1
  B:00D0H.0       PUBLIC        P
  B:0098H.7       PUBLIC        SM0
  B:0098H.6       PUBLIC        SM1
  B:0098H.5       PUBLIC        SM2
  B:00B8H.1       PUBLIC        PT0
  B:00D0H.3       PUBLIC        RS0
  B:00B8H.3       PUBLIC        PT1
BL51 BANKED LINKER/LOCATER V5.00                                                      09/19/2012  08:52:23  PAGE 4


  B:00D0H.4       PUBLIC        RS1
  B:00B8H.5       PUBLIC        PT2
  B:0088H.4       PUBLIC        TR0
  B:0088H.6       PUBLIC        TR1
  B:00C8H.2       PUBLIC        TR2
  B:00B8H.0       PUBLIC        PX0
  B:00B8H.2       PUBLIC        PX1
  B:00C8H.3       PUBLIC        EXEN2
  B:0098H.4       PUBLIC        REN
  B:00B0H.0       PUBLIC        RXD
  C:0133H         PUBLIC        _LCD1602_Disp
  B:00B0H.1       PUBLIC        TXD
  B:00D0H.5       PUBLIC        F0
  -------         PROC          _DELAY1602
  D:0006H         SYMBOL        t
  -------         DO            
  D:0004H         SYMBOL        k
  -------         ENDDO         
  C:010CH         LINE#         30
  C:010CH         LINE#         31
  C:010CH         LINE#         33
  C:011DH         LINE#         34
  -------         ENDPROC       _DELAY1602
  -------         PROC          LCD1602_BUSY
  C:013DH         LINE#         43
  C:013DH         LINE#         44
  C:013DH         LINE#         45
  C:013FH         LINE#         46
  C:0141H         LINE#         47
  C:0143H         LINE#         48
  C:0145H         LINE#         49
  C:0148H         LINE#         50
  C:014AH         LINE#         51
  -------         ENDPROC       LCD1602_BUSY
  C:011EH         SYMBOL        L?0022
  -------         PROC          L?0021
  -------         ENDPROC       L?0021
  C:011EH         SYMBOL        L?0022
  -------         PROC          _LCD1602_WRITE_COM
  D:0007H         SYMBOL        combuf
  C:0123H         LINE#         60
  C:0123H         LINE#         61
  C:0123H         LINE#         62
  C:0125H         LINE#         63
  C:0127H         LINE#         64
  C:0129H         LINE#         65
  C:012BH         LINE#         66
  C:012DH         LINE#         67
  -------         ENDPROC       _LCD1602_WRITE_COM
  -------         PROC          _LCD1602_WRITE_COM_BUSY
  D:0007H         SYMBOL        combuf
  C:0165H         LINE#         76
  C:0165H         LINE#         77
  C:0165H         LINE#         78
  C:0168H         LINE#         79
  -------         ENDPROC       _LCD1602_WRITE_COM_BUSY
  -------         PROC          _LCD1602_WRITE_DATA_BUSY
BL51 BANKED LINKER/LOCATER V5.00                                                      09/19/2012  08:52:23  PAGE 5


  D:0007H         SYMBOL        databuf
  C:014BH         LINE#         89
  C:014BH         LINE#         90
  C:014BH         LINE#         91
  C:014EH         LINE#         92
  C:0150H         LINE#         93
  C:0152H         LINE#         94
  C:0154H         LINE#         95
  C:0156H         LINE#         96
  C:0158H         LINE#         97
  -------         ENDPROC       _LCD1602_WRITE_DATA_BUSY
  -------         PROC          _LCD1602_WRITE_ADDRESS
  D:0006H         SYMBOL        x
  D:0005H         SYMBOL        y
  C:00F4H         LINE#         106
  C:00F6H         LINE#         107
  C:00F6H         LINE#         108
  C:00F9H         LINE#         109
  C:00FCH         LINE#         110
  C:00FFH         LINE#         111
  C:0102H         LINE#         113
  C:010BH         LINE#         114
  -------         ENDPROC       _LCD1602_WRITE_ADDRESS
  -------         PROC          LCD1602_INIT
  C:00CAH         LINE#         123
  C:00CAH         LINE#         124
  C:00CAH         LINE#         125
  C:00CEH         LINE#         126
  C:00D1H         LINE#         127
  C:00D5H         LINE#         128
  C:00D8H         LINE#         129
  C:00DAH         LINE#         130
  C:00DDH         LINE#         131
  C:00E0H         LINE#         132
  C:00E5H         LINE#         133
  C:00EAH         LINE#         134
  C:00EFH         LINE#         135
  -------         ENDPROC       LCD1602_INIT
  -------         PROC          L?0023
  -------         ENDPROC       L?0023
  -------         PROC          _LCD1602_DISP
  D:0006H         SYMBOL        x
  D:0005H         SYMBOL        y
  D:0004H         SYMBOL        buf
  C:0133H         LINE#         145
  C:0135H         LINE#         146
  C:0135H         LINE#         147
  C:0138H         LINE#         148
  -------         ENDPROC       _LCD1602_DISP
  -------         PROC          MAIN
  C:0003H         LINE#         158
  C:0003H         LINE#         159
  C:0003H         LINE#         161
  C:0006H         LINE#         163
  C:0006H         LINE#         164
  C:0006H         LINE#         167
  C:000CH         LINE#         171
BL51 BANKED LINKER/LOCATER V5.00                                                      09/19/2012  08:52:23  PAGE 6


  C:0021H         LINE#         172
  C:003FH         LINE#         173
  C:005DH         LINE#         174
  C:0073H         LINE#         177
  -------         ENDPROC       MAIN
  -------         ENDMOD        TEST42

  -------         MODULE        ?C?UIDIV
  C:0075H         PUBLIC        ?C?UIDIV
  -------         ENDMOD        ?C?UIDIV

Program Size: data=11.0 xdata=0 code=363
LINK/LOCATE RUN COMPLETE.  0 WARNING(S),  0 ERROR(S)
