BL51 BANKED LINKER/LOCATER V5.00                                                        07/14/2013  22:37:23  PAGE 1


BL51 BANKED LINKER/LOCATER V5.00, INVOKED BY:
C:\KEIL\C51\BIN\BL51.EXE TEST04.obj TO TEST04 RAMSIZE (256)


MEMORY MODEL: SMALL


INPUT MODULES INCLUDED:
  TEST04.obj (TEST04)
  C:\KEIL\C51\LIB\C51S.LIB (?C_STARTUP)


LINK MAP OF MODULE:  TEST04 (TEST04)


            TYPE    BASE      LENGTH    RELOCATION   SEGMENT NAME
            -----------------------------------------------------

            * * * * * * *   D A T A   M E M O R Y   * * * * * * *
            REG     0000H     0008H     ABSOLUTE     "REG BANK 0"
            IDATA   0008H     0001H     UNIT         ?STACK

            * * * * * * *   C O D E   M E M O R Y   * * * * * * *
            CODE    0000H     0003H     ABSOLUTE     
            CODE    0003H     0022H     UNIT         ?PR?MAIN?TEST04
            CODE    0025H     000CH     UNIT         ?C_C51STARTUP



OVERLAY MAP OF MODULE:   TEST04 (TEST04)


SEGMENT
  +--> CALLED SEGMENT
---------------------
?C_C51STARTUP
  +--> ?PR?MAIN?TEST04



SYMBOL TABLE OF MODULE:  TEST04 (TEST04)

  VALUE           TYPE          NAME
  ----------------------------------

  -------         MODULE        TEST04
  C:0000H         SYMBOL        _ICE_DUMMY_
  D:0080H         PUBLIC        P0
  B:00D0H.6       PUBLIC        AC
  B:00B0H.4       PUBLIC        T0
  B:00B0H.5       PUBLIC        T1
  B:00A8H.7       PUBLIC        EA
  B:0090H.0       PUBLIC        T2
  B:0080H.0       PUBLIC        P0_0
  B:0090H.0       PUBLIC        P1_0
  B:0080H.1       PUBLIC        P0_1
  B:00D0H.1       PUBLIC        FL
  B:00A0H.0       PUBLIC        P2_0
BL51 BANKED LINKER/LOCATER V5.00                                                      07/14/2013  22:37:23  PAGE 2


  B:0090H.1       PUBLIC        P1_1
  B:0080H.2       PUBLIC        P0_2
  B:00B0H.0       PUBLIC        P3_0
  B:00A0H.1       PUBLIC        P2_1
  B:0090H.2       PUBLIC        P1_2
  B:0080H.3       PUBLIC        P0_3
  B:00B0H.1       PUBLIC        P3_1
  B:00A0H.2       PUBLIC        P2_2
  B:0090H.3       PUBLIC        P1_3
  B:0080H.4       PUBLIC        P0_4
  B:00B0H.2       PUBLIC        P3_2
  B:00A0H.3       PUBLIC        P2_3
  B:0090H.4       PUBLIC        P1_4
  B:0080H.5       PUBLIC        P0_5
  B:00C8H.6       PUBLIC        EXF2
  B:00B0H.7       PUBLIC        RD
  B:00B0H.3       PUBLIC        P3_3
  B:00A0H.4       PUBLIC        P2_4
  B:0090H.5       PUBLIC        P1_5
  B:0080H.6       PUBLIC        P0_6
  B:00B0H.4       PUBLIC        P3_4
  B:00A0H.5       PUBLIC        P2_5
  B:0090H.6       PUBLIC        P1_6
  B:0080H.7       PUBLIC        P0_7
  B:00B0H.5       PUBLIC        P3_5
  B:00A8H.4       PUBLIC        ES
  B:00A0H.6       PUBLIC        P2_6
  B:0090H.7       PUBLIC        P1_7
  B:00B0H.6       PUBLIC        P3_6
  B:00A0H.7       PUBLIC        P2_7
  B:00B0H.7       PUBLIC        P3_7
  B:0098H.0       PUBLIC        RI
  B:00D0H.7       PUBLIC        CY
  B:00B0H.2       PUBLIC        INT0
  B:00B0H.3       PUBLIC        INT1
  B:0098H.1       PUBLIC        TI
  B:00B8H.4       PUBLIC        PS
  B:0090H.1       PUBLIC        T2EX
  B:00D0H.2       PUBLIC        OV
  C:0003H         PUBLIC        main
  B:00C8H.1       PUBLIC        C_T2
  B:00B0H.6       PUBLIC        WR
  B:00C8H.5       PUBLIC        RCLK
  B:00C8H.4       PUBLIC        TCLK
  B:0088H.1       PUBLIC        IE0
  B:0088H.3       PUBLIC        IE1
  B:00C8H.0       PUBLIC        CP_RL2
  B:00A8H.1       PUBLIC        ET0
  B:00A8H.3       PUBLIC        ET1
  B:0088H.5       PUBLIC        TF0
  B:00A8H.5       PUBLIC        ET2
  B:0088H.7       PUBLIC        TF1
  B:00C8H.7       PUBLIC        TF2
  B:0098H.2       PUBLIC        RB8
  B:00A8H.0       PUBLIC        EX0
  B:0088H.0       PUBLIC        IT0
  B:00A8H.2       PUBLIC        EX1
BL51 BANKED LINKER/LOCATER V5.00                                                      07/14/2013  22:37:23  PAGE 3


  B:0098H.3       PUBLIC        TB8
  B:0088H.2       PUBLIC        IT1
  B:00D0H.0       PUBLIC        P
  B:0098H.7       PUBLIC        SM0
  B:0098H.6       PUBLIC        SM1
  B:0098H.5       PUBLIC        SM2
  B:00B8H.1       PUBLIC        PT0
  B:00D0H.3       PUBLIC        RS0
  B:00B8H.3       PUBLIC        PT1
  B:00D0H.4       PUBLIC        RS1
  B:00B8H.5       PUBLIC        PT2
  B:0088H.4       PUBLIC        TR0
  B:0088H.6       PUBLIC        TR1
  B:00C8H.2       PUBLIC        TR2
  B:00B8H.0       PUBLIC        PX0
  B:00B8H.2       PUBLIC        PX1
  B:00C8H.3       PUBLIC        EXEN2
  B:0098H.4       PUBLIC        REN
  B:00B0H.0       PUBLIC        RXD
  B:00B0H.1       PUBLIC        TXD
  B:00D0H.5       PUBLIC        F0
  -------         PROC          MAIN
  -------         DO            
  D:0006H         SYMBOL        a
  -------         ENDDO         
  C:0003H         LINE#         19
  C:0003H         LINE#         20
  C:0003H         LINE#         23
  C:0006H         LINE#         24
  C:0006H         LINE#         25
  C:0006H         LINE#         26
  C:0014H         LINE#         27
  C:0018H         LINE#         28
  C:001DH         LINE#         30
  C:0023H         LINE#         31
  -------         ENDPROC       MAIN
  -------         ENDMOD        TEST04

Program Size: data=9.0 xdata=0 code=49
LINK/LOCATE RUN COMPLETE.  0 WARNING(S),  0 ERROR(S)
