BL51 BANKED LINKER/LOCATER V5.00                                                        09/19/2012  10:25:36  PAGE 1


BL51 BANKED LINKER/LOCATER V5.00, INVOKED BY:
C:\KEIL\C51\BIN\BL51.EXE TEST44.obj TO TEST44 RAMSIZE (256)


MEMORY MODEL: SMALL


INPUT MODULES INCLUDED:
  TEST44.obj (TEST44)
  C:\KEIL\C51\LIB\C51S.LIB (?C_STARTUP)


LINK MAP OF MODULE:  TEST44 (TEST44)


            TYPE    BASE      LENGTH    RELOCATION   SEGMENT NAME
            -----------------------------------------------------

            * * * * * * *   D A T A   M E M O R Y   * * * * * * *
            REG     0000H     0008H     ABSOLUTE     "REG BANK 0"
            DATA    0008H     0002H     UNIT         ?DT?TEST44
            IDATA   000AH     0001H     UNIT         ?STACK

            * * * * * * *   C O D E   M E M O R Y   * * * * * * *
            CODE    0000H     0003H     ABSOLUTE     
            CODE    0003H     007DH     UNIT         ?PR?MAIN?TEST44
            CODE    0080H     002AH     UNIT         ?PR?LCD1602_INIT?TEST44
            CODE    00AAH     0018H     UNIT         ?PR?_LCD1602_WRITE_ADDRESS?TEST44
            CODE    00C2H     0012H     UNIT         ?PR?_DELAY1602?TEST44
            CODE    00D4H     0010H     UNIT         ?PR?_LCD1602_WRITE_COM?TEST44
            CODE    00E4H     000EH     UNIT         ?PR?LCD1602_BUSY?TEST44
            CODE    00F2H     000EH     UNIT         ?PR?_LCD1602_WRITE_DATA_BUSY?TEST44
            CODE    0100H     000CH     UNIT         ?C_C51STARTUP
            CODE    010CH     000AH     UNIT         ?PR?_LCD1602_DISP?TEST44
            CODE    0116H     0006H     UNIT         ?PR?_LCD1602_WRITE_COM_BUSY?TEST44



OVERLAY MAP OF MODULE:   TEST44 (TEST44)


SEGMENT
  +--> CALLED SEGMENT
---------------------
?C_C51STARTUP
  +--> ?PR?MAIN?TEST44

?PR?MAIN?TEST44
  +--> ?PR?LCD1602_INIT?TEST44
  +--> ?PR?_LCD1602_DISP?TEST44

?PR?LCD1602_INIT?TEST44
  +--> ?PR?_LCD1602_WRITE_COM?TEST44
  +--> ?PR?_LCD1602_WRITE_COM_BUSY?TEST44

?PR?_LCD1602_WRITE_COM?TEST44
  +--> ?PR?_DELAY1602?TEST44

BL51 BANKED LINKER/LOCATER V5.00                                                      09/19/2012  10:25:36  PAGE 2


?PR?_LCD1602_WRITE_COM_BUSY?TEST44
  +--> ?PR?LCD1602_BUSY?TEST44
  +--> ?PR?_LCD1602_WRITE_COM?TEST44

?PR?_LCD1602_DISP?TEST44
  +--> ?PR?_LCD1602_WRITE_ADDRESS?TEST44
  +--> ?PR?_LCD1602_WRITE_DATA_BUSY?TEST44

?PR?_LCD1602_WRITE_ADDRESS?TEST44
  +--> ?PR?_LCD1602_WRITE_COM_BUSY?TEST44

?PR?_LCD1602_WRITE_DATA_BUSY?TEST44
  +--> ?PR?LCD1602_BUSY?TEST44



SYMBOL TABLE OF MODULE:  TEST44 (TEST44)

  VALUE           TYPE          NAME
  ----------------------------------

  -------         MODULE        TEST44
  C:0000H         SYMBOL        _ICE_DUMMY_
  D:0080H         PUBLIC        P0
  D:0090H         PUBLIC        P1
  D:00A0H         PUBLIC        P2
  B:00D0H.6       PUBLIC        AC
  B:00B0H.4       PUBLIC        T0
  B:00B0H.5       PUBLIC        T1
  B:00A8H.7       PUBLIC        EA
  B:0090H.0       PUBLIC        T2
  C:00D9H         PUBLIC        _LCD1602_Write_com
  C:00F2H         PUBLIC        _LCD1602_Write_data_busy
  B:0080H.0       PUBLIC        P0_0
  B:0090H.0       PUBLIC        P1_0
  B:0080H.1       PUBLIC        P0_1
  B:00D0H.1       PUBLIC        FL
  B:00A0H.0       PUBLIC        P2_0
  B:0090H.1       PUBLIC        P1_1
  B:0080H.2       PUBLIC        P0_2
  B:00B0H.0       PUBLIC        P3_0
  B:00A0H.1       PUBLIC        P2_1
  B:0090H.2       PUBLIC        P1_2
  B:0080H.3       PUBLIC        P0_3
  B:00B0H.1       PUBLIC        P3_1
  B:00A0H.2       PUBLIC        P2_2
  B:0090H.3       PUBLIC        P1_3
  B:0080H.4       PUBLIC        P0_4
  B:00B0H.2       PUBLIC        P3_2
  B:00A0H.3       PUBLIC        P2_3
  B:0090H.4       PUBLIC        P1_4
  B:0080H.5       PUBLIC        P0_5
  B:00C8H.6       PUBLIC        EXF2
  B:00B0H.7       PUBLIC        RD
  B:00B0H.3       PUBLIC        P3_3
  B:00A0H.4       PUBLIC        P2_4
  B:0090H.5       PUBLIC        P1_5
BL51 BANKED LINKER/LOCATER V5.00                                                      09/19/2012  10:25:36  PAGE 3


  B:0080H.6       PUBLIC        P0_6
  B:00B0H.4       PUBLIC        P3_4
  B:00A0H.5       PUBLIC        P2_5
  B:0090H.6       PUBLIC        P1_6
  B:0080H.7       PUBLIC        P0_7
  B:00B0H.5       PUBLIC        P3_5
  B:00A8H.4       PUBLIC        ES
  B:00A0H.6       PUBLIC        P2_6
  B:0090H.7       PUBLIC        P1_7
  B:00B0H.6       PUBLIC        P3_6
  B:00A0H.7       PUBLIC        P2_7
  B:00B0H.7       PUBLIC        P3_7
  B:0098H.0       PUBLIC        RI
  C:00C2H         PUBLIC        _Delay1602
  B:00D0H.7       PUBLIC        CY
  B:00B0H.2       PUBLIC        INT0
  B:00B0H.3       PUBLIC        INT1
  B:0098H.1       PUBLIC        TI
  D:0008H         PUBLIC        DISbuf
  B:00B8H.4       PUBLIC        PS
  B:0090H.1       PUBLIC        T2EX
  B:00A0H.5       PUBLIC        RS
  B:00D0H.2       PUBLIC        OV
  C:0003H         PUBLIC        main
  D:0009H         PUBLIC        KEYbuf
  B:00A0H.4       PUBLIC        RW
  B:00C8H.1       PUBLIC        C_T2
  B:00B0H.6       PUBLIC        WR
  B:00C8H.5       PUBLIC        RCLK
  B:00C8H.4       PUBLIC        TCLK
  C:0116H         PUBLIC        _LCD1602_Write_com_busy
  C:0080H         PUBLIC        LCD1602_init
  C:00AAH         PUBLIC        _LCD1602_Write_address
  B:0088H.1       PUBLIC        IE0
  B:0088H.3       PUBLIC        IE1
  C:00E4H         PUBLIC        LCD1602_busy
  B:00A0H.3       PUBLIC        E
  B:00C8H.0       PUBLIC        CP_RL2
  B:00A8H.1       PUBLIC        ET0
  B:00A8H.3       PUBLIC        ET1
  B:0088H.5       PUBLIC        TF0
  B:00A8H.5       PUBLIC        ET2
  B:0088H.7       PUBLIC        TF1
  B:0090H.0       PUBLIC        P1key
  B:00C8H.7       PUBLIC        TF2
  B:0098H.2       PUBLIC        RB8
  B:0090H.1       PUBLIC        P2key
  B:00A8H.0       PUBLIC        EX0
  B:0088H.0       PUBLIC        IT0
  B:0090H.2       PUBLIC        P3key
  B:00A8H.2       PUBLIC        EX1
  B:0098H.3       PUBLIC        TB8
  B:0088H.2       PUBLIC        IT1
  B:0090H.3       PUBLIC        P4key
  B:00D0H.0       PUBLIC        P
  B:0090H.4       PUBLIC        P5key
  B:0098H.7       PUBLIC        SM0
BL51 BANKED LINKER/LOCATER V5.00                                                      09/19/2012  10:25:36  PAGE 4


  B:0090H.5       PUBLIC        P6key
  B:0098H.6       PUBLIC        SM1
  B:0090H.6       PUBLIC        P7key
  B:0098H.5       PUBLIC        SM2
  B:0090H.7       PUBLIC        P8key
  B:00B8H.1       PUBLIC        PT0
  B:00D0H.3       PUBLIC        RS0
  B:00B8H.3       PUBLIC        PT1
  B:00D0H.4       PUBLIC        RS1
  B:00B8H.5       PUBLIC        PT2
  B:0088H.4       PUBLIC        TR0
  B:0088H.6       PUBLIC        TR1
  B:00C8H.2       PUBLIC        TR2
  B:00B8H.0       PUBLIC        PX0
  B:00B8H.2       PUBLIC        PX1
  B:00C8H.3       PUBLIC        EXEN2
  B:0098H.4       PUBLIC        REN
  B:00B0H.0       PUBLIC        RXD
  C:010CH         PUBLIC        _LCD1602_Disp
  B:00B0H.1       PUBLIC        TXD
  B:00D0H.5       PUBLIC        F0
  -------         PROC          _DELAY1602
  D:0006H         SYMBOL        t
  -------         DO            
  D:0004H         SYMBOL        k
  -------         ENDDO         
  C:00C2H         LINE#         47
  C:00C2H         LINE#         48
  C:00C2H         LINE#         50
  C:00D3H         LINE#         51
  -------         ENDPROC       _DELAY1602
  -------         PROC          LCD1602_BUSY
  C:00E4H         LINE#         60
  C:00E4H         LINE#         61
  C:00E4H         LINE#         62
  C:00E6H         LINE#         63
  C:00E8H         LINE#         64
  C:00EAH         LINE#         65
  C:00ECH         LINE#         66
  C:00EFH         LINE#         67
  C:00F1H         LINE#         68
  -------         ENDPROC       LCD1602_BUSY
  C:00D4H         SYMBOL        L?0037
  -------         PROC          L?0036
  -------         ENDPROC       L?0036
  C:00D4H         SYMBOL        L?0037
  -------         PROC          _LCD1602_WRITE_COM
  D:0007H         SYMBOL        combuf
  C:00D9H         LINE#         77
  C:00D9H         LINE#         78
  C:00D9H         LINE#         79
  C:00DBH         LINE#         80
  C:00DDH         LINE#         81
  C:00DFH         LINE#         82
  C:00E1H         LINE#         83
  C:00E3H         LINE#         84
  -------         ENDPROC       _LCD1602_WRITE_COM
BL51 BANKED LINKER/LOCATER V5.00                                                      09/19/2012  10:25:36  PAGE 5


  -------         PROC          _LCD1602_WRITE_COM_BUSY
  D:0007H         SYMBOL        combuf
  C:0116H         LINE#         93
  C:0116H         LINE#         94
  C:0116H         LINE#         95
  C:0119H         LINE#         96
  -------         ENDPROC       _LCD1602_WRITE_COM_BUSY
  -------         PROC          _LCD1602_WRITE_DATA_BUSY
  D:0007H         SYMBOL        databuf
  C:00F2H         LINE#         106
  C:00F2H         LINE#         107
  C:00F2H         LINE#         108
  C:00F5H         LINE#         109
  C:00F7H         LINE#         110
  C:00F9H         LINE#         111
  C:00FBH         LINE#         112
  C:00FDH         LINE#         113
  C:00FFH         LINE#         114
  -------         ENDPROC       _LCD1602_WRITE_DATA_BUSY
  -------         PROC          _LCD1602_WRITE_ADDRESS
  D:0006H         SYMBOL        x
  D:0005H         SYMBOL        y
  C:00AAH         LINE#         123
  C:00ACH         LINE#         124
  C:00ACH         LINE#         125
  C:00AFH         LINE#         126
  C:00B2H         LINE#         127
  C:00B5H         LINE#         128
  C:00B8H         LINE#         130
  C:00C1H         LINE#         131
  -------         ENDPROC       _LCD1602_WRITE_ADDRESS
  -------         PROC          LCD1602_INIT
  C:0080H         LINE#         140
  C:0080H         LINE#         141
  C:0080H         LINE#         142
  C:0084H         LINE#         143
  C:0087H         LINE#         144
  C:008BH         LINE#         145
  C:008EH         LINE#         146
  C:0090H         LINE#         147
  C:0093H         LINE#         148
  C:0096H         LINE#         149
  C:009BH         LINE#         150
  C:00A0H         LINE#         151
  C:00A5H         LINE#         152
  -------         ENDPROC       LCD1602_INIT
  -------         PROC          _LCD1602_DISP
  D:0006H         SYMBOL        x
  D:0005H         SYMBOL        y
  D:0004H         SYMBOL        buf
  C:010CH         LINE#         162
  C:010EH         LINE#         163
  C:010EH         LINE#         164
  C:0111H         LINE#         165
  -------         ENDPROC       _LCD1602_DISP
  -------         PROC          MAIN
  C:0003H         LINE#         175
BL51 BANKED LINKER/LOCATER V5.00                                                      09/19/2012  10:25:36  PAGE 6


  C:0003H         LINE#         176
  C:0003H         LINE#         178
  C:0006H         LINE#         180
  C:0006H         LINE#         181
  C:0006H         LINE#         184
  C:000EH         LINE#         185
  C:0016H         LINE#         186
  C:001EH         LINE#         187
  C:0026H         LINE#         188
  C:002EH         LINE#         189
  C:0036H         LINE#         190
  C:003EH         LINE#         191
  C:0044H         LINE#         196
  C:0047H         LINE#         200
  C:0056H         LINE#         201
  C:006CH         LINE#         202
  C:007EH         LINE#         205
  -------         ENDPROC       MAIN
  -------         ENDMOD        TEST44

Program Size: data=11.0 xdata=0 code=284
LINK/LOCATE RUN COMPLETE.  0 WARNING(S),  0 ERROR(S)
