BL51 BANKED LINKER/LOCATER V5.00                                                        05/26/2014  10:23:36  PAGE 1


BL51 BANKED LINKER/LOCATER V5.00, INVOKED BY:
C:\KEIL\C51\BIN\BL51.EXE TEST63.obj TO TEST63 RAMSIZE (256)


MEMORY MODEL: SMALL


INPUT MODULES INCLUDED:
  TEST63.obj (TEST63)
  C:\KEIL\C51\LIB\C51S.LIB (?C_STARTUP)


LINK MAP OF MODULE:  TEST63 (TEST63)


            TYPE    BASE      LENGTH    RELOCATION   SEGMENT NAME
            -----------------------------------------------------

            * * * * * * *   D A T A   M E M O R Y   * * * * * * *
            REG     0000H     0008H     ABSOLUTE     "REG BANK 0"
            DATA    0008H     0002H     UNIT         ?DT?TEST63
            IDATA   000AH     0001H     UNIT         ?STACK

            * * * * * * *   C O D E   M E M O R Y   * * * * * * *
            CODE    0000H     0003H     ABSOLUTE     
            CODE    0003H     0180H     UNIT         ?PR?MAIN?TEST63
            CODE    0183H     002AH     UNIT         ?PR?LCD1602_INIT?TEST63
            CODE    01ADH     0026H     UNIT         ?PR?_WRITE1BYTE?TEST63
            CODE    01D3H     0021H     UNIT         ?PR?READ1BYTE?TEST63
            CODE    01F4H     0020H     UNIT         ?PR?_READPCF8563?TEST63
            CODE    0214H     0018H     UNIT         ?PR?_LCD1602_WRITE_ADDRESS?TEST63
            CODE    022CH     0017H     UNIT         ?PR?_WRITEPCF8563?TEST63
            CODE    0243H     0012H     UNIT         ?PR?_DELAY1602?TEST63
            CODE    0255H     0010H     UNIT         ?PR?_LCD1602_WRITE_COM?TEST63
            CODE    0265H     000EH     UNIT         ?PR?LCD1602_BUSY?TEST63
            CODE    0273H     000EH     UNIT         ?PR?_LCD1602_WRITE_DATA_BUSY?TEST63
            CODE    0281H     000DH     UNIT         ?PR?IICSTART?TEST63
            CODE    028EH     000DH     UNIT         ?PR?IICSTOP?TEST63
            CODE    029BH     000DH     UNIT         ?PR?_LCD1602_DISP?TEST63
            CODE    02A8H     000CH     UNIT         ?C_C51STARTUP
            CODE    02B4H     0006H     UNIT         ?PR?_LCD1602_WRITE_COM_BUSY?TEST63



OVERLAY MAP OF MODULE:   TEST63 (TEST63)


SEGMENT
  +--> CALLED SEGMENT
---------------------
?C_C51STARTUP
  +--> ?PR?MAIN?TEST63

?PR?MAIN?TEST63
  +--> ?PR?LCD1602_INIT?TEST63
  +--> ?PR?_WRITEPCF8563?TEST63
  +--> ?PR?_READPCF8563?TEST63
  +--> ?PR?_LCD1602_DISP?TEST63
BL51 BANKED LINKER/LOCATER V5.00                                                      05/26/2014  10:23:36  PAGE 2



?PR?LCD1602_INIT?TEST63
  +--> ?PR?_LCD1602_WRITE_COM?TEST63
  +--> ?PR?_LCD1602_WRITE_COM_BUSY?TEST63

?PR?_LCD1602_WRITE_COM?TEST63
  +--> ?PR?_DELAY1602?TEST63

?PR?_LCD1602_WRITE_COM_BUSY?TEST63
  +--> ?PR?LCD1602_BUSY?TEST63
  +--> ?PR?_LCD1602_WRITE_COM?TEST63

?PR?_WRITEPCF8563?TEST63
  +--> ?PR?IICSTART?TEST63
  +--> ?PR?_WRITE1BYTE?TEST63
  +--> ?PR?IICSTOP?TEST63

?PR?_READPCF8563?TEST63
  +--> ?PR?IICSTART?TEST63
  +--> ?PR?_WRITE1BYTE?TEST63
  +--> ?PR?READ1BYTE?TEST63
  +--> ?PR?IICSTOP?TEST63

?PR?_LCD1602_DISP?TEST63
  +--> ?PR?_LCD1602_WRITE_ADDRESS?TEST63
  +--> ?PR?_LCD1602_WRITE_DATA_BUSY?TEST63

?PR?_LCD1602_WRITE_ADDRESS?TEST63
  +--> ?PR?_LCD1602_WRITE_COM_BUSY?TEST63

?PR?_LCD1602_WRITE_DATA_BUSY?TEST63
  +--> ?PR?LCD1602_BUSY?TEST63



SYMBOL TABLE OF MODULE:  TEST63 (TEST63)

  VALUE           TYPE          NAME
  ----------------------------------

  -------         MODULE        TEST63
  C:0000H         SYMBOL        _ICE_DUMMY_
  D:0080H         PUBLIC        P0
  D:0090H         PUBLIC        P1
  D:00A0H         PUBLIC        P2
  B:00D0H.6       PUBLIC        AC
  B:00B0H.4       PUBLIC        T0
  B:00B0H.5       PUBLIC        T1
  B:00A8H.7       PUBLIC        EA
  B:0090H.0       PUBLIC        T2
  C:0281H         PUBLIC        IICstart
  C:025AH         PUBLIC        _LCD1602_Write_com
  C:0273H         PUBLIC        _LCD1602_Write_data_busy
  C:01F4H         PUBLIC        _ReadPCF8563
  B:0080H.0       PUBLIC        P0_0
  B:0090H.0       PUBLIC        P1_0
  B:0080H.1       PUBLIC        P0_1
BL51 BANKED LINKER/LOCATER V5.00                                                      05/26/2014  10:23:36  PAGE 3


  B:00D0H.1       PUBLIC        FL
  B:00A0H.0       PUBLIC        P2_0
  B:0090H.1       PUBLIC        P1_1
  B:0080H.2       PUBLIC        P0_2
  B:00B0H.0       PUBLIC        P3_0
  B:00A0H.1       PUBLIC        P2_1
  B:0090H.2       PUBLIC        P1_2
  B:0080H.3       PUBLIC        P0_3
  B:00B0H.1       PUBLIC        P3_1
  B:00A0H.2       PUBLIC        P2_2
  B:0090H.3       PUBLIC        P1_3
  B:0080H.4       PUBLIC        P0_4
  B:00B0H.2       PUBLIC        P3_2
  B:00A0H.3       PUBLIC        P2_3
  B:0090H.4       PUBLIC        P1_4
  B:0080H.5       PUBLIC        P0_5
  B:00C8H.6       PUBLIC        EXF2
  B:00B0H.7       PUBLIC        RD
  B:00B0H.3       PUBLIC        P3_3
  B:00A0H.4       PUBLIC        P2_4
  B:0090H.5       PUBLIC        P1_5
  B:0080H.6       PUBLIC        P0_6
  B:00B0H.4       PUBLIC        P3_4
  B:00A0H.5       PUBLIC        P2_5
  B:0090H.6       PUBLIC        P1_6
  B:0080H.7       PUBLIC        P0_7
  B:00B0H.5       PUBLIC        P3_5
  B:00A8H.4       PUBLIC        ES
  B:00A0H.6       PUBLIC        P2_6
  B:0090H.7       PUBLIC        P1_7
  B:00B0H.6       PUBLIC        P3_6
  B:00A0H.7       PUBLIC        P2_7
  B:00B0H.7       PUBLIC        P3_7
  B:0098H.0       PUBLIC        RI
  C:0243H         PUBLIC        _Delay1602
  B:00D0H.7       PUBLIC        CY
  B:00B0H.2       PUBLIC        INT0
  B:00B0H.3       PUBLIC        INT1
  B:0098H.1       PUBLIC        TI
  C:028EH         PUBLIC        IICstop
  C:022CH         PUBLIC        _WritePCF8563
  D:0008H         PUBLIC        DISbuf
  B:00B8H.4       PUBLIC        PS
  B:0090H.1       PUBLIC        T2EX
  B:00A0H.5       PUBLIC        RS
  B:00D0H.2       PUBLIC        OV
  C:0003H         PUBLIC        main
  B:00A0H.4       PUBLIC        RW
  B:00C8H.1       PUBLIC        C_T2
  B:00B0H.6       PUBLIC        WR
  B:00C8H.5       PUBLIC        RCLK
  B:00C8H.4       PUBLIC        TCLK
  C:02B4H         PUBLIC        _LCD1602_Write_com_busy
  C:0183H         PUBLIC        LCD1602_init
  C:01ADH         PUBLIC        _Write1Byte
  C:0214H         PUBLIC        _LCD1602_Write_address
  B:0088H.1       PUBLIC        IE0
BL51 BANKED LINKER/LOCATER V5.00                                                      05/26/2014  10:23:36  PAGE 4


  B:0088H.3       PUBLIC        IE1
  C:0265H         PUBLIC        LCD1602_busy
  B:00A0H.3       PUBLIC        E
  B:00C8H.0       PUBLIC        CP_RL2
  C:01D3H         PUBLIC        Read1Byte
  B:00A8H.1       PUBLIC        ET0
  B:00A8H.3       PUBLIC        ET1
  B:0088H.5       PUBLIC        TF0
  B:00A8H.5       PUBLIC        ET2
  B:0088H.7       PUBLIC        TF1
  B:00C8H.7       PUBLIC        TF2
  B:0098H.2       PUBLIC        RB8
  B:00A8H.0       PUBLIC        EX0
  B:0088H.0       PUBLIC        IT0
  B:00A8H.2       PUBLIC        EX1
  B:0098H.3       PUBLIC        TB8
  B:0088H.2       PUBLIC        IT1
  B:00D0H.0       PUBLIC        P
  B:0098H.7       PUBLIC        SM0
  B:0098H.6       PUBLIC        SM1
  B:0098H.5       PUBLIC        SM2
  B:00B8H.1       PUBLIC        PT0
  B:00D0H.3       PUBLIC        RS0
  B:00B8H.3       PUBLIC        PT1
  B:00D0H.4       PUBLIC        RS1
  B:00B8H.5       PUBLIC        PT2
  B:0088H.4       PUBLIC        TR0
  B:0088H.6       PUBLIC        TR1
  B:0090H.0       PUBLIC        SDA
  B:00C8H.2       PUBLIC        TR2
  B:00B8H.0       PUBLIC        PX0
  B:00B8H.2       PUBLIC        PX1
  B:0090H.1       PUBLIC        SCL
  B:00C8H.3       PUBLIC        EXEN2
  B:0098H.4       PUBLIC        REN
  D:0009H         PUBLIC        j
  B:00B0H.0       PUBLIC        RXD
  C:029EH         PUBLIC        _LCD1602_Disp
  B:00B0H.1       PUBLIC        TXD
  B:00D0H.5       PUBLIC        F0
  -------         PROC          IICSTART
  C:0281H         LINE#         41
  C:0281H         LINE#         42
  C:0281H         LINE#         43
  C:0283H         LINE#         44
  C:0285H         LINE#         45
  C:0286H         LINE#         46
  C:0287H         LINE#         47
  C:0289H         LINE#         48
  C:028AH         LINE#         49
  C:028BH         LINE#         50
  C:028DH         LINE#         51
  -------         ENDPROC       IICSTART
  -------         PROC          IICSTOP
  C:028EH         LINE#         60
  C:028EH         LINE#         61
  C:028EH         LINE#         62
BL51 BANKED LINKER/LOCATER V5.00                                                      05/26/2014  10:23:36  PAGE 5


  C:0290H         LINE#         63
  C:0292H         LINE#         64
  C:0293H         LINE#         65
  C:0294H         LINE#         66
  C:0296H         LINE#         67
  C:0297H         LINE#         68
  C:0298H         LINE#         69
  C:029AH         LINE#         70
  -------         ENDPROC       IICSTOP
  -------         PROC          _WRITE1BYTE
  D:0007H         SYMBOL        Buf1
  -------         DO            
  D:0006H         SYMBOL        k
  -------         ENDDO         
  C:01ADH         LINE#         79
  C:01ADH         LINE#         80
  C:01ADH         LINE#         82
  C:01AFH         LINE#         83
  C:01AFH         LINE#         84
  C:01B3H         LINE#         85
  C:01B3H         LINE#         86
  C:01B5H         LINE#         87
  C:01B7H         LINE#         89
  C:01B7H         LINE#         90
  C:01B9H         LINE#         91
  C:01B9H         LINE#         92
  C:01BAH         LINE#         93
  C:01BBH         LINE#         94
  C:01BDH         LINE#         95
  C:01C1H         LINE#         96
  C:01C2H         LINE#         97
  C:01C4H         LINE#         98
  C:01C5H         LINE#         99
  C:01C9H         LINE#         100
  C:01CBH         LINE#         101
  C:01CCH         LINE#         102
  C:01CEH         LINE#         103
  C:01CFH         LINE#         104
  C:01D0H         LINE#         105
  C:01D2H         LINE#         106
  -------         ENDPROC       _WRITE1BYTE
  -------         PROC          READ1BYTE
  -------         DO            
  D:0006H         SYMBOL        k
  D:0007H         SYMBOL        t
  -------         ENDDO         
  C:01D3H         LINE#         115
  C:01D3H         LINE#         116
  C:01D3H         LINE#         118
  C:01D5H         LINE#         119
  C:01D6H         LINE#         120
  C:01D6H         LINE#         121
  C:01DAH         LINE#         122
  C:01DCH         LINE#         123
  C:01DEH         LINE#         124
  C:01DFH         LINE#         125
  C:01E0H         LINE#         126
BL51 BANKED LINKER/LOCATER V5.00                                                      05/26/2014  10:23:36  PAGE 6


  C:01E3H         LINE#         127
  C:01E3H         LINE#         128
  C:01E6H         LINE#         129
  C:01E8H         LINE#         131
  C:01E8H         LINE#         132
  C:01EBH         LINE#         133
  C:01EBH         LINE#         134
  C:01EDH         LINE#         135
  C:01EEH         LINE#         136
  C:01EFH         LINE#         137
  C:01F3H         LINE#         138
  C:01F3H         LINE#         139
  -------         ENDPROC       READ1BYTE
  -------         PROC          _WRITEPCF8563
  D:0004H         SYMBOL        Address
  D:0005H         SYMBOL        Databuf
  C:022CH         LINE#         148
  C:022EH         LINE#         149
  C:022EH         LINE#         150
  C:0231H         LINE#         152
  C:0236H         LINE#         154
  C:023BH         LINE#         156
  C:0240H         LINE#         158
  -------         ENDPROC       _WRITEPCF8563
  -------         PROC          _READPCF8563
  D:0005H         SYMBOL        Address
  -------         DO            
  D:0007H         SYMBOL        buf
  -------         ENDDO         
  C:01F4H         LINE#         168
  C:01F6H         LINE#         169
  C:01F6H         LINE#         171
  C:01F9H         LINE#         173
  C:01FEH         LINE#         175
  C:0203H         LINE#         177
  C:0206H         LINE#         179
  C:020BH         LINE#         181
  C:020EH         LINE#         183
  C:0211H         LINE#         185
  C:0213H         LINE#         186
  -------         ENDPROC       _READPCF8563
  -------         PROC          _DELAY1602
  D:0006H         SYMBOL        t
  -------         DO            
  D:0004H         SYMBOL        k
  -------         ENDDO         
  C:0243H         LINE#         195
  C:0243H         LINE#         196
  C:0243H         LINE#         198
  C:0254H         LINE#         199
  -------         ENDPROC       _DELAY1602
  -------         PROC          LCD1602_BUSY
  C:0265H         LINE#         208
  C:0265H         LINE#         209
  C:0265H         LINE#         210
  C:0267H         LINE#         211
  C:0269H         LINE#         212
BL51 BANKED LINKER/LOCATER V5.00                                                      05/26/2014  10:23:36  PAGE 7


  C:026BH         LINE#         213
  C:026DH         LINE#         214
  C:0270H         LINE#         215
  C:0272H         LINE#         216
  -------         ENDPROC       LCD1602_BUSY
  C:0255H         SYMBOL        L?0039
  -------         PROC          L?0038
  -------         ENDPROC       L?0038
  C:0255H         SYMBOL        L?0039
  -------         PROC          _LCD1602_WRITE_COM
  D:0007H         SYMBOL        combuf
  C:025AH         LINE#         225
  C:025AH         LINE#         226
  C:025AH         LINE#         227
  C:025CH         LINE#         228
  C:025EH         LINE#         229
  C:0260H         LINE#         230
  C:0262H         LINE#         231
  C:0264H         LINE#         232
  -------         ENDPROC       _LCD1602_WRITE_COM
  -------         PROC          _LCD1602_WRITE_COM_BUSY
  D:0007H         SYMBOL        combuf
  C:02B4H         LINE#         241
  C:02B4H         LINE#         242
  C:02B4H         LINE#         243
  C:02B7H         LINE#         244
  -------         ENDPROC       _LCD1602_WRITE_COM_BUSY
  -------         PROC          _LCD1602_WRITE_DATA_BUSY
  D:0007H         SYMBOL        databuf
  C:0273H         LINE#         254
  C:0273H         LINE#         255
  C:0273H         LINE#         256
  C:0276H         LINE#         257
  C:0278H         LINE#         258
  C:027AH         LINE#         259
  C:027CH         LINE#         260
  C:027EH         LINE#         261
  C:0280H         LINE#         262
  -------         ENDPROC       _LCD1602_WRITE_DATA_BUSY
  -------         PROC          _LCD1602_WRITE_ADDRESS
  D:0006H         SYMBOL        x
  D:0005H         SYMBOL        y
  C:0214H         LINE#         271
  C:0216H         LINE#         272
  C:0216H         LINE#         273
  C:0219H         LINE#         274
  C:021CH         LINE#         275
  C:021FH         LINE#         276
  C:0222H         LINE#         278
  C:022BH         LINE#         279
  -------         ENDPROC       _LCD1602_WRITE_ADDRESS
  -------         PROC          LCD1602_INIT
  C:0183H         LINE#         288
  C:0183H         LINE#         289
  C:0183H         LINE#         290
  C:0187H         LINE#         291
  C:018AH         LINE#         292
BL51 BANKED LINKER/LOCATER V5.00                                                      05/26/2014  10:23:36  PAGE 8


  C:018EH         LINE#         293
  C:0191H         LINE#         294
  C:0193H         LINE#         295
  C:0196H         LINE#         296
  C:0199H         LINE#         297
  C:019EH         LINE#         298
  C:01A3H         LINE#         299
  C:01A8H         LINE#         300
  -------         ENDPROC       LCD1602_INIT
  -------         PROC          L?0037
  -------         ENDPROC       L?0037
  -------         PROC          _LCD1602_DISP
  D:0006H         SYMBOL        x
  D:0005H         SYMBOL        y
  D:0004H         SYMBOL        buf
  C:029EH         LINE#         310
  C:02A0H         LINE#         311
  C:02A0H         LINE#         312
  C:02A3H         LINE#         313
  -------         ENDPROC       _LCD1602_DISP
  -------         PROC          MAIN
  C:0003H         LINE#         323
  C:0003H         LINE#         324
  C:0003H         LINE#         326
  C:0006H         LINE#         329
  C:000CH         LINE#         330
  C:0013H         LINE#         331
  C:001AH         LINE#         332
  C:0021H         LINE#         333
  C:0028H         LINE#         334
  C:002FH         LINE#         335
  C:0036H         LINE#         336
  C:003DH         LINE#         338
  C:003DH         LINE#         339
  C:003DH         LINE#         340
  C:0044H         LINE#         343
  C:004BH         LINE#         344
  C:004EH         LINE#         345
  C:0054H         LINE#         346
  C:005BH         LINE#         347
  C:0061H         LINE#         348
  C:0065H         LINE#         349
  C:006AH         LINE#         351
  C:0073H         LINE#         352
  C:007AH         LINE#         354
  C:0081H         LINE#         355
  C:0084H         LINE#         356
  C:008AH         LINE#         357
  C:008FH         LINE#         358
  C:0095H         LINE#         359
  C:0099H         LINE#         360
  C:00A1H         LINE#         362
  C:00AAH         LINE#         363
  C:00B1H         LINE#         365
  C:00B8H         LINE#         366
  C:00BBH         LINE#         367
  C:00C1H         LINE#         368
BL51 BANKED LINKER/LOCATER V5.00                                                      05/26/2014  10:23:36  PAGE 9


  C:00C9H         LINE#         369
  C:00CFH         LINE#         370
  C:00D3H         LINE#         371
  C:00DBH         LINE#         373
  C:00E2H         LINE#         375
  C:00E9H         LINE#         376
  C:00ECH         LINE#         377
  C:00F2H         LINE#         378
  C:00FAH         LINE#         379
  C:0100H         LINE#         380
  C:0104H         LINE#         381
  C:010CH         LINE#         383
  C:0115H         LINE#         384
  C:011CH         LINE#         386
  C:0123H         LINE#         387
  C:0126H         LINE#         388
  C:012CH         LINE#         389
  C:0134H         LINE#         390
  C:013AH         LINE#         391
  C:013EH         LINE#         392
  C:0146H         LINE#         394
  C:014FH         LINE#         395
  C:0156H         LINE#         397
  C:015DH         LINE#         398
  C:0160H         LINE#         399
  C:0166H         LINE#         400
  C:016EH         LINE#         401
  C:0174H         LINE#         402
  C:0178H         LINE#         403
  C:0180H         LINE#         405
  -------         ENDPROC       MAIN
  -------         ENDMOD        TEST63

Program Size: data=11.0 xdata=0 code=698
LINK/LOCATE RUN COMPLETE.  0 WARNING(S),  0 ERROR(S)
