C51 COMPILER V7.00  TEST22                                                                 09/19/2012 08:20:59 PAGE 1   


C51 COMPILER V7.00, COMPILATION OF MODULE TEST22
OBJECT MODULE PLACED IN TEST22.OBJ
COMPILER INVOKED BY: C:\Keil\C51\BIN\C51.EXE TEST22.c BROWSE DEBUG OBJECTEXTEND

stmt level    source

   1          ////////////////////////////////////////////////////////////////////////////
   2          //                给力者单片机开发学习系统，开发学习都给力！              //
   3          ////////////////////////////////////////////////////////////////////////////
   4          //                     学习51单片机，其实可以很简单                       //
   5          ////////////////////////////////////////////////////////////////////////////
   6          //                宁波芯动电子有限公司  www.MovingChip.com                //
   7          ////////////////////////////////////////////////////////////////////////////
   8          
   9          #include <AT89X52.h>       //调用51单片机的头文件
  10          
  11          //---------------------------------------
  12          //定义一个数据表格
  13          unsigned char code TAB[8]=
  14          {                          //定义表格一定要使用code，这样会做到程序存储区中
  15              0x7F,                  //表格第1步数据0b01111111
  16              0x3F,                  //表格第2步数据0b00111111
  17              0xBF,                  //表格第3步数据0b10111111
  18              0x9F,                  //表格第4步数据0b10011111
  19              0xDF,                  //表格第5步数据0b11011111
  20              0xCF,                  //表格第6步数据0b11001111
  21              0xEF,                  //表格第7步数据0b11101111
  22              0x6F,                  //表格第8步数据0b01101111
  23          };
  24          
  25          //---------------------------------------
  26          //名称: 主函数
  27          //适用：给力者GL9单片机开发学习系统
  28          //公司：宁波芯动电子有限公司
  29          //网址：www.MovingChip.com
  30          //日期：20120914
  31          //---------------------------------------
  32          void main(void)            //主函数,单片机开机后就是从这个函数开始运行
  33          {
  34   1      
  35   1          unsigned int a=0;      //定义一个int型变量，做延时用
  36   1          unsigned char b=15;    //定义一个char型变量，显示内容用
  37   1      
  38   1          while(1)               //死循环,单片机初始化后,将一直运行这个死循环
  39   1          {
  40   2              for(a=0;a<500;a++); //延时若干时间，具体时长暂不理会
  41   2              if(++b>7) b=0;     //b做加1操作，并限制在0-7以内
  42   2              P1=TAB[b];          //将TAB[b]的值送入P1口输出
  43   2      
  44   2          }
  45   1      }
  46          


MODULE INFORMATION:   STATIC OVERLAYABLE
   CODE SIZE        =     34    ----
   CONSTANT SIZE    =      8    ----
   XDATA SIZE       =   ----    ----
   PDATA SIZE       =   ----    ----
   DATA SIZE        =   ----    ----
   IDATA SIZE       =   ----    ----
C51 COMPILER V7.00  TEST22                                                                 09/19/2012 08:20:59 PAGE 2   

   BIT SIZE         =   ----    ----
END OF MODULE INFORMATION.


C51 COMPILATION COMPLETE.  0 WARNING(S),  0 ERROR(S)
