C51 COMPILER V7.00  TEST13                                                                 09/15/2013 14:16:32 PAGE 1   


C51 COMPILER V7.00, COMPILATION OF MODULE TEST13
OBJECT MODULE PLACED IN TEST13.OBJ
COMPILER INVOKED BY: C:\Keil\C51\BIN\C51.EXE TEST13.c BROWSE DEBUG OBJECTEXTEND

stmt level    source

   1          ////////////////////////////////////////////////////////////////////////////
   2          //                给力者单片机开发学习系统，开发学习都给力！              //
   3          ////////////////////////////////////////////////////////////////////////////
   4          //                     学习51单片机，其实可以很简单                       //
   5          ////////////////////////////////////////////////////////////////////////////
   6          //                宁波芯动电子有限公司  www.MovingChip.com                //
   7          ////////////////////////////////////////////////////////////////////////////
   8          
   9          #include <AT89X52.h>       //调用51单片机的头文件
  10          
  11          //---------------------------------------
  12          //数码管字形表，供显示时查询
  13          unsigned char code LED[10]=
  14          {                          //定义表格一定要使用code，这样会做到程序存储区中
  15              0x3F,                  //"0"的字形表，0B00111111
  16              0x06,                  //"1"的字形表，0B00000110
  17              0x5B,                  //"2"的字形表，0B01011011
  18              0x4F,                  //"3"的字形表，0B01001111
  19              0x66,                  //"4"的字形表，0B01100110
  20              0x6D,                  //"5"的字形表，0B01101101
  21              0x7D,                  //"6"的字形表，0B01111101
  22              0x07,                  //"7"的字形表，0B00000111
  23              0x7F,                  //"8"的字形表，0B01111111
  24              0x6F,                  //"9"的字形表，0B01101111
  25          };
  26          
  27          //---------------------------------------
  28          //4位数码管相关I/O设置
  29          sbit U16A0=P1^0;           //U16(74HC138)的A0脚接在P1.0口上
  30          sbit U16A1=P1^1;           //U16(74HC138)的A1脚接在P1.1口上
  31          sbit U16A2=P1^2;           //U16(74HC138)的A2脚接在P1.2口上
  32          //---------------------------------------
  33          
  34          //---------------------------------------
  35          //名称: 主函数
  36          //适用：给力者GL9单片机开发学习系统
  37          //公司：宁波芯动电子有限公司
  38          //网址：www.MovingChip.com
  39          //日期：20120914
  40          //---------------------------------------
  41          void main(void)            //主函数,单片机开机后就是从这个函数开始运行
  42          {
  43   1      
  44   1      
  45   1          U16A0=0;               //U16A0=0,U16A1=1,U16A2=0,选通数码管的百位进行显示
  46   1          U16A1=1;               //U16A0=0,U16A1=1,U16A2=0,选通数码管的百位进行显示
  47   1          U16A2=0;               //U16A0=0,U16A1=1,U16A2=0,选通数码管的百位进行显示  
  48   1          //****数码管显示"1"****
  49   1          P2=LED[1];             //查表取"1"的字形数据送至P2显示
  50   1          //************************
  51   1      
  52   1          while(1)               //死循环,单片机初始化后,将一直运行这个死循环
  53   1          {
  54   2      
  55   2          }
C51 COMPILER V7.00  TEST13                                                                 09/15/2013 14:16:32 PAGE 2   

  56   1      }
  57          
  58          


MODULE INFORMATION:   STATIC OVERLAYABLE
   CODE SIZE        =     15    ----
   CONSTANT SIZE    =     10    ----
   XDATA SIZE       =   ----    ----
   PDATA SIZE       =   ----    ----
   DATA SIZE        =   ----    ----
   IDATA SIZE       =   ----    ----
   BIT SIZE         =   ----    ----
END OF MODULE INFORMATION.


C51 COMPILATION COMPLETE.  0 WARNING(S),  0 ERROR(S)
