BL51 BANKED LINKER/LOCATER V5.00                                                        04/24/2014  07:48:49  PAGE 1


BL51 BANKED LINKER/LOCATER V5.00, INVOKED BY:
C:\KEIL\C51\BIN\BL51.EXE TEST96.obj TO TEST96 RAMSIZE (256)


MEMORY MODEL: SMALL


INPUT MODULES INCLUDED:
  TEST96.obj (TEST96)
  C:\KEIL\C51\LIB\C51S.LIB (?C_STARTUP)
  C:\KEIL\C51\LIB\C51S.LIB (?C_INIT)


LINK MAP OF MODULE:  TEST96 (TEST96)


            TYPE    BASE      LENGTH    RELOCATION   SEGMENT NAME
            -----------------------------------------------------

            * * * * * * *   D A T A   M E M O R Y   * * * * * * *
            REG     0000H     0008H     ABSOLUTE     "REG BANK 0"
            DATA    0008H     0006H     UNIT         ?DT?TEST96
                    000EH     0012H                  *** GAP ***
            BIT     0020H.0   0000H.1   UNIT         ?BI?TEST96
                    0020H.1   0000H.7                *** GAP ***
            IDATA   0021H     0001H     UNIT         ?STACK

            * * * * * * *   C O D E   M E M O R Y   * * * * * * *
            CODE    0000H     0003H     ABSOLUTE     
            CODE    0003H     0007H     UNIT         ?C_INITSEG
                    000AH     0001H                  *** GAP ***
            CODE    000BH     0003H     ABSOLUTE     
            CODE    000EH     00EEH     UNIT         ?PR?MAIN?TEST96
            CODE    00FCH     008CH     UNIT         ?C_C51STARTUP
            CODE    0188H     0033H     UNIT         ?PR?SCANKEY?TEST96
            CODE    01BBH     0029H     UNIT         ?PR?TIMER0?TEST96
            CODE    01E4H     000AH     UNIT         ?CO?TEST96



OVERLAY MAP OF MODULE:   TEST96 (TEST96)


SEGMENT
  +--> CALLED SEGMENT
---------------------
?C_C51STARTUP
  +--> ?PR?MAIN?TEST96
  +--> ?C_INITSEG

?PR?MAIN?TEST96
  +--> ?PR?SCANKEY?TEST96
  +--> ?CO?TEST96



SYMBOL TABLE OF MODULE:  TEST96 (TEST96)

BL51 BANKED LINKER/LOCATER V5.00                                                      04/24/2014  07:48:49  PAGE 2


  VALUE           TYPE          NAME
  ----------------------------------

  -------         MODULE        TEST96
  C:0000H         SYMBOL        _ICE_DUMMY_
  D:0080H         PUBLIC        P0
  D:0090H         PUBLIC        P1
  D:00A0H         PUBLIC        P2
  B:00D0H.6       PUBLIC        AC
  B:00B0H.4       PUBLIC        T0
  B:00B0H.5       PUBLIC        T1
  B:00A8H.7       PUBLIC        EA
  B:0090H.0       PUBLIC        T2
  B:0020H.0       PUBLIC        keybit
  D:0008H         PUBLIC        keycon
  B:0080H.0       PUBLIC        P0_0
  B:0090H.0       PUBLIC        P1_0
  B:0080H.1       PUBLIC        P0_1
  B:00D0H.1       PUBLIC        FL
  B:00A0H.0       PUBLIC        P2_0
  B:0090H.1       PUBLIC        P1_1
  B:0080H.2       PUBLIC        P0_2
  B:00B0H.0       PUBLIC        P3_0
  B:00A0H.1       PUBLIC        P2_1
  B:0090H.2       PUBLIC        P1_2
  B:0080H.3       PUBLIC        P0_3
  B:00B0H.1       PUBLIC        P3_1
  B:00A0H.2       PUBLIC        P2_2
  B:0090H.3       PUBLIC        P1_3
  B:0080H.4       PUBLIC        P0_4
  B:00B0H.2       PUBLIC        P3_2
  B:00A0H.3       PUBLIC        P2_3
  B:0090H.4       PUBLIC        P1_4
  B:0080H.5       PUBLIC        P0_5
  B:00C8H.6       PUBLIC        EXF2
  B:00B0H.7       PUBLIC        RD
  B:00B0H.3       PUBLIC        P3_3
  B:00A0H.4       PUBLIC        P2_4
  B:0090H.5       PUBLIC        P1_5
  B:0080H.6       PUBLIC        P0_6
  B:00B0H.4       PUBLIC        P3_4
  B:00A0H.5       PUBLIC        P2_5
  B:0090H.6       PUBLIC        P1_6
  B:0080H.7       PUBLIC        P0_7
  B:00B0H.5       PUBLIC        P3_5
  B:00A8H.4       PUBLIC        ES
  B:00A0H.6       PUBLIC        P2_6
  B:0090H.7       PUBLIC        P1_7
  B:00B0H.6       PUBLIC        P3_6
  B:00A0H.7       PUBLIC        P2_7
  B:00B0H.7       PUBLIC        P3_7
  B:0098H.0       PUBLIC        RI
  D:0009H         PUBLIC        DutyCycle
  B:00D0H.7       PUBLIC        CY
  B:00B0H.2       PUBLIC        INT0
  B:00B0H.3       PUBLIC        INT1
  B:0098H.1       PUBLIC        TI
BL51 BANKED LINKER/LOCATER V5.00                                                      04/24/2014  07:48:49  PAGE 3


  B:00B8H.4       PUBLIC        PS
  B:0090H.1       PUBLIC        T2EX
  B:00D0H.2       PUBLIC        OV
  C:000EH         PUBLIC        main
  B:00C8H.1       PUBLIC        C_T2
  B:00B0H.6       PUBLIC        WR
  B:00C8H.5       PUBLIC        RCLK
  B:0090H.0       PUBLIC        U16A0
  B:0090H.1       PUBLIC        U16A1
  B:00C8H.4       PUBLIC        TCLK
  B:0090H.2       PUBLIC        U16A2
  C:0188H         PUBLIC        ScanKey
  C:01BBH         PUBLIC        Timer0
  D:000AH         PUBLIC        Pwm
  D:0089H         PUBLIC        TMOD
  B:0088H.1       PUBLIC        IE0
  B:0088H.3       PUBLIC        IE1
  B:00C8H.0       PUBLIC        CP_RL2
  B:00A8H.1       PUBLIC        ET0
  B:00A8H.3       PUBLIC        ET1
  B:0088H.5       PUBLIC        TF0
  B:00A8H.5       PUBLIC        ET2
  B:0088H.7       PUBLIC        TF1
  B:00C8H.7       PUBLIC        TF2
  B:0098H.2       PUBLIC        RB8
  D:008CH         PUBLIC        TH0
  B:00A8H.0       PUBLIC        EX0
  B:0088H.0       PUBLIC        IT0
  B:00A8H.2       PUBLIC        EX1
  B:0098H.3       PUBLIC        TB8
  B:0088H.2       PUBLIC        IT1
  B:00D0H.0       PUBLIC        P
  B:0098H.7       PUBLIC        SM0
  D:008AH         PUBLIC        TL0
  B:0098H.6       PUBLIC        SM1
  B:0098H.5       PUBLIC        SM2
  B:00B8H.1       PUBLIC        PT0
  C:01E4H         PUBLIC        LED
  B:00D0H.3       PUBLIC        RS0
  B:00B8H.3       PUBLIC        PT1
  B:00D0H.4       PUBLIC        RS1
  B:00B8H.5       PUBLIC        PT2
  B:0088H.4       PUBLIC        TR0
  B:0088H.6       PUBLIC        TR1
  B:00C8H.2       PUBLIC        TR2
  B:00B8H.0       PUBLIC        PX0
  B:00B8H.2       PUBLIC        PX1
  D:000BH         PUBLIC        c
  D:000CH         PUBLIC        d
  B:00C8H.3       PUBLIC        EXEN2
  B:0098H.4       PUBLIC        REN
  D:000DH         PUBLIC        k
  B:00B0H.0       PUBLIC        RXD
  B:00B0H.1       PUBLIC        TXD
  B:00D0H.5       PUBLIC        F0
  -------         PROC          TIMER0
  C:01BBH         LINE#         47
BL51 BANKED LINKER/LOCATER V5.00                                                      04/24/2014  07:48:49  PAGE 4


  C:01BFH         LINE#         50
  C:01C1H         LINE#         51
  C:01C8H         LINE#         52
  C:01C8H         LINE#         53
  C:01CBH         LINE#         54
  C:01D4H         LINE#         55
  C:01D6H         LINE#         56
  C:01DDH         LINE#         57
  C:01DDH         LINE#         58
  C:01DFH         LINE#         59
  C:01DFH         LINE#         61
  -------         ENDPROC       TIMER0
  -------         PROC          SCANKEY
  C:0188H         LINE#         69
  C:0188H         LINE#         70
  C:0188H         LINE#         71
  C:018EH         LINE#         72
  C:0194H         LINE#         73
  C:019AH         LINE#         74
  C:01A0H         LINE#         75
  C:01A6H         LINE#         76
  C:01ACH         LINE#         77
  C:01B2H         LINE#         78
  C:01B8H         LINE#         79
  C:01BAH         LINE#         80
  -------         ENDPROC       SCANKEY
  -------         PROC          MAIN
  C:000EH         LINE#         88
  C:000EH         LINE#         89
  C:000EH         LINE#         91
  C:0011H         LINE#         92
  C:0014H         LINE#         93
  C:0017H         LINE#         94
  C:001AH         LINE#         95
  C:001CH         LINE#         96
  C:001EH         LINE#         100
  C:0020H         LINE#         102
  C:0023H         LINE#         103
  C:0025H         LINE#         104
  C:0025H         LINE#         105
  C:0025H         LINE#         106
  C:002AH         LINE#         107
  C:002EH         LINE#         108
  C:002EH         LINE#         109
  C:0031H         LINE#         110
  C:0031H         LINE#         111
  C:003AH         LINE#         112
  C:003AH         LINE#         113
  C:003DH         LINE#         114
  C:003FH         LINE#         115
  C:003FH         LINE#         116
  C:0041H         LINE#         118
  C:0044H         LINE#         119
  C:0046H         LINE#         121
  C:0046H         LINE#         122
  C:0049H         LINE#         123
  C:0049H         LINE#         124
BL51 BANKED LINKER/LOCATER V5.00                                                      04/24/2014  07:48:49  PAGE 5


  C:004BH         LINE#         125
  C:0050H         LINE#         126
  C:0050H         LINE#         127
  C:0059H         LINE#         128
  C:005BH         LINE#         129
  C:0060H         LINE#         130
  C:0060H         LINE#         131
  C:0069H         LINE#         132
  C:006BH         LINE#         133
  C:0070H         LINE#         134
  C:0070H         LINE#         135
  C:007BH         LINE#         136
  C:007EH         LINE#         137
  C:0080H         LINE#         138
  C:0085H         LINE#         139
  C:0085H         LINE#         140
  C:0094H         LINE#         141
  C:0097H         LINE#         142
  C:0097H         LINE#         143
  C:0097H         LINE#         144
  C:0097H         LINE#         145
  C:00A1H         LINE#         147
  C:00A4H         LINE#         148
  C:00B0H         LINE#         149
  C:00B4H         LINE#         150
  C:00B4H         LINE#         151
  C:00B7H         LINE#         152
  C:00B9H         LINE#         153
  C:00BCH         LINE#         154
  C:00C1H         LINE#         155
  C:00C1H         LINE#         156
  C:00C4H         LINE#         157
  C:00C9H         LINE#         158
  C:00CBH         LINE#         159
  C:00D0H         LINE#         160
  C:00D0H         LINE#         161
  C:00D3H         LINE#         162
  C:00E5H         LINE#         163
  C:00E8H         LINE#         165
  C:00E8H         LINE#         166
  C:00EBH         LINE#         167
  C:00F9H         LINE#         168
  C:00F9H         LINE#         169
  -------         ENDPROC       MAIN
  -------         ENDMOD        TEST96

Program Size: data=15.1 xdata=0 code=493
LINK/LOCATE RUN COMPLETE.  0 WARNING(S),  0 ERROR(S)
