BL51 BANKED LINKER/LOCATER V5.00                                                        09/18/2012  21:41:33  PAGE 1


BL51 BANKED LINKER/LOCATER V5.00, INVOKED BY:
C:\KEIL\C51\BIN\BL51.EXE TEST60.obj TO TEST60 RAMSIZE (256)


MEMORY MODEL: SMALL


INPUT MODULES INCLUDED:
  TEST60.obj (TEST60)
  C:\KEIL\C51\LIB\C51S.LIB (?C_STARTUP)


LINK MAP OF MODULE:  TEST60 (TEST60)


            TYPE    BASE      LENGTH    RELOCATION   SEGMENT NAME
            -----------------------------------------------------

            * * * * * * *   D A T A   M E M O R Y   * * * * * * *
            REG     0000H     0008H     ABSOLUTE     "REG BANK 0"
            DATA    0008H     0001H     UNIT         ?DT?TEST60
            IDATA   0009H     0001H     UNIT         ?STACK

            * * * * * * *   C O D E   M E M O R Y   * * * * * * *
            CODE    0000H     0003H     ABSOLUTE     
            CODE    0003H     00FFH     UNIT         ?CO?TEST60
            CODE    0102H     002DH     UNIT         ?PR?_WRITE1BYTE?TEST60
            CODE    012FH     0021H     UNIT         ?PR?READ1BYTE?TEST60
            CODE    0150H     001FH     UNIT         ?PR?MAIN?TEST60
            CODE    016FH     001BH     UNIT         ?PR?_READPCF8591?TEST60
            CODE    018AH     0010H     UNIT         ?PR?_WRITEPCF8591?TEST60
            CODE    019AH     000DH     UNIT         ?PR?IICSTART?TEST60
            CODE    01A7H     000DH     UNIT         ?PR?IICSTOP?TEST60
            CODE    01B4H     000CH     UNIT         ?C_C51STARTUP



OVERLAY MAP OF MODULE:   TEST60 (TEST60)


SEGMENT
  +--> CALLED SEGMENT
---------------------
?C_C51STARTUP
  +--> ?PR?MAIN?TEST60

?PR?MAIN?TEST60
  +--> ?CO?TEST60
  +--> ?PR?_WRITEPCF8591?TEST60

?PR?_WRITEPCF8591?TEST60
  +--> ?PR?_WRITE1BYTE?TEST60
  +--> ?PR?IICSTOP?TEST60

?PR?_WRITE1BYTE?TEST60
  +--> ?PR?IICSTART?TEST60


BL51 BANKED LINKER/LOCATER V5.00                                                      09/18/2012  21:41:33  PAGE 2



SYMBOL TABLE OF MODULE:  TEST60 (TEST60)

  VALUE           TYPE          NAME
  ----------------------------------

  -------         MODULE        TEST60
  C:0000H         SYMBOL        _ICE_DUMMY_
  D:0090H         PUBLIC        P1
  B:00D0H.6       PUBLIC        AC
  B:00B0H.4       PUBLIC        T0
  B:00B0H.5       PUBLIC        T1
  B:00A8H.7       PUBLIC        EA
  B:0090H.0       PUBLIC        T2
  C:019AH         PUBLIC        IICstart
  B:0080H.0       PUBLIC        P0_0
  C:016FH         PUBLIC        _ReadPCF8591
  B:0090H.0       PUBLIC        P1_0
  B:0080H.1       PUBLIC        P0_1
  B:00D0H.1       PUBLIC        FL
  B:00A0H.0       PUBLIC        P2_0
  B:0090H.1       PUBLIC        P1_1
  B:0080H.2       PUBLIC        P0_2
  B:00B0H.0       PUBLIC        P3_0
  B:00A0H.1       PUBLIC        P2_1
  B:0090H.2       PUBLIC        P1_2
  B:0080H.3       PUBLIC        P0_3
  B:00B0H.1       PUBLIC        P3_1
  B:00A0H.2       PUBLIC        P2_2
  B:0090H.3       PUBLIC        P1_3
  B:0080H.4       PUBLIC        P0_4
  B:00B0H.2       PUBLIC        P3_2
  B:00A0H.3       PUBLIC        P2_3
  B:0090H.4       PUBLIC        P1_4
  B:0080H.5       PUBLIC        P0_5
  B:00C8H.6       PUBLIC        EXF2
  B:00B0H.7       PUBLIC        RD
  B:00B0H.3       PUBLIC        P3_3
  B:00A0H.4       PUBLIC        P2_4
  B:0090H.5       PUBLIC        P1_5
  B:0080H.6       PUBLIC        P0_6
  B:00B0H.4       PUBLIC        P3_4
  B:00A0H.5       PUBLIC        P2_5
  B:0090H.6       PUBLIC        P1_6
  B:0080H.7       PUBLIC        P0_7
  B:00B0H.5       PUBLIC        P3_5
  B:00A8H.4       PUBLIC        ES
  B:00A0H.6       PUBLIC        P2_6
  B:0090H.7       PUBLIC        P1_7
  B:00B0H.6       PUBLIC        P3_6
  B:00A0H.7       PUBLIC        P2_7
  B:00B0H.7       PUBLIC        P3_7
  B:0098H.0       PUBLIC        RI
  B:00D0H.7       PUBLIC        CY
  B:00B0H.2       PUBLIC        INT0
  B:00B0H.3       PUBLIC        INT1
  B:0098H.1       PUBLIC        TI
BL51 BANKED LINKER/LOCATER V5.00                                                      09/18/2012  21:41:33  PAGE 3


  C:01A7H         PUBLIC        IICstop
  C:018AH         PUBLIC        _WritePCF8591
  B:00B8H.4       PUBLIC        PS
  B:0090H.1       PUBLIC        T2EX
  B:00D0H.2       PUBLIC        OV
  C:0150H         PUBLIC        main
  B:00C8H.1       PUBLIC        C_T2
  B:00B0H.6       PUBLIC        WR
  B:00C8H.5       PUBLIC        RCLK
  B:00C8H.4       PUBLIC        TCLK
  C:0109H         PUBLIC        _Write1Byte
  C:0003H         PUBLIC        tab
  B:0088H.1       PUBLIC        IE0
  B:0088H.3       PUBLIC        IE1
  D:0008H         PUBLIC        ADbuf
  B:00C8H.0       PUBLIC        CP_RL2
  C:012FH         PUBLIC        Read1Byte
  B:00A8H.1       PUBLIC        ET0
  B:00A8H.3       PUBLIC        ET1
  B:0088H.5       PUBLIC        TF0
  B:00A8H.5       PUBLIC        ET2
  B:0088H.7       PUBLIC        TF1
  B:00C8H.7       PUBLIC        TF2
  B:0098H.2       PUBLIC        RB8
  B:00A8H.0       PUBLIC        EX0
  B:0088H.0       PUBLIC        IT0
  B:00A8H.2       PUBLIC        EX1
  B:0098H.3       PUBLIC        TB8
  B:0088H.2       PUBLIC        IT1
  B:00D0H.0       PUBLIC        P
  B:0098H.7       PUBLIC        SM0
  B:0098H.6       PUBLIC        SM1
  B:0098H.5       PUBLIC        SM2
  B:00B8H.1       PUBLIC        PT0
  B:00D0H.3       PUBLIC        RS0
  B:00B8H.3       PUBLIC        PT1
  B:00D0H.4       PUBLIC        RS1
  B:00B8H.5       PUBLIC        PT2
  B:0088H.4       PUBLIC        TR0
  B:0088H.6       PUBLIC        TR1
  B:0090H.6       PUBLIC        SDA
  B:00C8H.2       PUBLIC        TR2
  B:00B8H.0       PUBLIC        PX0
  B:00B8H.2       PUBLIC        PX1
  B:0090H.7       PUBLIC        SCL
  B:00C8H.3       PUBLIC        EXEN2
  B:0098H.4       PUBLIC        REN
  B:00B0H.0       PUBLIC        RXD
  B:00B0H.1       PUBLIC        TXD
  B:00D0H.5       PUBLIC        F0
  -------         PROC          IICSTART
  C:019AH         LINE#         59
  C:019AH         LINE#         60
  C:019AH         LINE#         61
  C:019CH         LINE#         62
  C:019EH         LINE#         63
  C:019FH         LINE#         64
BL51 BANKED LINKER/LOCATER V5.00                                                      09/18/2012  21:41:33  PAGE 4


  C:01A0H         LINE#         65
  C:01A2H         LINE#         66
  C:01A3H         LINE#         67
  C:01A4H         LINE#         68
  C:01A6H         LINE#         69
  -------         ENDPROC       IICSTART
  -------         PROC          IICSTOP
  C:01A7H         LINE#         78
  C:01A7H         LINE#         79
  C:01A7H         LINE#         80
  C:01A9H         LINE#         81
  C:01ABH         LINE#         82
  C:01ACH         LINE#         83
  C:01ADH         LINE#         84
  C:01AFH         LINE#         85
  C:01B0H         LINE#         86
  C:01B1H         LINE#         87
  C:01B3H         LINE#         88
  -------         ENDPROC       IICSTOP
  -------         PROC          L?0027
  -------         ENDPROC       L?0027
  -------         PROC          _WRITE1BYTE
  D:0007H         SYMBOL        Buf1
  -------         DO            
  D:0006H         SYMBOL        k
  -------         ENDDO         
  C:0109H         LINE#         97
  C:0109H         LINE#         98
  C:0109H         LINE#         100
  C:010BH         LINE#         101
  C:010BH         LINE#         102
  C:010FH         LINE#         103
  C:010FH         LINE#         104
  C:0111H         LINE#         105
  C:0113H         LINE#         107
  C:0113H         LINE#         108
  C:0115H         LINE#         109
  C:0115H         LINE#         110
  C:0116H         LINE#         111
  C:0117H         LINE#         112
  C:0119H         LINE#         113
  C:011DH         LINE#         114
  C:011EH         LINE#         115
  C:0120H         LINE#         116
  C:0121H         LINE#         117
  C:0125H         LINE#         118
  C:0127H         LINE#         119
  C:0128H         LINE#         120
  C:012AH         LINE#         121
  C:012BH         LINE#         122
  C:012CH         LINE#         123
  C:012EH         LINE#         124
  -------         ENDPROC       _WRITE1BYTE
  -------         PROC          READ1BYTE
  -------         DO            
  D:0006H         SYMBOL        k
  D:0007H         SYMBOL        t
BL51 BANKED LINKER/LOCATER V5.00                                                      09/18/2012  21:41:33  PAGE 5


  -------         ENDDO         
  C:012FH         LINE#         133
  C:012FH         LINE#         134
  C:012FH         LINE#         136
  C:0131H         LINE#         137
  C:0132H         LINE#         138
  C:0132H         LINE#         139
  C:0136H         LINE#         140
  C:0138H         LINE#         141
  C:013AH         LINE#         142
  C:013BH         LINE#         143
  C:013CH         LINE#         144
  C:013FH         LINE#         145
  C:013FH         LINE#         146
  C:0142H         LINE#         147
  C:0144H         LINE#         149
  C:0144H         LINE#         150
  C:0147H         LINE#         151
  C:0147H         LINE#         152
  C:0149H         LINE#         153
  C:014AH         LINE#         154
  C:014BH         LINE#         155
  C:014FH         LINE#         156
  C:014FH         LINE#         157
  -------         ENDPROC       READ1BYTE
  -------         PROC          _WRITEPCF8591
  D:0005H         SYMBOL        Databuf
  C:018AH         LINE#         166
  C:018AH         LINE#         167
  C:018AH         LINE#         168
  C:018AH         LINE#         170
  C:018DH         LINE#         172
  C:0192H         LINE#         174
  C:0197H         LINE#         176
  -------         ENDPROC       _WRITEPCF8591
  -------         PROC          _READPCF8591
  D:0005H         SYMBOL        Ch
  -------         DO            
  D:0007H         SYMBOL        buf
  -------         ENDDO         
  C:016FH         LINE#         186
  C:016FH         LINE#         187
  C:016FH         LINE#         189
  C:016FH         LINE#         191
  C:0172H         LINE#         193
  C:0179H         LINE#         195
  C:017CH         LINE#         197
  C:0181H         LINE#         199
  C:0184H         LINE#         201
  C:0187H         LINE#         203
  C:0189H         LINE#         204
  -------         ENDPROC       _READPCF8591
  -------         PROC          MAIN
  -------         DO            
  D:0004H         SYMBOL        i
  D:0006H         SYMBOL        l
  -------         ENDDO         
BL51 BANKED LINKER/LOCATER V5.00                                                      09/18/2012  21:41:33  PAGE 6


  C:0150H         LINE#         213
  C:0150H         LINE#         214
  C:0150H         LINE#         217
  C:0150H         LINE#         218
  C:0150H         LINE#         219
  C:0152H         LINE#         220
  C:0152H         LINE#         221
  C:015BH         LINE#         222
  C:0169H         LINE#         223
  -------         ENDPROC       MAIN
  -------         ENDMOD        TEST60

*** WARNING L16: UNCALLED SEGMENT, IGNORED FOR OVERLAY PROCESS
    SEGMENT: ?PR?_READPCF8591?TEST60

Program Size: data=10.0 xdata=0 code=448
LINK/LOCATE RUN COMPLETE.  1 WARNING(S),  0 ERROR(S)
