BL51 BANKED LINKER/LOCATER V5.00                                                        09/18/2012  22:07:36  PAGE 1


BL51 BANKED LINKER/LOCATER V5.00, INVOKED BY:
C:\KEIL\C51\BIN\BL51.EXE TEST74.obj TO TEST74 RAMSIZE (256)


MEMORY MODEL: SMALL


INPUT MODULES INCLUDED:
  TEST74.obj (TEST74)
  C:\KEIL\C51\LIB\C51S.LIB (?C_STARTUP)


LINK MAP OF MODULE:  TEST74 (TEST74)


            TYPE    BASE      LENGTH    RELOCATION   SEGMENT NAME
            -----------------------------------------------------

            * * * * * * *   D A T A   M E M O R Y   * * * * * * *
            REG     0000H     0008H     ABSOLUTE     "REG BANK 0"
            IDATA   0008H     0001H     UNIT         ?STACK

            * * * * * * *   C O D E   M E M O R Y   * * * * * * *
            CODE    0000H     0003H     ABSOLUTE     
            CODE    0003H     03E0H     UNIT         ?CO?TEST74
            CODE    03E3H     0152H     UNIT         ?PR?MAIN?TEST74
            CODE    0535H     005FH     UNIT         ?PR?_WRITE_ENGLISH?TEST74
            CODE    0594H     004AH     UNIT         ?PR?_NUM?TEST74
            CODE    05DEH     0029H     UNIT         ?PR?_WERITE_X_Y?TEST74
            CODE    0607H     0022H     UNIT         ?PR?CLR_SCR?TEST74
            CODE    0629H     0017H     UNIT         ?PR?INIT_LCD?TEST74
            CODE    0640H     0012H     UNIT         ?PR?_DELAY?TEST74
            CODE    0652H     0010H     UNIT         ?PR?_WRITE_COM?TEST74
            CODE    0662H     0010H     UNIT         ?PR?_WRITE_DATA?TEST74
            CODE    0672H     000CH     UNIT         ?C_C51STARTUP



OVERLAY MAP OF MODULE:   TEST74 (TEST74)


SEGMENT
  +--> CALLED SEGMENT
---------------------
?C_C51STARTUP
  +--> ?PR?MAIN?TEST74

?PR?MAIN?TEST74
  +--> ?PR?INIT_LCD?TEST74
  +--> ?PR?CLR_SCR?TEST74
  +--> ?PR?_WRITE_ENGLISH?TEST74

?PR?INIT_LCD?TEST74
  +--> ?PR?_DELAY?TEST74
  +--> ?PR?_WRITE_COM?TEST74

?PR?_WRITE_COM?TEST74
  +--> ?PR?_NUM?TEST74
BL51 BANKED LINKER/LOCATER V5.00                                                      09/18/2012  22:07:36  PAGE 2



?PR?CLR_SCR?TEST74
  +--> ?PR?_WRITE_COM?TEST74
  +--> ?PR?_WRITE_DATA?TEST74

?PR?_WRITE_DATA?TEST74
  +--> ?PR?_NUM?TEST74

?PR?_WRITE_ENGLISH?TEST74
  +--> ?PR?_WERITE_X_Y?TEST74
  +--> ?CO?TEST74
  +--> ?PR?_WRITE_DATA?TEST74

?PR?_WERITE_X_Y?TEST74
  +--> ?PR?_WRITE_COM?TEST74



SYMBOL TABLE OF MODULE:  TEST74 (TEST74)

  VALUE           TYPE          NAME
  ----------------------------------

  -------         MODULE        TEST74
  C:0000H         SYMBOL        _ICE_DUMMY_
  D:0080H         PUBLIC        P0
  D:00A0H         PUBLIC        P2
  B:00D0H.6       PUBLIC        AC
  B:00B0H.4       PUBLIC        T0
  B:00B0H.5       PUBLIC        T1
  B:00A8H.7       PUBLIC        EA
  B:0090H.0       PUBLIC        T2
  C:0662H         PUBLIC        _write_data
  B:0080H.0       PUBLIC        P0_0
  B:0090H.0       PUBLIC        P1_0
  B:0080H.1       PUBLIC        P0_1
  B:00D0H.1       PUBLIC        FL
  B:00A0H.0       PUBLIC        P2_0
  B:0090H.1       PUBLIC        P1_1
  B:0080H.2       PUBLIC        P0_2
  B:00B0H.0       PUBLIC        P3_0
  B:00A0H.1       PUBLIC        P2_1
  B:0090H.2       PUBLIC        P1_2
  B:0080H.3       PUBLIC        P0_3
  B:00B0H.1       PUBLIC        P3_1
  B:00A0H.2       PUBLIC        P2_2
  B:0090H.3       PUBLIC        P1_3
  B:0080H.4       PUBLIC        P0_4
  B:00B0H.2       PUBLIC        P3_2
  B:00A0H.3       PUBLIC        P2_3
  B:0090H.4       PUBLIC        P1_4
  B:0080H.5       PUBLIC        P0_5
  B:00C8H.6       PUBLIC        EXF2
  B:00B0H.7       PUBLIC        RD
  B:00B0H.3       PUBLIC        P3_3
  B:00A0H.4       PUBLIC        P2_4
  B:0090H.5       PUBLIC        P1_5
BL51 BANKED LINKER/LOCATER V5.00                                                      09/18/2012  22:07:36  PAGE 3


  B:0080H.6       PUBLIC        P0_6
  B:00B0H.4       PUBLIC        P3_4
  B:00A0H.5       PUBLIC        P2_5
  B:0090H.6       PUBLIC        P1_6
  B:0080H.7       PUBLIC        P0_7
  B:00B0H.5       PUBLIC        P3_5
  B:00A8H.4       PUBLIC        ES
  B:00A0H.6       PUBLIC        P2_6
  B:0090H.7       PUBLIC        P1_7
  B:00B0H.6       PUBLIC        P3_6
  B:00A0H.7       PUBLIC        P2_7
  B:00B0H.7       PUBLIC        P3_7
  B:0098H.0       PUBLIC        RI
  B:00D0H.7       PUBLIC        CY
  B:00B0H.2       PUBLIC        INT0
  B:00B0H.3       PUBLIC        INT1
  B:0098H.1       PUBLIC        TI
  B:00B8H.4       PUBLIC        PS
  B:0090H.1       PUBLIC        T2EX
  B:00A0H.0       PUBLIC        RS
  B:00D0H.2       PUBLIC        OV
  C:05DEH         PUBLIC        _werite_x_y
  C:03E3H         PUBLIC        main
  B:00A0H.1       PUBLIC        RW
  B:00C8H.1       PUBLIC        C_T2
  B:00B0H.6       PUBLIC        WR
  C:0607H         PUBLIC        Clr_Scr
  B:00C8H.5       PUBLIC        RCLK
  C:0652H         PUBLIC        _write_com
  B:00C8H.4       PUBLIC        TCLK
  C:0594H         PUBLIC        _num
  B:0080H.7       PUBLIC        DB0
  B:0080H.6       PUBLIC        DB1
  C:0003H         PUBLIC        egk
  B:0080H.5       PUBLIC        DB2
  B:0080H.4       PUBLIC        DB3
  B:0080H.3       PUBLIC        DB4
  B:0080H.2       PUBLIC        DB5
  B:0080H.1       PUBLIC        DB6
  B:0080H.0       PUBLIC        DB7
  B:0088H.1       PUBLIC        IE0
  B:0088H.3       PUBLIC        IE1
  B:00A0H.2       PUBLIC        E
  B:00C8H.0       PUBLIC        CP_RL2
  B:00A0H.3       PUBLIC        CS1
  B:00A0H.4       PUBLIC        CS2
  B:00A8H.1       PUBLIC        ET0
  B:00A8H.3       PUBLIC        ET1
  B:0088H.5       PUBLIC        TF0
  C:0629H         PUBLIC        init_lcd
  B:00A8H.5       PUBLIC        ET2
  B:0088H.7       PUBLIC        TF1
  B:00C8H.7       PUBLIC        TF2
  B:0098H.2       PUBLIC        RB8
  B:00A8H.0       PUBLIC        EX0
  B:0088H.0       PUBLIC        IT0
  B:00A8H.2       PUBLIC        EX1
BL51 BANKED LINKER/LOCATER V5.00                                                      09/18/2012  22:07:36  PAGE 4


  B:0098H.3       PUBLIC        TB8
  B:0088H.2       PUBLIC        IT1
  B:00D0H.0       PUBLIC        P
  B:0098H.7       PUBLIC        SM0
  B:0098H.6       PUBLIC        SM1
  B:0098H.5       PUBLIC        SM2
  B:00B8H.1       PUBLIC        PT0
  B:00D0H.3       PUBLIC        RS0
  B:00B8H.3       PUBLIC        PT1
  B:00D0H.4       PUBLIC        RS1
  B:00B8H.5       PUBLIC        PT2
  B:0088H.4       PUBLIC        TR0
  B:0088H.6       PUBLIC        TR1
  B:00C8H.2       PUBLIC        TR2
  B:00B8H.0       PUBLIC        PX0
  B:00B8H.2       PUBLIC        PX1
  C:0538H         PUBLIC        _write_english
  B:00C8H.3       PUBLIC        EXEN2
  B:0098H.4       PUBLIC        REN
  B:00B0H.0       PUBLIC        RXD
  B:00B0H.1       PUBLIC        TXD
  C:0640H         PUBLIC        _delay
  B:00D0H.5       PUBLIC        F0
  B:00A0H.5       PUBLIC        RST
  -------         PROC          _DELAY
  D:0006H         SYMBOL        t
  -------         DO            
  D:0004H         SYMBOL        i
  -------         ENDDO         
  C:0640H         LINE#         289
  C:0640H         LINE#         290
  C:0640H         LINE#         292
  C:0651H         LINE#         293
  -------         ENDPROC       _DELAY
  -------         PROC          _NUM
  D:0007H         SYMBOL        dat
  -------         DO            
  D:0007H         SYMBOL        val
  -------         ENDDO         
  C:0594H         LINE#         301
  C:0594H         LINE#         302
  C:0594H         LINE#         304
  C:05DDH         LINE#         306
  C:05DDH         LINE#         307
  -------         ENDPROC       _NUM
  -------         PROC          _WRITE_COM
  D:0007H         SYMBOL        cmdcode
  C:0652H         LINE#         315
  C:0652H         LINE#         316
  C:0652H         LINE#         317
  C:0654H         LINE#         318
  C:0656H         LINE#         319
  C:065BH         LINE#         320
  C:065CH         LINE#         321
  C:065EH         LINE#         322
  C:065FH         LINE#         323
  C:0661H         LINE#         324
BL51 BANKED LINKER/LOCATER V5.00                                                      09/18/2012  22:07:36  PAGE 5


  -------         ENDPROC       _WRITE_COM
  -------         PROC          _WRITE_DATA
  D:0007H         SYMBOL        Rsspdata
  C:0662H         LINE#         333
  C:0662H         LINE#         334
  C:0662H         LINE#         336
  C:0664H         LINE#         337
  C:0666H         LINE#         338
  C:066BH         LINE#         339
  C:066CH         LINE#         340
  C:066EH         LINE#         341
  C:066FH         LINE#         342
  C:0671H         LINE#         343
  -------         ENDPROC       _WRITE_DATA
  -------         PROC          CLR_SCR
  -------         DO            
  D:0003H         SYMBOL        j
  D:0004H         SYMBOL        k
  -------         ENDDO         
  C:0607H         LINE#         352
  C:0607H         LINE#         353
  C:0607H         LINE#         355
  C:0609H         LINE#         356
  C:060BH         LINE#         357
  C:0610H         LINE#         360
  C:0612H         LINE#         361
  C:0612H         LINE#         362
  C:0619H         LINE#         366
  C:061BH         LINE#         367
  C:061BH         LINE#         368
  C:0620H         LINE#         369
  C:0624H         LINE#         370
  C:0628H         LINE#         371
  -------         ENDPROC       CLR_SCR
  -------         PROC          _WERITE_X_Y
  D:0004H         SYMBOL        x
  D:0005H         SYMBOL        y
  C:05DEH         LINE#         380
  C:05E0H         LINE#         381
  C:05E0H         LINE#         382
  C:05E3H         LINE#         383
  C:05E6H         LINE#         384
  C:05ECH         LINE#         385
  C:05ECH         LINE#         386
  C:05EEH         LINE#         387
  C:05F0H         LINE#         388
  C:05F0H         LINE#         391
  C:05F2H         LINE#         393
  C:05F2H         LINE#         394
  C:05F4H         LINE#         395
  C:05F6H         LINE#         396
  C:05F9H         LINE#         397
  C:0600H         LINE#         400
  C:0600H         LINE#         401
  -------         ENDPROC       _WERITE_X_Y
  -------         PROC          L?0031
  -------         ENDPROC       L?0031
BL51 BANKED LINKER/LOCATER V5.00                                                      09/18/2012  22:07:36  PAGE 6


  -------         PROC          _WRITE_ENGLISH
  D:0002H         SYMBOL        x
  D:0001H         SYMBOL        y
  D:0003H         SYMBOL        en
  -------         DO            
  D:0004H         SYMBOL        i
  -------         ENDDO         
  C:0538H         LINE#         413
  C:053CH         LINE#         414
  C:053CH         LINE#         415
  C:053EH         LINE#         416
  C:0541H         LINE#         419
  C:0566H         LINE#         421
  C:056EH         LINE#         423
  C:0593H         LINE#         425
  -------         ENDPROC       _WRITE_ENGLISH
  -------         PROC          INIT_LCD
  C:0629H         LINE#         434
  C:0629H         LINE#         435
  C:0629H         LINE#         436
  C:062BH         LINE#         437
  C:0632H         LINE#         438
  C:0634H         LINE#         439
  C:0636H         LINE#         440
  C:0638H         LINE#         441
  C:063BH         LINE#         442
  -------         ENDPROC       INIT_LCD
  -------         PROC          MAIN
  C:03E3H         LINE#         451
  C:03E3H         LINE#         452
  C:03E3H         LINE#         453
  C:03E6H         LINE#         454
  C:03E9H         LINE#         456
  C:03F0H         LINE#         457
  C:03F8H         LINE#         458
  C:0400H         LINE#         459
  C:0408H         LINE#         460
  C:0410H         LINE#         461
  C:0418H         LINE#         462
  C:0420H         LINE#         463
  C:0428H         LINE#         464
  C:0430H         LINE#         465
  C:0438H         LINE#         467
  C:0440H         LINE#         468
  C:0445H         LINE#         469
  C:044AH         LINE#         470
  C:0452H         LINE#         471
  C:045AH         LINE#         472
  C:0462H         LINE#         473
  C:046AH         LINE#         474
  C:0472H         LINE#         475
  C:047AH         LINE#         476
  C:0482H         LINE#         477
  C:048AH         LINE#         478
  C:0492H         LINE#         479
  C:049AH         LINE#         480
  C:04A2H         LINE#         481
BL51 BANKED LINKER/LOCATER V5.00                                                      09/18/2012  22:07:36  PAGE 7


  C:04AAH         LINE#         482
  C:04B2H         LINE#         484
  C:04BBH         LINE#         485
  C:04C3H         LINE#         486
  C:04CBH         LINE#         487
  C:04D3H         LINE#         488
  C:04DBH         LINE#         489
  C:04E3H         LINE#         490
  C:04EBH         LINE#         491
  C:04F3H         LINE#         492
  C:04FBH         LINE#         493
  C:0503H         LINE#         494
  C:050BH         LINE#         495
  C:0513H         LINE#         496
  C:051BH         LINE#         497
  C:0523H         LINE#         498
  C:052BH         LINE#         499
  C:0533H         LINE#         500
  C:0533H         LINE#         501
  C:0533H         LINE#         503
  -------         ENDPROC       MAIN
  -------         ENDMOD        TEST74

Program Size: data=9.0 xdata=0 code=1662
LINK/LOCATE RUN COMPLETE.  0 WARNING(S),  0 ERROR(S)
