BL51 BANKED LINKER/LOCATER V5.00                                                        09/10/2013  11:34:17  PAGE 1


BL51 BANKED LINKER/LOCATER V5.00, INVOKED BY:
C:\KEIL\C51\BIN\BL51.EXE TEST53.obj TO TEST53 RAMSIZE (256)


MEMORY MODEL: SMALL


INPUT MODULES INCLUDED:
  TEST53.obj (TEST53)
  C:\KEIL\C51\LIB\C51S.LIB (?C_STARTUP)


LINK MAP OF MODULE:  TEST53 (TEST53)


            TYPE    BASE      LENGTH    RELOCATION   SEGMENT NAME
            -----------------------------------------------------

            * * * * * * *   D A T A   M E M O R Y   * * * * * * *
            REG     0000H     0008H     ABSOLUTE     "REG BANK 0"
            DATA    0008H     0002H     UNIT         ?DT?TEST53
            IDATA   000AH     0001H     UNIT         ?STACK

            * * * * * * *   C O D E   M E M O R Y   * * * * * * *
            CODE    0000H     0003H     ABSOLUTE     
            CODE    0003H     004FH     UNIT         ?PR?MAIN?TEST53
            CODE    0052H     002AH     UNIT         ?PR?LCD1602_INIT?TEST53
            CODE    007CH     0026H     UNIT         ?PR?_WRITE1BYTE?TEST53
            CODE    00A2H     0021H     UNIT         ?PR?READ1BYTE?TEST53
            CODE    00C3H     0020H     UNIT         ?PR?_READAT24C02?TEST53
            CODE    00E3H     0018H     UNIT         ?PR?_LCD1602_WRITE_ADDRESS?TEST53
            CODE    00FBH     0017H     UNIT         ?PR?_WRITEAT24C02?TEST53
            CODE    0112H     0012H     UNIT         ?PR?_DELAY1602?TEST53
            CODE    0124H     0010H     UNIT         ?PR?_LCD1602_WRITE_COM?TEST53
            CODE    0134H     000EH     UNIT         ?PR?LCD1602_BUSY?TEST53
            CODE    0142H     000EH     UNIT         ?PR?_LCD1602_WRITE_DATA_BUSY?TEST53
            CODE    0150H     000DH     UNIT         ?PR?IICSTART?TEST53
            CODE    015DH     000DH     UNIT         ?PR?IICSTOP?TEST53
            CODE    016AH     000CH     UNIT         ?C_C51STARTUP
            CODE    0176H     000AH     UNIT         ?PR?_LCD1602_DISP?TEST53
            CODE    0180H     0006H     UNIT         ?PR?_LCD1602_WRITE_COM_BUSY?TEST53



OVERLAY MAP OF MODULE:   TEST53 (TEST53)


SEGMENT
  +--> CALLED SEGMENT
---------------------
?C_C51STARTUP
  +--> ?PR?MAIN?TEST53

?PR?MAIN?TEST53
  +--> ?PR?LCD1602_INIT?TEST53
  +--> ?PR?_READAT24C02?TEST53
  +--> ?PR?_WRITEAT24C02?TEST53
  +--> ?PR?_LCD1602_DISP?TEST53
BL51 BANKED LINKER/LOCATER V5.00                                                      09/10/2013  11:34:17  PAGE 2



?PR?LCD1602_INIT?TEST53
  +--> ?PR?_LCD1602_WRITE_COM?TEST53
  +--> ?PR?_LCD1602_WRITE_COM_BUSY?TEST53

?PR?_LCD1602_WRITE_COM?TEST53
  +--> ?PR?_DELAY1602?TEST53

?PR?_LCD1602_WRITE_COM_BUSY?TEST53
  +--> ?PR?LCD1602_BUSY?TEST53
  +--> ?PR?_LCD1602_WRITE_COM?TEST53

?PR?_READAT24C02?TEST53
  +--> ?PR?IICSTART?TEST53
  +--> ?PR?_WRITE1BYTE?TEST53
  +--> ?PR?READ1BYTE?TEST53
  +--> ?PR?IICSTOP?TEST53

?PR?_WRITEAT24C02?TEST53
  +--> ?PR?IICSTART?TEST53
  +--> ?PR?_WRITE1BYTE?TEST53
  +--> ?PR?IICSTOP?TEST53

?PR?_LCD1602_DISP?TEST53
  +--> ?PR?_LCD1602_WRITE_ADDRESS?TEST53
  +--> ?PR?_LCD1602_WRITE_DATA_BUSY?TEST53

?PR?_LCD1602_WRITE_ADDRESS?TEST53
  +--> ?PR?_LCD1602_WRITE_COM_BUSY?TEST53

?PR?_LCD1602_WRITE_DATA_BUSY?TEST53
  +--> ?PR?LCD1602_BUSY?TEST53



SYMBOL TABLE OF MODULE:  TEST53 (TEST53)

  VALUE           TYPE          NAME
  ----------------------------------

  -------         MODULE        TEST53
  C:0000H         SYMBOL        _ICE_DUMMY_
  D:0080H         PUBLIC        P0
  C:00C3H         PUBLIC        _ReadAT24C02
  D:0090H         PUBLIC        P1
  D:00A0H         PUBLIC        P2
  B:00D0H.6       PUBLIC        AC
  B:00B0H.4       PUBLIC        T0
  B:00B0H.5       PUBLIC        T1
  B:00A8H.7       PUBLIC        EA
  B:0090H.0       PUBLIC        T2
  C:0150H         PUBLIC        IICstart
  C:0129H         PUBLIC        _LCD1602_Write_com
  C:0142H         PUBLIC        _LCD1602_Write_data_busy
  B:0080H.0       PUBLIC        P0_0
  C:00FBH         PUBLIC        _WriteAT24C02
  B:0090H.0       PUBLIC        P1_0
BL51 BANKED LINKER/LOCATER V5.00                                                      09/10/2013  11:34:17  PAGE 3


  B:0080H.1       PUBLIC        P0_1
  B:00D0H.1       PUBLIC        FL
  B:00A0H.0       PUBLIC        P2_0
  B:0090H.1       PUBLIC        P1_1
  B:0080H.2       PUBLIC        P0_2
  B:00B0H.0       PUBLIC        P3_0
  B:00A0H.1       PUBLIC        P2_1
  B:0090H.2       PUBLIC        P1_2
  B:0080H.3       PUBLIC        P0_3
  B:00B0H.1       PUBLIC        P3_1
  B:00A0H.2       PUBLIC        P2_2
  B:0090H.3       PUBLIC        P1_3
  B:0080H.4       PUBLIC        P0_4
  B:00B0H.2       PUBLIC        P3_2
  B:00A0H.3       PUBLIC        P2_3
  B:0090H.4       PUBLIC        P1_4
  B:0080H.5       PUBLIC        P0_5
  B:00C8H.6       PUBLIC        EXF2
  B:00B0H.7       PUBLIC        RD
  B:00B0H.3       PUBLIC        P3_3
  B:00A0H.4       PUBLIC        P2_4
  B:0090H.5       PUBLIC        P1_5
  B:0080H.6       PUBLIC        P0_6
  B:00B0H.4       PUBLIC        P3_4
  B:00A0H.5       PUBLIC        P2_5
  B:0090H.6       PUBLIC        P1_6
  B:0080H.7       PUBLIC        P0_7
  B:00B0H.5       PUBLIC        P3_5
  B:00A8H.4       PUBLIC        ES
  B:00A0H.6       PUBLIC        P2_6
  B:0090H.7       PUBLIC        P1_7
  B:00B0H.6       PUBLIC        P3_6
  B:00A0H.7       PUBLIC        P2_7
  B:00B0H.7       PUBLIC        P3_7
  B:0098H.0       PUBLIC        RI
  C:0112H         PUBLIC        _Delay1602
  B:00D0H.7       PUBLIC        CY
  B:00B0H.2       PUBLIC        INT0
  B:00B0H.3       PUBLIC        INT1
  B:0098H.1       PUBLIC        TI
  C:015DH         PUBLIC        IICstop
  D:0008H         PUBLIC        DISbuf
  B:00B8H.4       PUBLIC        PS
  B:0090H.1       PUBLIC        T2EX
  B:00A0H.5       PUBLIC        RS
  B:00D0H.2       PUBLIC        OV
  C:0003H         PUBLIC        main
  B:00A0H.4       PUBLIC        RW
  B:00C8H.1       PUBLIC        C_T2
  B:00B0H.6       PUBLIC        WR
  B:00C8H.5       PUBLIC        RCLK
  B:00C8H.4       PUBLIC        TCLK
  C:0180H         PUBLIC        _LCD1602_Write_com_busy
  C:0052H         PUBLIC        LCD1602_init
  C:007CH         PUBLIC        _Write1Byte
  C:00E3H         PUBLIC        _LCD1602_Write_address
  B:0088H.1       PUBLIC        IE0
BL51 BANKED LINKER/LOCATER V5.00                                                      09/10/2013  11:34:17  PAGE 4


  B:0088H.3       PUBLIC        IE1
  C:0134H         PUBLIC        LCD1602_busy
  B:00A0H.3       PUBLIC        E
  B:00C8H.0       PUBLIC        CP_RL2
  C:00A2H         PUBLIC        Read1Byte
  B:00A8H.1       PUBLIC        ET0
  B:00A8H.3       PUBLIC        ET1
  B:0088H.5       PUBLIC        TF0
  B:00A8H.5       PUBLIC        ET2
  B:0088H.7       PUBLIC        TF1
  B:00C8H.7       PUBLIC        TF2
  B:0098H.2       PUBLIC        RB8
  B:00A8H.0       PUBLIC        EX0
  B:0088H.0       PUBLIC        IT0
  B:00A8H.2       PUBLIC        EX1
  B:0098H.3       PUBLIC        TB8
  B:0088H.2       PUBLIC        IT1
  B:00D0H.0       PUBLIC        P
  B:0098H.7       PUBLIC        SM0
  B:0098H.6       PUBLIC        SM1
  B:0098H.5       PUBLIC        SM2
  D:0009H         PUBLIC        ATbuf
  B:00B8H.1       PUBLIC        PT0
  B:00D0H.3       PUBLIC        RS0
  B:00B8H.3       PUBLIC        PT1
  B:00D0H.4       PUBLIC        RS1
  B:00B8H.5       PUBLIC        PT2
  B:0088H.4       PUBLIC        TR0
  B:0088H.6       PUBLIC        TR1
  B:0090H.4       PUBLIC        SDA
  B:00C8H.2       PUBLIC        TR2
  B:00B8H.0       PUBLIC        PX0
  B:00B8H.2       PUBLIC        PX1
  B:0090H.5       PUBLIC        SCL
  B:00C8H.3       PUBLIC        EXEN2
  B:0098H.4       PUBLIC        REN
  B:00B0H.0       PUBLIC        RXD
  C:0176H         PUBLIC        _LCD1602_Disp
  B:00B0H.1       PUBLIC        TXD
  B:00D0H.5       PUBLIC        F0
  -------         PROC          IICSTART
  C:0150H         LINE#         42
  C:0150H         LINE#         43
  C:0150H         LINE#         44
  C:0152H         LINE#         45
  C:0154H         LINE#         46
  C:0155H         LINE#         47
  C:0156H         LINE#         48
  C:0158H         LINE#         49
  C:0159H         LINE#         50
  C:015AH         LINE#         51
  C:015CH         LINE#         52
  -------         ENDPROC       IICSTART
  -------         PROC          IICSTOP
  C:015DH         LINE#         61
  C:015DH         LINE#         62
  C:015DH         LINE#         63
BL51 BANKED LINKER/LOCATER V5.00                                                      09/10/2013  11:34:17  PAGE 5


  C:015FH         LINE#         64
  C:0161H         LINE#         65
  C:0162H         LINE#         66
  C:0163H         LINE#         67
  C:0165H         LINE#         68
  C:0166H         LINE#         69
  C:0167H         LINE#         70
  C:0169H         LINE#         71
  -------         ENDPROC       IICSTOP
  -------         PROC          _WRITE1BYTE
  D:0007H         SYMBOL        Buf1
  -------         DO            
  D:0006H         SYMBOL        k
  -------         ENDDO         
  C:007CH         LINE#         80
  C:007CH         LINE#         81
  C:007CH         LINE#         83
  C:007EH         LINE#         84
  C:007EH         LINE#         85
  C:0082H         LINE#         86
  C:0082H         LINE#         87
  C:0084H         LINE#         88
  C:0086H         LINE#         90
  C:0086H         LINE#         91
  C:0088H         LINE#         92
  C:0088H         LINE#         93
  C:0089H         LINE#         94
  C:008AH         LINE#         95
  C:008CH         LINE#         96
  C:0090H         LINE#         97
  C:0091H         LINE#         98
  C:0093H         LINE#         99
  C:0094H         LINE#         100
  C:0098H         LINE#         101
  C:009AH         LINE#         102
  C:009BH         LINE#         103
  C:009DH         LINE#         104
  C:009EH         LINE#         105
  C:009FH         LINE#         106
  C:00A1H         LINE#         107
  -------         ENDPROC       _WRITE1BYTE
  -------         PROC          READ1BYTE
  -------         DO            
  D:0006H         SYMBOL        k
  D:0007H         SYMBOL        t
  -------         ENDDO         
  C:00A2H         LINE#         116
  C:00A2H         LINE#         117
  C:00A2H         LINE#         119
  C:00A4H         LINE#         120
  C:00A5H         LINE#         121
  C:00A5H         LINE#         122
  C:00A9H         LINE#         123
  C:00ABH         LINE#         124
  C:00ADH         LINE#         125
  C:00AEH         LINE#         126
  C:00AFH         LINE#         127
BL51 BANKED LINKER/LOCATER V5.00                                                      09/10/2013  11:34:17  PAGE 6


  C:00B2H         LINE#         128
  C:00B2H         LINE#         129
  C:00B5H         LINE#         130
  C:00B7H         LINE#         132
  C:00B7H         LINE#         133
  C:00BAH         LINE#         134
  C:00BAH         LINE#         135
  C:00BCH         LINE#         136
  C:00BDH         LINE#         137
  C:00BEH         LINE#         138
  C:00C2H         LINE#         139
  C:00C2H         LINE#         140
  -------         ENDPROC       READ1BYTE
  -------         PROC          _WRITEAT24C02
  D:0004H         SYMBOL        Address
  D:0005H         SYMBOL        Databuf
  C:00FBH         LINE#         149
  C:00FDH         LINE#         150
  C:00FDH         LINE#         151
  C:0100H         LINE#         153
  C:0105H         LINE#         155
  C:010AH         LINE#         157
  C:010FH         LINE#         159
  -------         ENDPROC       _WRITEAT24C02
  -------         PROC          _READAT24C02
  D:0005H         SYMBOL        Address
  -------         DO            
  D:0007H         SYMBOL        buf
  -------         ENDDO         
  C:00C3H         LINE#         169
  C:00C5H         LINE#         170
  C:00C5H         LINE#         172
  C:00C8H         LINE#         174
  C:00CDH         LINE#         176
  C:00D2H         LINE#         178
  C:00D5H         LINE#         180
  C:00DAH         LINE#         182
  C:00DDH         LINE#         184
  C:00E0H         LINE#         186
  C:00E2H         LINE#         187
  -------         ENDPROC       _READAT24C02
  -------         PROC          _DELAY1602
  D:0006H         SYMBOL        t
  -------         DO            
  D:0004H         SYMBOL        k
  -------         ENDDO         
  C:0112H         LINE#         196
  C:0112H         LINE#         197
  C:0112H         LINE#         199
  C:0123H         LINE#         200
  -------         ENDPROC       _DELAY1602
  -------         PROC          LCD1602_BUSY
  C:0134H         LINE#         209
  C:0134H         LINE#         210
  C:0134H         LINE#         211
  C:0136H         LINE#         212
  C:0138H         LINE#         213
BL51 BANKED LINKER/LOCATER V5.00                                                      09/10/2013  11:34:17  PAGE 7


  C:013AH         LINE#         214
  C:013CH         LINE#         215
  C:013FH         LINE#         216
  C:0141H         LINE#         217
  -------         ENDPROC       LCD1602_BUSY
  C:0124H         SYMBOL        L?0038
  -------         PROC          L?0037
  -------         ENDPROC       L?0037
  C:0124H         SYMBOL        L?0038
  -------         PROC          _LCD1602_WRITE_COM
  D:0007H         SYMBOL        combuf
  C:0129H         LINE#         226
  C:0129H         LINE#         227
  C:0129H         LINE#         228
  C:012BH         LINE#         229
  C:012DH         LINE#         230
  C:012FH         LINE#         231
  C:0131H         LINE#         232
  C:0133H         LINE#         233
  -------         ENDPROC       _LCD1602_WRITE_COM
  -------         PROC          _LCD1602_WRITE_COM_BUSY
  D:0007H         SYMBOL        combuf
  C:0180H         LINE#         242
  C:0180H         LINE#         243
  C:0180H         LINE#         244
  C:0183H         LINE#         245
  -------         ENDPROC       _LCD1602_WRITE_COM_BUSY
  -------         PROC          _LCD1602_WRITE_DATA_BUSY
  D:0007H         SYMBOL        databuf
  C:0142H         LINE#         255
  C:0142H         LINE#         256
  C:0142H         LINE#         257
  C:0145H         LINE#         258
  C:0147H         LINE#         259
  C:0149H         LINE#         260
  C:014BH         LINE#         261
  C:014DH         LINE#         262
  C:014FH         LINE#         263
  -------         ENDPROC       _LCD1602_WRITE_DATA_BUSY
  -------         PROC          _LCD1602_WRITE_ADDRESS
  D:0006H         SYMBOL        x
  D:0005H         SYMBOL        y
  C:00E3H         LINE#         272
  C:00E5H         LINE#         273
  C:00E5H         LINE#         274
  C:00E8H         LINE#         275
  C:00EBH         LINE#         276
  C:00EEH         LINE#         277
  C:00F1H         LINE#         279
  C:00FAH         LINE#         280
  -------         ENDPROC       _LCD1602_WRITE_ADDRESS
  -------         PROC          LCD1602_INIT
  C:0052H         LINE#         289
  C:0052H         LINE#         290
  C:0052H         LINE#         291
  C:0056H         LINE#         292
  C:0059H         LINE#         293
BL51 BANKED LINKER/LOCATER V5.00                                                      09/10/2013  11:34:17  PAGE 8


  C:005DH         LINE#         294
  C:0060H         LINE#         295
  C:0062H         LINE#         296
  C:0065H         LINE#         297
  C:0068H         LINE#         298
  C:006DH         LINE#         299
  C:0072H         LINE#         300
  C:0077H         LINE#         301
  -------         ENDPROC       LCD1602_INIT
  -------         PROC          _LCD1602_DISP
  D:0006H         SYMBOL        x
  D:0005H         SYMBOL        y
  D:0004H         SYMBOL        buf
  C:0176H         LINE#         311
  C:0178H         LINE#         312
  C:0178H         LINE#         313
  C:017BH         LINE#         314
  -------         ENDPROC       _LCD1602_DISP
  -------         PROC          MAIN
  C:0003H         LINE#         324
  C:0003H         LINE#         325
  C:0003H         LINE#         326
  C:0006H         LINE#         327
  C:000DH         LINE#         328
  C:000FH         LINE#         329
  C:0016H         LINE#         330
  C:0016H         LINE#         331
  C:0016H         LINE#         334
  C:0019H         LINE#         338
  C:0028H         LINE#         339
  C:003EH         LINE#         340
  C:0050H         LINE#         343
  -------         ENDPROC       MAIN
  -------         ENDMOD        TEST53

Program Size: data=11.0 xdata=0 code=390
LINK/LOCATE RUN COMPLETE.  0 WARNING(S),  0 ERROR(S)
