BL51 BANKED LINKER/LOCATER V5.00                                                        09/18/2012  22:31:12  PAGE 1


BL51 BANKED LINKER/LOCATER V5.00, INVOKED BY:
C:\KEIL\C51\BIN\BL51.EXE TEST79.obj TO TEST79 RAMSIZE (256)


MEMORY MODEL: SMALL


INPUT MODULES INCLUDED:
  TEST79.obj (TEST79)
  C:\KEIL\C51\LIB\C51S.LIB (?C_STARTUP)
  C:\KEIL\C51\LIB\C51S.LIB (?C?CLDPTR)


LINK MAP OF MODULE:  TEST79 (TEST79)


            TYPE    BASE      LENGTH    RELOCATION   SEGMENT NAME
            -----------------------------------------------------

            * * * * * * *   D A T A   M E M O R Y   * * * * * * *
            REG     0000H     0008H     ABSOLUTE     "REG BANK 0"
            IDATA   0008H     0001H     UNIT         ?STACK

            * * * * * * *   C O D E   M E M O R Y   * * * * * * *
            CODE    0000H     0003H     ABSOLUTE     
            CODE    0003H     004AH     UNIT         ?PR?_NUM?TEST79
            CODE    004DH     002BH     UNIT         ?PR?_WRITE_XY?TEST79
            CODE    0078H     002BH     UNIT         ?PR?INIT_LCD?TEST79
            CODE    00A3H     001DH     UNIT         ?PR?_WRITE_STRING?TEST79
            CODE    00C0H     001CH     UNIT         ?PR?MAIN?TEST79
            CODE    00DCH     001AH     UNIT         ?PR?_WRITE_COM?TEST79
            CODE    00F6H     001AH     UNIT         ?PR?_WRITE_DATA?TEST79
            CODE    0110H     0019H     UNIT         ?C?LIB_CODE
            CODE    0129H     0016H     UNIT         ?CO?TEST79
            CODE    013FH     0012H     UNIT         ?PR?_DELAY?TEST79
            CODE    0151H     000CH     UNIT         ?C_C51STARTUP



OVERLAY MAP OF MODULE:   TEST79 (TEST79)


SEGMENT
  +--> CALLED SEGMENT
---------------------
?C_C51STARTUP
  +--> ?PR?MAIN?TEST79

?PR?MAIN?TEST79
  +--> ?PR?INIT_LCD?TEST79
  +--> ?CO?TEST79
  +--> ?PR?_WRITE_STRING?TEST79

?PR?INIT_LCD?TEST79
  +--> ?PR?_DELAY?TEST79
  +--> ?PR?_WRITE_COM?TEST79

?PR?_WRITE_COM?TEST79
BL51 BANKED LINKER/LOCATER V5.00                                                      09/18/2012  22:31:12  PAGE 2


  +--> ?PR?_NUM?TEST79

?PR?_WRITE_STRING?TEST79
  +--> ?PR?_WRITE_XY?TEST79
  +--> ?PR?_WRITE_DATA?TEST79
  +--> ?PR?_DELAY?TEST79

?PR?_WRITE_XY?TEST79
  +--> ?PR?_WRITE_COM?TEST79

?PR?_WRITE_DATA?TEST79
  +--> ?PR?_NUM?TEST79



SYMBOL TABLE OF MODULE:  TEST79 (TEST79)

  VALUE           TYPE          NAME
  ----------------------------------

  -------         MODULE        ?C?CLDPTR
  C:0110H         PUBLIC        ?C?CLDPTR
  -------         ENDMOD        ?C?CLDPTR

Program Size: data=9.0 xdata=0 code=349
LINK/LOCATE RUN COMPLETE.  0 WARNING(S),  0 ERROR(S)
