C51 COMPILER V7.00  TEST81                                                                 09/18/2012 22:42:06 PAGE 1   


C51 COMPILER V7.00, COMPILATION OF MODULE TEST81
OBJECT MODULE PLACED IN TEST81.OBJ
COMPILER INVOKED BY: C:\Keil\C51\BIN\C51.EXE TEST81.c BROWSE DEBUG OBJECTEXTEND

stmt level    source

   1          ////////////////////////////////////////////////////////////////////////////
   2          //                给力者单片机开发学习系统，开发学习都给力！              //
   3          ////////////////////////////////////////////////////////////////////////////
   4          //                     学习51单片机，其实可以很简单                       //
   5          ////////////////////////////////////////////////////////////////////////////
   6          //                宁波芯动电子有限公司  www.MovingChip.com                //
   7          ////////////////////////////////////////////////////////////////////////////
   8          
   9          #include <AT89X52.h>       //调用51单片机的头文件
  10          #include <Intrins.h>    //因为本例中用到空操作_nop_();所以必须调用这个头文件
  11          
  12          //---------------------------------------
  13          //12864液晶相关I/O设置
  14          sbit RS=P2^0;                   //并行数据/控制字选择 H:数据  L:控制字
  15          sbit RW=P2^1;                   //并行读/写选择       H:读    L:写
  16          sbit E =P2^2;                   //并行读写使能        H有效,下降沿锁定数据
  17          sbit PSB=P2^3;          //串口,并口选择       H:并口  L:串口（开发板上引脚标识为CS1）
  18          sbit RST=P2^5;          //复位引脚            L:液晶复位
  19          sbit DB0=P0^7;                  //
  20          sbit DB1=P0^6;                  //
  21          sbit DB2=P0^5;                  //
  22          sbit DB3=P0^4;                  //
  23          sbit DB4=P0^3;                  //
  24          sbit DB5=P0^2;                  //
  25          sbit DB6=P0^1;                  //
  26          sbit DB7=P0^0;                  //
  27          //---------------------------------------
  28          
  29          unsigned char code picture[]={
  30          /*--  调入了一幅图像：F:\kaifaban\GL8\05.bmp  --*/
  31          /*--  宽度x高度=128x64  --*/
  32          0x00,0x02,0x80,0x2A,0x91,0x15,0x5E,0x1F,0xFF,0xCB,0x50,0x01,0x7E,0xA1,0x00,0x00,
  33          0x00,0x04,0x94,0x50,0xC0,0x06,0xB7,0xBF,0xFE,0x74,0xA0,0x00,0xF5,0xD0,0x80,0x00,
  34          0x20,0x00,0x28,0x57,0x00,0x0A,0xDF,0xFF,0xFF,0x8A,0x80,0x00,0x73,0xD2,0x00,0x00,
  35          0x00,0x00,0x80,0x02,0xF0,0x1A,0xBB,0xFF,0xFA,0x51,0x00,0x00,0x9D,0xF4,0x00,0x04,
  36          0x00,0x00,0x00,0x03,0xD0,0x15,0x77,0xFF,0xE7,0xAA,0x00,0x00,0x7F,0xB8,0x00,0x00,
  37          0x00,0x00,0x00,0x02,0xE8,0xAA,0xEF,0xFF,0xFF,0xD4,0x00,0x00,0x1F,0xEC,0x00,0x00,
  38          0x41,0x00,0x00,0x03,0xD0,0x55,0xFF,0xFF,0xFE,0xE0,0x00,0x00,0x2F,0xEC,0x00,0x00,
  39          0x00,0x00,0x00,0x00,0xA8,0x0B,0xBF,0xFF,0xFF,0x10,0x00,0x00,0x2F,0xFE,0x00,0x00,
  40          0x42,0xA8,0x00,0x0F,0x50,0x2F,0xFF,0xFF,0xFE,0x40,0x00,0x00,0x17,0xF4,0x00,0x00,
  41          0x02,0x04,0x00,0x01,0xBC,0x16,0xFF,0xFF,0xFF,0xA8,0x00,0x00,0x17,0xFE,0x00,0x00,
  42          0x00,0x00,0x00,0x46,0x45,0x2D,0xF8,0x7F,0xFD,0x57,0x00,0x00,0x0F,0xFE,0x00,0x00,
  43          0x00,0x52,0x00,0x02,0x22,0x1F,0xF9,0x1F,0xF5,0x00,0x40,0x00,0x0B,0xFF,0x01,0x00,
  44          0x00,0x24,0x01,0x0C,0x22,0x77,0xFA,0xBF,0x54,0x00,0xA0,0x00,0x07,0xFE,0x00,0x0C,
  45          0x80,0x14,0x00,0x1E,0x04,0x3F,0xFD,0x1D,0xF0,0x00,0x28,0x00,0x0B,0xFF,0x00,0x04,
  46          0x00,0x51,0x40,0x19,0x11,0xDF,0xF4,0x7E,0x80,0x00,0x50,0x00,0x17,0xFF,0x00,0x00,
  47          0x48,0x58,0xAA,0xBA,0x98,0x3F,0xF8,0x3A,0x00,0x00,0x20,0x00,0x03,0xFF,0x00,0x00,
  48          0x20,0xA0,0xAA,0xEA,0xA0,0x0F,0xFF,0xF4,0x01,0x00,0x00,0x00,0x13,0xFF,0x00,0x20,
  49          0x20,0x20,0x21,0x2E,0x60,0x07,0xFF,0xE8,0x02,0xFD,0x00,0x00,0x05,0xFF,0x80,0x00,
  50          0x00,0x00,0xA3,0xCB,0x80,0x07,0xFF,0xD0,0x05,0xD7,0x00,0x00,0x13,0xFF,0x04,0x00,
  51          0x10,0x00,0x2A,0xFB,0x40,0x07,0xBF,0xE0,0x01,0xA3,0xC0,0x00,0x01,0xFF,0xA0,0x00,
  52          0x40,0x01,0x2A,0xD4,0x11,0x15,0xFF,0x80,0x00,0x57,0x80,0x00,0x4B,0xFF,0x00,0x00,
  53          0x88,0x02,0x15,0xDA,0x42,0x8B,0xBD,0xC0,0x00,0x07,0xC0,0x00,0xA8,0xFF,0x90,0x00,
  54          0x00,0x01,0x2B,0x35,0x21,0x0B,0xBF,0x00,0x00,0x02,0x88,0x01,0x59,0xFF,0x00,0x00,
  55          0x00,0x01,0x55,0x1A,0xC4,0x15,0x7F,0x80,0x00,0x10,0x80,0x04,0xAE,0xFF,0x80,0x00,
C51 COMPILER V7.00  TEST81                                                                 09/18/2012 22:42:06 PAGE 2   

  56          0x80,0x05,0x4A,0x15,0x24,0x0E,0xFE,0x00,0x00,0x05,0x00,0x09,0x0A,0xFF,0x18,0x01,
  57          0x08,0x02,0xD3,0x54,0x20,0x0D,0x7F,0x00,0x00,0x00,0x00,0x00,0x42,0xFF,0xA0,0x00,
  58          0x10,0x1D,0x48,0x30,0x88,0x36,0xFD,0x00,0x00,0x00,0x00,0x00,0x03,0xFF,0x22,0xE0,
  59          0x00,0x15,0x54,0x52,0x0B,0xDE,0xFE,0x00,0x00,0x00,0x00,0x00,0x09,0xFF,0xAE,0xB8,
  60          0x00,0x2A,0x52,0x80,0x07,0xDD,0xBA,0x00,0x00,0x00,0x00,0x15,0xA5,0xFF,0x54,0x94,
  61          0x40,0x2A,0xA9,0x50,0x0D,0xED,0xFC,0x00,0x00,0x00,0x00,0x09,0xF5,0xFF,0xAB,0x50,
  62          0x02,0xA1,0x66,0x80,0x0B,0xFD,0x70,0x00,0x00,0x00,0x00,0x03,0xF5,0xFF,0xA5,0x50,
  63          0x02,0x00,0x02,0xA0,0x03,0xFD,0xF8,0x00,0x00,0x00,0x00,0x08,0xFB,0xFF,0x42,0xA8,
  64          0x02,0x80,0xDD,0x40,0x0D,0xFB,0xE0,0x00,0x00,0x00,0x00,0x00,0xF3,0xFF,0x22,0xB0,
  65          0x02,0x40,0x25,0x00,0x03,0xFF,0xF0,0x00,0x00,0x00,0x00,0x02,0x37,0xFF,0xA8,0xC0,
  66          0x01,0x00,0x00,0x80,0x1B,0xFB,0xC0,0x00,0x00,0x00,0x00,0x00,0x27,0xFF,0x51,0x00,
  67          0xB5,0x01,0x00,0x00,0x07,0xFF,0xE0,0x00,0x00,0x00,0x00,0x00,0x07,0xFF,0x00,0x00,
  68          0x9A,0x00,0x00,0x00,0x17,0xFF,0x80,0x00,0x00,0x08,0x00,0x00,0x0F,0xFF,0x00,0x80,
  69          0x74,0x00,0x00,0x00,0x0F,0xFF,0xE0,0x00,0x00,0x09,0xC0,0x00,0x0F,0xFF,0x00,0x00,
  70          0x91,0x20,0x00,0x00,0x1F,0xFF,0x80,0x00,0x00,0x05,0x80,0x00,0x0F,0xFE,0x00,0x00,
  71          0x65,0x14,0x00,0x00,0x1F,0xFF,0xC0,0x00,0x00,0x02,0xA0,0x00,0x0F,0xFF,0x20,0x00,
  72          0x90,0x08,0x00,0x00,0x03,0xFF,0x80,0x00,0x00,0x00,0x2A,0x00,0x1F,0xFE,0x02,0x00,
  73          0x24,0x04,0x00,0x00,0x03,0xFF,0xC0,0x00,0x02,0x00,0x56,0x00,0x1F,0xFE,0x20,0x00,
  74          0x50,0x00,0x00,0x00,0x1B,0xF7,0x80,0x00,0x0E,0x00,0x48,0x00,0x1F,0xFC,0x00,0x00,
  75          0x24,0x00,0x00,0x00,0x1F,0xFF,0xE0,0x00,0x05,0xD4,0x00,0x00,0x1F,0xFC,0x00,0x00,
  76          0x52,0x80,0x00,0x00,0x1F,0xF7,0xC0,0x00,0x01,0x70,0x00,0x00,0x3F,0xF0,0x00,0x00,
  77          0x45,0x40,0x00,0x00,0x1F,0xFF,0xF0,0x00,0x01,0x1E,0x80,0x00,0x3F,0xFC,0x00,0x20,
  78          0x5A,0x80,0x00,0x00,0x1F,0xFF,0xE0,0x00,0x01,0x47,0x40,0x00,0x7F,0xFA,0x00,0x20,
  79          0x15,0x40,0x00,0x00,0x0F,0xFF,0xF8,0x00,0x00,0x51,0xA0,0x00,0x7F,0xFC,0x00,0x00,
  80          0x16,0x80,0x00,0x00,0x1F,0xFF,0xF8,0x00,0x00,0x20,0xE0,0x01,0xFF,0xF8,0x00,0x00,
  81          0x15,0x40,0x00,0x00,0x0F,0xFF,0xFC,0x00,0x00,0x44,0x38,0x01,0xFF,0xF8,0x00,0x00,
  82          0x0A,0xA0,0x00,0x00,0x1F,0xFF,0xFA,0x00,0x00,0x29,0x30,0x03,0xFF,0xF0,0x00,0x00,
  83          0x05,0x40,0x00,0x00,0x0D,0xFF,0xFD,0x00,0x00,0x0A,0x48,0x07,0xFF,0xF8,0x00,0x00,
  84          0x05,0x00,0x00,0x00,0x1F,0xFF,0xFA,0x00,0x00,0x0A,0x80,0x2F,0xFF,0xF0,0x80,0x00,
  85          0x00,0x00,0x00,0x00,0x0D,0xFF,0xFE,0x80,0x00,0x02,0x00,0x0F,0xFF,0xF9,0x00,0x00,
  86          0x00,0x00,0x00,0x00,0x1B,0xFF,0xFD,0x40,0x00,0x00,0x00,0xBF,0xFF,0xF5,0x00,0x00,
  87          0x00,0x00,0x00,0x00,0x0B,0xF7,0xFE,0xA0,0x00,0x00,0x00,0x3F,0xFF,0xF4,0x01,0x54,
  88          0x00,0x00,0x00,0x00,0x17,0xF6,0xFD,0x50,0x00,0x00,0x01,0x7F,0xFF,0xF4,0x16,0xD0,
  89          0x00,0x00,0x00,0x00,0x09,0xF2,0xFE,0xA8,0x00,0x00,0x04,0xFF,0xFF,0xF5,0x70,0x10,
  90          0x00,0x00,0x00,0x00,0x0A,0xD0,0xFA,0xAA,0x00,0x00,0x15,0xFF,0xFF,0xEA,0xEA,0x20,
  91          0x00,0x00,0x00,0x00,0x03,0xE0,0x17,0x55,0x40,0x00,0x23,0xFF,0xFF,0xF5,0x94,0x60,
  92          0x00,0x00,0x00,0x00,0x0F,0xF0,0x74,0x4A,0xA8,0x01,0x5F,0xFF,0xFF,0xAA,0xF6,0x80,
  93          0x00,0x00,0x00,0x00,0x03,0xF1,0x7B,0x55,0x50,0x82,0x3F,0xFF,0xFF,0xE9,0x7A,0x20,
  94          0x00,0x00,0x00,0x00,0x07,0xF5,0xF6,0x2A,0xAA,0x25,0xFF,0xFF,0xFF,0x6A,0x68,0x00,
  95          0x00,0x00,0x00,0x00,0x0B,0xFF,0xFB,0x41,0x55,0x57,0xFF,0xFF,0xFF,0xD1,0x50,0x00,
  96          };
  97          //---------------------------------------
  98          //名称：液晶用延时函数
  99          //适用：给力者GL9单片机开发学习系统
 100          //公司：宁波芯动电子有限公司
 101          //网址：www.MovingChip.com
 102          //日期：20120918
 103          //---------------------------------------
 104          void delay(unsigned int t)
 105          {
 106   1              unsigned int i;
 107   1              for(i=0;i<t;i++);       
 108   1      }
 109          //---------------------------------------
 110          //名称：字节内位数据位置转换函数
 111          //适用：给力者GL9单片机开发学习系统
 112          //公司：宁波芯动电子有限公司
 113          //网址：www.MovingChip.com
 114          //日期：20120918
 115          //---------------------------------------
 116          unsigned char num(unsigned char dat)
 117          {
C51 COMPILER V7.00  TEST81                                                                 09/18/2012 22:42:06 PAGE 3   

 118   1         unsigned char val;
 119   1              val = ((dat & 0x01) << 7) | ((dat & 0x02) << 5) | ((dat & 0x04) << 3) | ((dat & 0x08) << 1) |
 120   1         ((dat & 0x10) >> 1) | ((dat & 0x20) >> 3) | ((dat & 0x40) >> 5) | ((dat & 0x80) >> 7);
 121   1         return  val;
 122   1      } 
 123          //---------------------------------------
 124          //名称：写命令函数
 125          //适用：给力者GL9单片机开发学习系统
 126          //公司：宁波芯动电子有限公司
 127          //网址：www.MovingChip.com
 128          //日期：20120918
 129          //---------------------------------------
 130          void write_com(unsigned char cmdcode)
 131          {               
 132   1              RS=0;                   //设置该字节数据为命令代码
 133   1              RW=1;                   //设置此次操作为读
 134   1              E=1;                    //使能
 135   1              _nop_();                        //空操作，做短暂的延时
 136   1              _nop_();                        //空操作，做短暂的延时
 137   1              E=0;                    //失能
 138   1              RS=0;                   //设置该字节数据为命令代码
 139   1              RW=0;                   //设置此次操作为读写
 140   1              P0=num(cmdcode);                //将命令写入总线
 141   1              _nop_();                        //空操作，做短暂的延时
 142   1              E=1;                            //E的下降沿，数据写入
 143   1              _nop_();                        //空操作，做短暂的延时
 144   1              E=0;                            //E的下降沿，数据写入
 145   1      }
 146          //---------------------------------------
 147          //名称：写数据函数
 148          //适用：给力者GL9单片机开发学习系统
 149          //公司：宁波芯动电子有限公司
 150          //网址：www.MovingChip.com
 151          //日期：20120918
 152          //---------------------------------------
 153          void write_data(unsigned char Rsspdata)
 154          {
 155   1              RS=0;                   //设置该字节数据为命令代码
 156   1              RW=1;                   //设置此次操作为读
 157   1              E=1;                    //使能
 158   1              _nop_();                        //空操作，做短暂的延时
 159   1              _nop_();                        //空操作，做短暂的延时
 160   1              E=0;                    //失能
 161   1              RS=1;                   //设置该字节数据为数据代码
 162   1              RW=0;                   //设置此次操作为读写
 163   1              P0=num(Rsspdata);               //将数据写入总线
 164   1              _nop_();                        //空操作，做短暂的延时
 165   1              E=1;                            //E的下降沿，数据写入
 166   1              _nop_();                        //空操作，做短暂的延时
 167   1              E=0;                            //E的下降沿，数据写入
 168   1      } 
 169          
 170          //---------------------------------------
 171          //名称：图片显示函数
 172          //适用：给力者GL9单片机开发学习系统
 173          //公司：宁波芯动电子有限公司
 174          //网址：www.MovingChip.com
 175          //日期：20120918
 176          //---------------------------------------
 177          void img_disp(unsigned char code *img)
 178          {
 179   1              unsigned char i,j;
C51 COMPILER V7.00  TEST81                                                                 09/18/2012 22:42:06 PAGE 4   

 180   1              for(j=0;j<32;j++)
 181   1              {
 182   2              for(i=0;i<8;i++)
 183   2              {
 184   3              write_com(0x34);                //扩展指令集
 185   3                              //连续写两个字节完成垂直于水平的坐标
 186   3              write_com(0x80+j);   //先设定垂直地址(0-32)
 187   3              write_com(0x80+i);      //再设定水平地址(0-8)
 188   3              write_com(0x30);                //基本指令集
 189   3              write_data(img[j*16+i*2]);
 190   3              write_data(img[j*16+i*2+1]);
 191   3              }
 192   2              }
 193   1              for(j=32;j<64;j++)
 194   1              {
 195   2              for(i=0;i<8;i++)
 196   2              {
 197   3              write_com(0x34);                //扩展指令集
 198   3                              //连续写两个字节完成垂直于水平的坐标
 199   3              write_com(0x80+j-32);   //先设定垂直地址(0-32)
 200   3              write_com(0x88+i);      //再设定水平地址(0-8)
 201   3              write_com(0x30);                //基本指令集
 202   3              write_data(img[j*16+i*2]);
 203   3              write_data(img[j*16+i*2+1]);
 204   3              }
 205   2              }
 206   1              write_com(0x36);                                //扩展指令集，绘图显示ON
 207   1      }
 208          //---------------------------------------
 209          //名称：12864初始化函数
 210          //适用：给力者GL9单片机开发学习系统
 211          //公司：宁波芯动电子有限公司
 212          //网址：www.MovingChip.com
 213          //日期：20120918
 214          //---------------------------------------  
 215          void init_lcd(void)
 216          {          
 217   1              RST=0;           //复位液晶
 218   1              delay(250);      //加些延时
 219   1              RST=1;           //复位结束
 220   1              delay(250);      //加些延时
 221   1              PSB=1;           //选择8bit并口
 222   1      
 223   1              write_com(0x30);  //基本指令集  
 224   1              write_com(0x0c);  //显示开
 225   1              write_com(0x06);  //光标右移，整体显示不移动
 226   1              write_com(0x01);  //清除显示(清零DDRAM)
 227   1              delay(250);
 228   1      }  
 229          //---------------------------------------
 230          //名称: 主函数
 231          //适用：给力者GL9单片机开发学习系统
 232          //公司：宁波芯动电子有限公司
 233          //网址：www.MovingChip.com
 234          //日期：20120918
 235          //---------------------------------------       
 236          void main()
 237          {  
 238   1              init_lcd();                                       //初始化液晶
 239   1              img_disp(picture);        //显示图片
 240   1              while(1)
 241   1              {                       
C51 COMPILER V7.00  TEST81                                                                 09/18/2012 22:42:06 PAGE 5   

 242   2                      
 243   2              }
 244   1      }
 245          


MODULE INFORMATION:   STATIC OVERLAYABLE
   CODE SIZE        =    362    ----
   CONSTANT SIZE    =   1024    ----
   XDATA SIZE       =   ----    ----
   PDATA SIZE       =   ----    ----
   DATA SIZE        =   ----       2
   IDATA SIZE       =   ----    ----
   BIT SIZE         =   ----    ----
END OF MODULE INFORMATION.


C51 COMPILATION COMPLETE.  0 WARNING(S),  0 ERROR(S)
