BL51 BANKED LINKER/LOCATER V5.00                                                        09/18/2012  22:42:06  PAGE 1


BL51 BANKED LINKER/LOCATER V5.00, INVOKED BY:
C:\KEIL\C51\BIN\BL51.EXE TEST81.obj TO TEST81 RAMSIZE (256)


MEMORY MODEL: SMALL


INPUT MODULES INCLUDED:
  TEST81.obj (TEST81)
  C:\KEIL\C51\LIB\C51S.LIB (?C_STARTUP)


LINK MAP OF MODULE:  TEST81 (TEST81)


            TYPE    BASE      LENGTH    RELOCATION   SEGMENT NAME
            -----------------------------------------------------

            * * * * * * *   D A T A   M E M O R Y   * * * * * * *
            REG     0000H     0008H     ABSOLUTE     "REG BANK 0"
            DATA    0008H     0002H     UNIT         _DATA_GROUP_
            IDATA   000AH     0001H     UNIT         ?STACK

            * * * * * * *   C O D E   M E M O R Y   * * * * * * *
            CODE    0000H     0003H     ABSOLUTE     
            CODE    0003H     0400H     UNIT         ?CO?TEST81
            CODE    0403H     0074H     UNIT         ?PR?_WRITE_DATA?TEST81
            CODE    0477H     004AH     UNIT         ?PR?_NUM?TEST81
            CODE    04C1H     0049H     UNIT         ?PR?_IMG_DISP?TEST81
            CODE    050AH     002BH     UNIT         ?PR?INIT_LCD?TEST81
            CODE    0535H     001AH     UNIT         ?PR?_WRITE_COM?TEST81
            CODE    054FH     0012H     UNIT         ?PR?_DELAY?TEST81
            CODE    0561H     000CH     UNIT         ?PR?MAIN?TEST81
            CODE    056DH     000CH     UNIT         ?C_C51STARTUP



OVERLAY MAP OF MODULE:   TEST81 (TEST81)


SEGMENT                          DATA_GROUP 
  +--> CALLED SEGMENT          START    LENGTH
----------------------------------------------
?C_C51STARTUP                  -----    -----
  +--> ?PR?MAIN?TEST81

?PR?MAIN?TEST81                -----    -----
  +--> ?PR?INIT_LCD?TEST81
  +--> ?CO?TEST81
  +--> ?PR?_IMG_DISP?TEST81

?PR?INIT_LCD?TEST81            -----    -----
  +--> ?PR?_DELAY?TEST81
  +--> ?PR?_WRITE_COM?TEST81

?PR?_WRITE_COM?TEST81          -----    -----
  +--> ?PR?_NUM?TEST81

BL51 BANKED LINKER/LOCATER V5.00                                                      09/18/2012  22:42:06  PAGE 2


?PR?_IMG_DISP?TEST81           0008H    0002H
  +--> ?PR?_WRITE_COM?TEST81
  +--> ?PR?_WRITE_DATA?TEST81

?PR?_WRITE_DATA?TEST81         -----    -----
  +--> ?PR?_WRITE_COM?TEST81
  +--> ?PR?_NUM?TEST81



SYMBOL TABLE OF MODULE:  TEST81 (TEST81)

  VALUE           TYPE          NAME
  ----------------------------------

  -------         MODULE        TEST81
  C:0000H         SYMBOL        _ICE_DUMMY_
  D:0080H         PUBLIC        P0
  C:0003H         PUBLIC        picture
  D:00A0H         PUBLIC        P2
  B:00D0H.6       PUBLIC        AC
  B:00B0H.4       PUBLIC        T0
  B:00B0H.5       PUBLIC        T1
  B:00A8H.7       PUBLIC        EA
  B:0090H.0       PUBLIC        T2
  C:045DH         PUBLIC        _write_data
  B:0080H.0       PUBLIC        P0_0
  B:0090H.0       PUBLIC        P1_0
  B:0080H.1       PUBLIC        P0_1
  B:00D0H.1       PUBLIC        FL
  B:00A0H.0       PUBLIC        P2_0
  B:0090H.1       PUBLIC        P1_1
  B:0080H.2       PUBLIC        P0_2
  B:00B0H.0       PUBLIC        P3_0
  B:00A0H.1       PUBLIC        P2_1
  B:0090H.2       PUBLIC        P1_2
  B:0080H.3       PUBLIC        P0_3
  B:00B0H.1       PUBLIC        P3_1
  B:00A0H.2       PUBLIC        P2_2
  B:0090H.3       PUBLIC        P1_3
  B:0080H.4       PUBLIC        P0_4
  B:00B0H.2       PUBLIC        P3_2
  B:00A0H.3       PUBLIC        P2_3
  B:0090H.4       PUBLIC        P1_4
  B:0080H.5       PUBLIC        P0_5
  B:00C8H.6       PUBLIC        EXF2
  B:00B0H.7       PUBLIC        RD
  B:00B0H.3       PUBLIC        P3_3
  B:00A0H.4       PUBLIC        P2_4
  B:0090H.5       PUBLIC        P1_5
  B:0080H.6       PUBLIC        P0_6
  B:00B0H.4       PUBLIC        P3_4
  B:00A0H.5       PUBLIC        P2_5
  B:0090H.6       PUBLIC        P1_6
  B:0080H.7       PUBLIC        P0_7
  B:00B0H.5       PUBLIC        P3_5
  B:00A8H.4       PUBLIC        ES
BL51 BANKED LINKER/LOCATER V5.00                                                      09/18/2012  22:42:06  PAGE 3


  B:00A0H.6       PUBLIC        P2_6
  B:0090H.7       PUBLIC        P1_7
  B:00B0H.6       PUBLIC        P3_6
  B:00A0H.7       PUBLIC        P2_7
  B:00B0H.7       PUBLIC        P3_7
  B:0098H.0       PUBLIC        RI
  B:00D0H.7       PUBLIC        CY
  B:00B0H.2       PUBLIC        INT0
  B:00B0H.3       PUBLIC        INT1
  B:0098H.1       PUBLIC        TI
  B:00B8H.4       PUBLIC        PS
  B:0090H.1       PUBLIC        T2EX
  B:00A0H.0       PUBLIC        RS
  B:00D0H.2       PUBLIC        OV
  C:0561H         PUBLIC        main
  B:00A0H.1       PUBLIC        RW
  B:00C8H.1       PUBLIC        C_T2
  B:00B0H.6       PUBLIC        WR
  B:00C8H.5       PUBLIC        RCLK
  C:0535H         PUBLIC        _write_com
  B:00C8H.4       PUBLIC        TCLK
  C:04C1H         PUBLIC        _img_disp
  C:0477H         PUBLIC        _num
  B:0080H.7       PUBLIC        DB0
  B:0080H.6       PUBLIC        DB1
  B:0080H.5       PUBLIC        DB2
  B:0080H.4       PUBLIC        DB3
  B:0080H.3       PUBLIC        DB4
  B:0080H.2       PUBLIC        DB5
  B:0080H.1       PUBLIC        DB6
  B:0080H.0       PUBLIC        DB7
  B:0088H.1       PUBLIC        IE0
  B:0088H.3       PUBLIC        IE1
  B:00A0H.2       PUBLIC        E
  B:00C8H.0       PUBLIC        CP_RL2
  B:00A8H.1       PUBLIC        ET0
  B:00A8H.3       PUBLIC        ET1
  B:0088H.5       PUBLIC        TF0
  C:050AH         PUBLIC        init_lcd
  B:00A8H.5       PUBLIC        ET2
  B:0088H.7       PUBLIC        TF1
  B:00C8H.7       PUBLIC        TF2
  B:0098H.2       PUBLIC        RB8
  B:00A8H.0       PUBLIC        EX0
  B:0088H.0       PUBLIC        IT0
  B:00A8H.2       PUBLIC        EX1
  B:0098H.3       PUBLIC        TB8
  B:0088H.2       PUBLIC        IT1
  B:00D0H.0       PUBLIC        P
  B:0098H.7       PUBLIC        SM0
  B:0098H.6       PUBLIC        SM1
  B:0098H.5       PUBLIC        SM2
  B:00B8H.1       PUBLIC        PT0
  B:00D0H.3       PUBLIC        RS0
  B:00B8H.3       PUBLIC        PT1
  B:00D0H.4       PUBLIC        RS1
  B:00B8H.5       PUBLIC        PT2
BL51 BANKED LINKER/LOCATER V5.00                                                      09/18/2012  22:42:06  PAGE 4


  B:0088H.4       PUBLIC        TR0
  B:0088H.6       PUBLIC        TR1
  B:00C8H.2       PUBLIC        TR2
  B:00B8H.0       PUBLIC        PX0
  B:00B8H.2       PUBLIC        PX1
  B:00C8H.3       PUBLIC        EXEN2
  B:00A0H.3       PUBLIC        PSB
  B:0098H.4       PUBLIC        REN
  B:00B0H.0       PUBLIC        RXD
  B:00B0H.1       PUBLIC        TXD
  C:054FH         PUBLIC        _delay
  B:00D0H.5       PUBLIC        F0
  B:00A0H.5       PUBLIC        RST
  -------         PROC          _DELAY
  D:0006H         SYMBOL        t
  -------         DO            
  D:0004H         SYMBOL        i
  -------         ENDDO         
  C:054FH         LINE#         104
  C:054FH         LINE#         105
  C:054FH         LINE#         107
  C:0560H         LINE#         108
  -------         ENDPROC       _DELAY
  -------         PROC          _NUM
  D:0007H         SYMBOL        dat
  -------         DO            
  D:0007H         SYMBOL        val
  -------         ENDDO         
  C:0477H         LINE#         116
  C:0477H         LINE#         117
  C:0477H         LINE#         119
  C:04C0H         LINE#         121
  C:04C0H         LINE#         122
  -------         ENDPROC       _NUM
  -------         PROC          _WRITE_COM
  D:0007H         SYMBOL        cmdcode
  C:0535H         LINE#         130
  C:0535H         LINE#         131
  C:0535H         LINE#         132
  C:0537H         LINE#         133
  C:0539H         LINE#         134
  C:053BH         LINE#         135
  C:053CH         LINE#         136
  C:053DH         LINE#         137
  C:053FH         LINE#         138
  C:0541H         LINE#         139
  C:0543H         LINE#         140
  C:0548H         LINE#         141
  C:0549H         LINE#         142
  C:054BH         LINE#         143
  C:054CH         LINE#         144
  C:054EH         LINE#         145
  -------         ENDPROC       _WRITE_COM
  -------         PROC          L?0026
  -------         ENDPROC       L?0026
  -------         PROC          _WRITE_DATA
  D:0007H         SYMBOL        Rsspdata
BL51 BANKED LINKER/LOCATER V5.00                                                      09/18/2012  22:42:06  PAGE 5


  C:045DH         LINE#         153
  C:045DH         LINE#         154
  C:045DH         LINE#         155
  C:045FH         LINE#         156
  C:0461H         LINE#         157
  C:0463H         LINE#         158
  C:0464H         LINE#         159
  C:0465H         LINE#         160
  C:0467H         LINE#         161
  C:0469H         LINE#         162
  C:046BH         LINE#         163
  C:0470H         LINE#         164
  C:0471H         LINE#         165
  C:0473H         LINE#         166
  C:0474H         LINE#         167
  C:0476H         LINE#         168
  -------         ENDPROC       _WRITE_DATA
  -------         PROC          _IMG_DISP
  D:0008H         SYMBOL        img
  -------         DO            
  D:0004H         SYMBOL        i
  D:0003H         SYMBOL        j
  -------         ENDDO         
  C:04C1H         LINE#         177
  C:04C5H         LINE#         178
  C:04C5H         LINE#         180
  C:04C7H         LINE#         181
  C:04C7H         LINE#         182
  C:04C9H         LINE#         183
  C:04C9H         LINE#         184
  C:04CEH         LINE#         186
  C:04D5H         LINE#         187
  C:04D8H         LINE#         188
  C:04D8H         LINE#         189
  C:04D8H         LINE#         190
  C:04DBH         LINE#         191
  C:04DFH         LINE#         192
  C:04E5H         LINE#         193
  C:04E7H         LINE#         194
  C:04E7H         LINE#         195
  C:04E9H         LINE#         196
  C:04E9H         LINE#         197
  C:04EEH         LINE#         199
  C:04F5H         LINE#         200
  C:04F8H         LINE#         201
  C:04F8H         LINE#         202
  C:04F8H         LINE#         203
  C:04FBH         LINE#         204
  C:04FFH         LINE#         205
  C:0505H         LINE#         206
  -------         ENDPROC       _IMG_DISP
  -------         PROC          INIT_LCD
  C:050AH         LINE#         215
  C:050AH         LINE#         216
  C:050AH         LINE#         217
  C:050CH         LINE#         218
  C:0513H         LINE#         219
BL51 BANKED LINKER/LOCATER V5.00                                                      09/18/2012  22:42:06  PAGE 6


  C:0515H         LINE#         220
  C:0518H         LINE#         221
  C:051AH         LINE#         223
  C:051FH         LINE#         224
  C:0524H         LINE#         225
  C:0529H         LINE#         226
  C:052EH         LINE#         227
  -------         ENDPROC       INIT_LCD
  -------         PROC          MAIN
  C:0561H         LINE#         236
  C:0561H         LINE#         237
  C:0561H         LINE#         238
  C:0564H         LINE#         239
  C:056BH         LINE#         240
  C:056BH         LINE#         241
  C:056BH         LINE#         243
  -------         ENDPROC       MAIN
  -------         ENDMOD        TEST81

Program Size: data=11.0 xdata=0 code=1401
LINK/LOCATE RUN COMPLETE.  0 WARNING(S),  0 ERROR(S)
