BL51 BANKED LINKER/LOCATER V5.00                                                        03/11/2013  13:18:02  PAGE 1


BL51 BANKED LINKER/LOCATER V5.00, INVOKED BY:
C:\KEIL\C51\BIN\BL51.EXE TEST39.obj TO TEST39 RAMSIZE (256)


MEMORY MODEL: SMALL


INPUT MODULES INCLUDED:
  TEST39.obj (TEST39)
  C:\KEIL\C51\LIB\C51S.LIB (?C_STARTUP)


LINK MAP OF MODULE:  TEST39 (TEST39)


            TYPE    BASE      LENGTH    RELOCATION   SEGMENT NAME
            -----------------------------------------------------

            * * * * * * *   D A T A   M E M O R Y   * * * * * * *
            REG     0000H     0008H     ABSOLUTE     "REG BANK 0"
            DATA    0008H     0002H     UNIT         ?DT?TEST39
            IDATA   000AH     0001H     UNIT         ?STACK

            * * * * * * *   C O D E   M E M O R Y   * * * * * * *
            CODE    0000H     0003H     ABSOLUTE     
            CODE    0003H     005EH     UNIT         ?PR?MAIN?TEST39
            CODE    0061H     002AH     UNIT         ?PR?LCD1602_INIT?TEST39
            CODE    008BH     0018H     UNIT         ?PR?_LCD1602_WRITE_ADDRESS?TEST39
            CODE    00A3H     0012H     UNIT         ?PR?_DELAY1602?TEST39
            CODE    00B5H     0010H     UNIT         ?PR?_LCD1602_WRITE_COM?TEST39
            CODE    00C5H     000EH     UNIT         ?PR?LCD1602_BUSY?TEST39
            CODE    00D3H     000EH     UNIT         ?PR?_LCD1602_WRITE_DATA_BUSY?TEST39
            CODE    00E1H     000CH     UNIT         ?C_C51STARTUP
            CODE    00EDH     000AH     UNIT         ?PR?_LCD1602_DISP?TEST39
            CODE    00F7H     0006H     UNIT         ?PR?_LCD1602_WRITE_COM_BUSY?TEST39



OVERLAY MAP OF MODULE:   TEST39 (TEST39)


SEGMENT
  +--> CALLED SEGMENT
---------------------
?C_C51STARTUP
  +--> ?PR?MAIN?TEST39

?PR?MAIN?TEST39
  +--> ?PR?LCD1602_INIT?TEST39
  +--> ?PR?_LCD1602_DISP?TEST39

?PR?LCD1602_INIT?TEST39
  +--> ?PR?_LCD1602_WRITE_COM?TEST39
  +--> ?PR?_LCD1602_WRITE_COM_BUSY?TEST39

?PR?_LCD1602_WRITE_COM?TEST39
  +--> ?PR?_DELAY1602?TEST39

BL51 BANKED LINKER/LOCATER V5.00                                                      03/11/2013  13:18:02  PAGE 2


?PR?_LCD1602_WRITE_COM_BUSY?TEST39
  +--> ?PR?LCD1602_BUSY?TEST39
  +--> ?PR?_LCD1602_WRITE_COM?TEST39

?PR?_LCD1602_DISP?TEST39
  +--> ?PR?_LCD1602_WRITE_ADDRESS?TEST39
  +--> ?PR?_LCD1602_WRITE_DATA_BUSY?TEST39

?PR?_LCD1602_WRITE_ADDRESS?TEST39
  +--> ?PR?_LCD1602_WRITE_COM_BUSY?TEST39

?PR?_LCD1602_WRITE_DATA_BUSY?TEST39
  +--> ?PR?LCD1602_BUSY?TEST39



SYMBOL TABLE OF MODULE:  TEST39 (TEST39)

  VALUE           TYPE          NAME
  ----------------------------------

  -------         MODULE        TEST39
  C:0000H         SYMBOL        _ICE_DUMMY_
  D:0080H         PUBLIC        P0
  D:00A0H         PUBLIC        P2
  B:00D0H.6       PUBLIC        AC
  B:00B0H.4       PUBLIC        T0
  B:00B0H.5       PUBLIC        T1
  B:00A8H.7       PUBLIC        EA
  B:0090H.0       PUBLIC        T2
  C:00BAH         PUBLIC        _LCD1602_Write_com
  C:00D3H         PUBLIC        _LCD1602_Write_data_busy
  B:0080H.0       PUBLIC        P0_0
  B:0090H.0       PUBLIC        P1_0
  B:0080H.1       PUBLIC        P0_1
  B:00D0H.1       PUBLIC        FL
  B:00A0H.0       PUBLIC        P2_0
  B:0090H.1       PUBLIC        P1_1
  B:0080H.2       PUBLIC        P0_2
  B:00B0H.0       PUBLIC        P3_0
  B:00A0H.1       PUBLIC        P2_1
  B:0090H.2       PUBLIC        P1_2
  B:0080H.3       PUBLIC        P0_3
  B:00B0H.1       PUBLIC        P3_1
  B:00A0H.2       PUBLIC        P2_2
  B:0090H.3       PUBLIC        P1_3
  B:0080H.4       PUBLIC        P0_4
  B:00B0H.2       PUBLIC        P3_2
  B:00A0H.3       PUBLIC        P2_3
  B:0090H.4       PUBLIC        P1_4
  B:0080H.5       PUBLIC        P0_5
  B:00C8H.6       PUBLIC        EXF2
  B:00B0H.7       PUBLIC        RD
  B:00B0H.3       PUBLIC        P3_3
  B:00A0H.4       PUBLIC        P2_4
  B:0090H.5       PUBLIC        P1_5
  B:0080H.6       PUBLIC        P0_6
BL51 BANKED LINKER/LOCATER V5.00                                                      03/11/2013  13:18:02  PAGE 3


  B:00B0H.4       PUBLIC        P3_4
  B:00A0H.5       PUBLIC        P2_5
  B:0090H.6       PUBLIC        P1_6
  B:0080H.7       PUBLIC        P0_7
  B:00B0H.5       PUBLIC        P3_5
  B:00A8H.4       PUBLIC        ES
  B:00A0H.6       PUBLIC        P2_6
  B:0090H.7       PUBLIC        P1_7
  B:00B0H.6       PUBLIC        P3_6
  B:00A0H.7       PUBLIC        P2_7
  B:00B0H.7       PUBLIC        P3_7
  B:0098H.0       PUBLIC        RI
  C:00A3H         PUBLIC        _Delay1602
  B:00D0H.7       PUBLIC        CY
  B:00B0H.2       PUBLIC        INT0
  B:00B0H.3       PUBLIC        INT1
  B:0098H.1       PUBLIC        TI
  D:0008H         PUBLIC        DISbuf
  B:00B8H.4       PUBLIC        PS
  B:0090H.1       PUBLIC        T2EX
  B:00A0H.5       PUBLIC        RS
  B:00D0H.2       PUBLIC        OV
  C:0003H         PUBLIC        main
  B:00A0H.4       PUBLIC        RW
  B:00C8H.1       PUBLIC        C_T2
  B:00B0H.6       PUBLIC        WR
  B:00C8H.5       PUBLIC        RCLK
  B:00C8H.4       PUBLIC        TCLK
  C:00F7H         PUBLIC        _LCD1602_Write_com_busy
  C:0061H         PUBLIC        LCD1602_init
  C:008BH         PUBLIC        _LCD1602_Write_address
  B:0088H.1       PUBLIC        IE0
  B:0088H.3       PUBLIC        IE1
  C:00C5H         PUBLIC        LCD1602_busy
  B:00A0H.3       PUBLIC        E
  B:00C8H.0       PUBLIC        CP_RL2
  B:00A8H.1       PUBLIC        ET0
  B:00A8H.3       PUBLIC        ET1
  B:0088H.5       PUBLIC        TF0
  B:00A8H.5       PUBLIC        ET2
  B:0088H.7       PUBLIC        TF1
  B:00C8H.7       PUBLIC        TF2
  B:0098H.2       PUBLIC        RB8
  B:00A8H.0       PUBLIC        EX0
  B:0088H.0       PUBLIC        IT0
  B:00A8H.2       PUBLIC        EX1
  B:0098H.3       PUBLIC        TB8
  B:0088H.2       PUBLIC        IT1
  B:00D0H.0       PUBLIC        P
  B:0098H.7       PUBLIC        SM0
  B:0098H.6       PUBLIC        SM1
  B:0098H.5       PUBLIC        SM2
  B:00B8H.1       PUBLIC        PT0
  B:00D0H.3       PUBLIC        RS0
  B:00B8H.3       PUBLIC        PT1
  B:00D0H.4       PUBLIC        RS1
  B:00B8H.5       PUBLIC        PT2
BL51 BANKED LINKER/LOCATER V5.00                                                      03/11/2013  13:18:02  PAGE 4


  B:0088H.4       PUBLIC        TR0
  B:0088H.6       PUBLIC        TR1
  B:00C8H.2       PUBLIC        TR2
  B:00B8H.0       PUBLIC        PX0
  B:00B8H.2       PUBLIC        PX1
  B:00C8H.3       PUBLIC        EXEN2
  B:0098H.4       PUBLIC        REN
  D:0009H         PUBLIC        j
  B:00B0H.0       PUBLIC        RXD
  C:00EDH         PUBLIC        _LCD1602_Disp
  B:00B0H.1       PUBLIC        TXD
  B:00D0H.5       PUBLIC        F0
  -------         PROC          _DELAY1602
  D:0006H         SYMBOL        t
  -------         DO            
  D:0004H         SYMBOL        k
  -------         ENDDO         
  C:00A3H         LINE#         31
  C:00A3H         LINE#         32
  C:00A3H         LINE#         34
  C:00B4H         LINE#         35
  -------         ENDPROC       _DELAY1602
  -------         PROC          LCD1602_BUSY
  C:00C5H         LINE#         44
  C:00C5H         LINE#         45
  C:00C5H         LINE#         46
  C:00C7H         LINE#         47
  C:00C9H         LINE#         48
  C:00CBH         LINE#         49
  C:00CDH         LINE#         50
  C:00D0H         LINE#         51
  C:00D2H         LINE#         52
  -------         ENDPROC       LCD1602_BUSY
  C:00B5H         SYMBOL        L?0026
  -------         PROC          L?0025
  -------         ENDPROC       L?0025
  C:00B5H         SYMBOL        L?0026
  -------         PROC          _LCD1602_WRITE_COM
  D:0007H         SYMBOL        combuf
  C:00BAH         LINE#         61
  C:00BAH         LINE#         62
  C:00BAH         LINE#         63
  C:00BCH         LINE#         64
  C:00BEH         LINE#         65
  C:00C0H         LINE#         66
  C:00C2H         LINE#         67
  C:00C4H         LINE#         68
  -------         ENDPROC       _LCD1602_WRITE_COM
  -------         PROC          _LCD1602_WRITE_COM_BUSY
  D:0007H         SYMBOL        combuf
  C:00F7H         LINE#         77
  C:00F7H         LINE#         78
  C:00F7H         LINE#         79
  C:00FAH         LINE#         80
  -------         ENDPROC       _LCD1602_WRITE_COM_BUSY
  -------         PROC          _LCD1602_WRITE_DATA_BUSY
  D:0007H         SYMBOL        databuf
BL51 BANKED LINKER/LOCATER V5.00                                                      03/11/2013  13:18:02  PAGE 5


  C:00D3H         LINE#         90
  C:00D3H         LINE#         91
  C:00D3H         LINE#         92
  C:00D6H         LINE#         93
  C:00D8H         LINE#         94
  C:00DAH         LINE#         95
  C:00DCH         LINE#         96
  C:00DEH         LINE#         97
  C:00E0H         LINE#         98
  -------         ENDPROC       _LCD1602_WRITE_DATA_BUSY
  -------         PROC          _LCD1602_WRITE_ADDRESS
  D:0006H         SYMBOL        x
  D:0005H         SYMBOL        y
  C:008BH         LINE#         107
  C:008DH         LINE#         108
  C:008DH         LINE#         109
  C:0090H         LINE#         110
  C:0093H         LINE#         111
  C:0096H         LINE#         112
  C:0099H         LINE#         114
  C:00A2H         LINE#         115
  -------         ENDPROC       _LCD1602_WRITE_ADDRESS
  -------         PROC          LCD1602_INIT
  C:0061H         LINE#         124
  C:0061H         LINE#         125
  C:0061H         LINE#         126
  C:0065H         LINE#         127
  C:0068H         LINE#         128
  C:006CH         LINE#         129
  C:006FH         LINE#         130
  C:0071H         LINE#         131
  C:0074H         LINE#         132
  C:0077H         LINE#         133
  C:007CH         LINE#         134
  C:0081H         LINE#         135
  C:0086H         LINE#         136
  -------         ENDPROC       LCD1602_INIT
  -------         PROC          _LCD1602_DISP
  D:0006H         SYMBOL        x
  D:0005H         SYMBOL        y
  D:0004H         SYMBOL        buf
  C:00EDH         LINE#         146
  C:00EFH         LINE#         147
  C:00EFH         LINE#         148
  C:00F2H         LINE#         149
  -------         ENDPROC       _LCD1602_DISP
  -------         PROC          MAIN
  C:0003H         LINE#         159
  C:0003H         LINE#         160
  C:0003H         LINE#         162
  C:0006H         LINE#         164
  C:0006H         LINE#         165
  C:0006H         LINE#         168
  C:0009H         LINE#         172
  C:0011H         LINE#         173
  C:001AH         LINE#         174
  C:0021H         LINE#         175
BL51 BANKED LINKER/LOCATER V5.00                                                      03/11/2013  13:18:02  PAGE 6


  C:0026H         LINE#         176
  C:0026H         LINE#         177
  C:002CH         LINE#         178
  C:002EH         LINE#         180
  C:002EH         LINE#         181
  C:0034H         LINE#         182
  C:0034H         LINE#         183
  C:003DH         LINE#         184
  C:0043H         LINE#         185
  C:0048H         LINE#         186
  C:0048H         LINE#         187
  C:004EH         LINE#         188
  C:0050H         LINE#         190
  C:0050H         LINE#         191
  C:0056H         LINE#         192
  C:0056H         LINE#         193
  C:005FH         LINE#         196
  -------         ENDPROC       MAIN
  -------         ENDMOD        TEST39

Program Size: data=11.0 xdata=0 code=253
LINK/LOCATE RUN COMPLETE.  0 WARNING(S),  0 ERROR(S)
