BL51 BANKED LINKER/LOCATER V5.00                                                        09/18/2012  22:10:11  PAGE 1


BL51 BANKED LINKER/LOCATER V5.00, INVOKED BY:
C:\KEIL\C51\BIN\BL51.EXE TEST76.obj TO TEST76 RAMSIZE (256)


MEMORY MODEL: SMALL


INPUT MODULES INCLUDED:
  TEST76.obj (TEST76)
  C:\KEIL\C51\LIB\C51S.LIB (?C_STARTUP)
  C:\KEIL\C51\LIB\C51S.LIB (?C?UIDIV)
  C:\KEIL\C51\LIB\C51S.LIB (?C?SLCMP)


LINK MAP OF MODULE:  TEST76 (TEST76)


            TYPE    BASE      LENGTH    RELOCATION   SEGMENT NAME
            -----------------------------------------------------

            * * * * * * *   D A T A   M E M O R Y   * * * * * * *
            REG     0000H     0008H     ABSOLUTE     "REG BANK 0"
            DATA    0008H     0004H     UNIT         _DATA_GROUP_
            IDATA   000CH     0001H     UNIT         ?STACK

            * * * * * * *   C O D E   M E M O R Y   * * * * * * *
            CODE    0000H     0003H     ABSOLUTE     
            CODE    0003H     03E0H     UNIT         ?CO?TEST76
            CODE    03E3H     00BFH     UNIT         ?PR?MAIN?TEST76
            CODE    04A2H     006BH     UNIT         ?C?LIB_CODE
            CODE    050DH     0060H     UNIT         ?PR?_WRITE_ENGLISH?TEST76
            CODE    056DH     004AH     UNIT         ?PR?_NUM?TEST76
            CODE    05B7H     0029H     UNIT         ?PR?_WERITE_X_Y?TEST76
            CODE    05E0H     0022H     UNIT         ?PR?CLR_SCR?TEST76
            CODE    0602H     0017H     UNIT         ?PR?INIT_LCD?TEST76
            CODE    0619H     0012H     UNIT         ?PR?_DELAY?TEST76
            CODE    062BH     0010H     UNIT         ?PR?_WRITE_COM?TEST76
            CODE    063BH     0010H     UNIT         ?PR?_WRITE_DATA?TEST76
            CODE    064BH     000CH     UNIT         ?C_C51STARTUP



OVERLAY MAP OF MODULE:   TEST76 (TEST76)


SEGMENT                             DATA_GROUP 
  +--> CALLED SEGMENT             START    LENGTH
-------------------------------------------------
?C_C51STARTUP                     -----    -----
  +--> ?PR?MAIN?TEST76

?PR?MAIN?TEST76                   0008H    0004H
  +--> ?PR?INIT_LCD?TEST76
  +--> ?PR?CLR_SCR?TEST76
  +--> ?PR?_WRITE_ENGLISH?TEST76

?PR?INIT_LCD?TEST76               -----    -----
  +--> ?PR?_DELAY?TEST76
BL51 BANKED LINKER/LOCATER V5.00                                                      09/18/2012  22:10:11  PAGE 2


  +--> ?PR?_WRITE_COM?TEST76

?PR?_WRITE_COM?TEST76             -----    -----
  +--> ?PR?_NUM?TEST76

?PR?CLR_SCR?TEST76                -----    -----
  +--> ?PR?_WRITE_COM?TEST76
  +--> ?PR?_WRITE_DATA?TEST76

?PR?_WRITE_DATA?TEST76            -----    -----
  +--> ?PR?_NUM?TEST76

?PR?_WRITE_ENGLISH?TEST76         -----    -----
  +--> ?PR?_WERITE_X_Y?TEST76
  +--> ?CO?TEST76
  +--> ?PR?_WRITE_DATA?TEST76

?PR?_WERITE_X_Y?TEST76            -----    -----
  +--> ?PR?_WRITE_COM?TEST76



SYMBOL TABLE OF MODULE:  TEST76 (TEST76)

  VALUE           TYPE          NAME
  ----------------------------------

  -------         MODULE        TEST76
  C:0000H         SYMBOL        _ICE_DUMMY_
  D:0080H         PUBLIC        P0
  D:00A0H         PUBLIC        P2
  B:00D0H.6       PUBLIC        AC
  B:00B0H.4       PUBLIC        T0
  B:00B0H.5       PUBLIC        T1
  B:00A8H.7       PUBLIC        EA
  B:0090H.0       PUBLIC        T2
  C:063BH         PUBLIC        _write_data
  B:0080H.0       PUBLIC        P0_0
  B:0090H.0       PUBLIC        P1_0
  B:0080H.1       PUBLIC        P0_1
  B:00D0H.1       PUBLIC        FL
  B:00A0H.0       PUBLIC        P2_0
  B:0090H.1       PUBLIC        P1_1
  B:0080H.2       PUBLIC        P0_2
  B:00B0H.0       PUBLIC        P3_0
  B:00A0H.1       PUBLIC        P2_1
  B:0090H.2       PUBLIC        P1_2
  B:0080H.3       PUBLIC        P0_3
  B:00B0H.1       PUBLIC        P3_1
  B:00A0H.2       PUBLIC        P2_2
  B:0090H.3       PUBLIC        P1_3
  B:0080H.4       PUBLIC        P0_4
  B:00B0H.2       PUBLIC        P3_2
  B:00A0H.3       PUBLIC        P2_3
  B:0090H.4       PUBLIC        P1_4
  B:0080H.5       PUBLIC        P0_5
  B:00C8H.6       PUBLIC        EXF2
BL51 BANKED LINKER/LOCATER V5.00                                                      09/18/2012  22:10:11  PAGE 3


  B:00B0H.7       PUBLIC        RD
  B:00B0H.3       PUBLIC        P3_3
  B:00A0H.4       PUBLIC        P2_4
  B:0090H.5       PUBLIC        P1_5
  B:0080H.6       PUBLIC        P0_6
  B:00B0H.4       PUBLIC        P3_4
  B:00A0H.5       PUBLIC        P2_5
  B:0090H.6       PUBLIC        P1_6
  B:0080H.7       PUBLIC        P0_7
  B:00B0H.5       PUBLIC        P3_5
  B:00A8H.4       PUBLIC        ES
  B:00A0H.6       PUBLIC        P2_6
  B:0090H.7       PUBLIC        P1_7
  B:00B0H.6       PUBLIC        P3_6
  B:00A0H.7       PUBLIC        P2_7
  B:00B0H.7       PUBLIC        P3_7
  B:0098H.0       PUBLIC        RI
  B:00D0H.7       PUBLIC        CY
  B:00B0H.2       PUBLIC        INT0
  B:00B0H.3       PUBLIC        INT1
  B:0098H.1       PUBLIC        TI
  B:00B8H.4       PUBLIC        PS
  B:0090H.1       PUBLIC        T2EX
  B:00A0H.0       PUBLIC        RS
  B:00D0H.2       PUBLIC        OV
  C:05B7H         PUBLIC        _werite_x_y
  C:03E3H         PUBLIC        main
  B:00A0H.1       PUBLIC        RW
  B:00C8H.1       PUBLIC        C_T2
  B:00B0H.6       PUBLIC        WR
  C:05E0H         PUBLIC        Clr_Scr
  B:00C8H.5       PUBLIC        RCLK
  C:062BH         PUBLIC        _write_com
  B:00C8H.4       PUBLIC        TCLK
  C:056DH         PUBLIC        _num
  B:0080H.7       PUBLIC        DB0
  B:0080H.6       PUBLIC        DB1
  C:0003H         PUBLIC        egk
  B:0080H.5       PUBLIC        DB2
  B:0080H.4       PUBLIC        DB3
  B:0080H.3       PUBLIC        DB4
  B:0080H.2       PUBLIC        DB5
  B:0080H.1       PUBLIC        DB6
  B:0080H.0       PUBLIC        DB7
  B:0088H.1       PUBLIC        IE0
  B:0088H.3       PUBLIC        IE1
  B:00A0H.2       PUBLIC        E
  B:00C8H.0       PUBLIC        CP_RL2
  B:00A0H.3       PUBLIC        CS1
  B:00A0H.4       PUBLIC        CS2
  B:00A8H.1       PUBLIC        ET0
  B:00A8H.3       PUBLIC        ET1
  B:0088H.5       PUBLIC        TF0
  C:0602H         PUBLIC        init_lcd
  B:00A8H.5       PUBLIC        ET2
  B:0088H.7       PUBLIC        TF1
  B:00C8H.7       PUBLIC        TF2
BL51 BANKED LINKER/LOCATER V5.00                                                      09/18/2012  22:10:11  PAGE 4


  B:0098H.2       PUBLIC        RB8
  B:00A8H.0       PUBLIC        EX0
  B:0088H.0       PUBLIC        IT0
  B:00A8H.2       PUBLIC        EX1
  B:0098H.3       PUBLIC        TB8
  B:0088H.2       PUBLIC        IT1
  B:00D0H.0       PUBLIC        P
  B:0098H.7       PUBLIC        SM0
  B:0098H.6       PUBLIC        SM1
  B:0098H.5       PUBLIC        SM2
  B:00B8H.1       PUBLIC        PT0
  B:00D0H.3       PUBLIC        RS0
  B:00B8H.3       PUBLIC        PT1
  B:00D0H.4       PUBLIC        RS1
  B:00B8H.5       PUBLIC        PT2
  B:0088H.4       PUBLIC        TR0
  B:0088H.6       PUBLIC        TR1
  B:00C8H.2       PUBLIC        TR2
  B:00B8H.0       PUBLIC        PX0
  B:00B8H.2       PUBLIC        PX1
  C:0511H         PUBLIC        _write_english
  B:00C8H.3       PUBLIC        EXEN2
  B:0098H.4       PUBLIC        REN
  B:00B0H.0       PUBLIC        RXD
  B:00B0H.1       PUBLIC        TXD
  C:0619H         PUBLIC        _delay
  B:00D0H.5       PUBLIC        F0
  B:00A0H.5       PUBLIC        RST
  -------         PROC          _DELAY
  D:0006H         SYMBOL        t
  -------         DO            
  D:0004H         SYMBOL        i
  -------         ENDDO         
  C:0619H         LINE#         290
  C:0619H         LINE#         291
  C:0619H         LINE#         293
  C:062AH         LINE#         294
  -------         ENDPROC       _DELAY
  -------         PROC          _NUM
  D:0007H         SYMBOL        dat
  -------         DO            
  D:0007H         SYMBOL        val
  -------         ENDDO         
  C:056DH         LINE#         303
  C:056DH         LINE#         304
  C:056DH         LINE#         306
  C:05B6H         LINE#         308
  C:05B6H         LINE#         309
  -------         ENDPROC       _NUM
  -------         PROC          _WRITE_COM
  D:0007H         SYMBOL        cmdcode
  C:062BH         LINE#         317
  C:062BH         LINE#         318
  C:062BH         LINE#         319
  C:062DH         LINE#         320
  C:062FH         LINE#         321
  C:0634H         LINE#         322
BL51 BANKED LINKER/LOCATER V5.00                                                      09/18/2012  22:10:11  PAGE 5


  C:0635H         LINE#         323
  C:0637H         LINE#         324
  C:0638H         LINE#         325
  C:063AH         LINE#         326
  -------         ENDPROC       _WRITE_COM
  -------         PROC          _WRITE_DATA
  D:0007H         SYMBOL        Rsspdata
  C:063BH         LINE#         334
  C:063BH         LINE#         335
  C:063BH         LINE#         337
  C:063DH         LINE#         338
  C:063FH         LINE#         339
  C:0644H         LINE#         340
  C:0645H         LINE#         341
  C:0647H         LINE#         342
  C:0648H         LINE#         343
  C:064AH         LINE#         344
  -------         ENDPROC       _WRITE_DATA
  -------         PROC          CLR_SCR
  -------         DO            
  D:0003H         SYMBOL        j
  D:0004H         SYMBOL        k
  -------         ENDDO         
  C:05E0H         LINE#         353
  C:05E0H         LINE#         354
  C:05E0H         LINE#         356
  C:05E2H         LINE#         357
  C:05E4H         LINE#         358
  C:05E9H         LINE#         361
  C:05EBH         LINE#         362
  C:05EBH         LINE#         363
  C:05F2H         LINE#         367
  C:05F4H         LINE#         368
  C:05F4H         LINE#         369
  C:05F9H         LINE#         370
  C:05FDH         LINE#         371
  C:0601H         LINE#         372
  -------         ENDPROC       CLR_SCR
  -------         PROC          _WERITE_X_Y
  D:0004H         SYMBOL        x
  D:0005H         SYMBOL        y
  C:05B7H         LINE#         381
  C:05B9H         LINE#         382
  C:05B9H         LINE#         383
  C:05BCH         LINE#         384
  C:05BFH         LINE#         385
  C:05C5H         LINE#         386
  C:05C5H         LINE#         387
  C:05C7H         LINE#         388
  C:05C9H         LINE#         389
  C:05C9H         LINE#         392
  C:05CBH         LINE#         394
  C:05CBH         LINE#         395
  C:05CDH         LINE#         396
  C:05CFH         LINE#         397
  C:05D2H         LINE#         398
  C:05D9H         LINE#         401
BL51 BANKED LINKER/LOCATER V5.00                                                      09/18/2012  22:10:11  PAGE 6


  C:05D9H         LINE#         402
  -------         ENDPROC       _WERITE_X_Y
  -------         PROC          L?0035
  -------         ENDPROC       L?0035
  -------         PROC          _WRITE_ENGLISH
  D:0002H         SYMBOL        x
  D:0001H         SYMBOL        y
  D:0003H         SYMBOL        en
  -------         DO            
  D:0004H         SYMBOL        i
  -------         ENDDO         
  C:0511H         LINE#         414
  C:0515H         LINE#         415
  C:0515H         LINE#         416
  C:0517H         LINE#         417
  C:051AH         LINE#         420
  C:053FH         LINE#         422
  C:0547H         LINE#         424
  C:056CH         LINE#         426
  -------         ENDPROC       _WRITE_ENGLISH
  -------         PROC          INIT_LCD
  C:0602H         LINE#         435
  C:0602H         LINE#         436
  C:0602H         LINE#         437
  C:0604H         LINE#         438
  C:060BH         LINE#         439
  C:060DH         LINE#         440
  C:060FH         LINE#         441
  C:0611H         LINE#         442
  C:0614H         LINE#         443
  -------         ENDPROC       INIT_LCD
  -------         PROC          MAIN
  -------         DO            
  D:0008H         SYMBOL        i
  D:000AH         SYMBOL        k
  -------         ENDDO         
  C:03E3H         LINE#         452
  C:03E3H         LINE#         453
  C:03E3H         LINE#         455
  C:03E6H         LINE#         456
  C:03E9H         LINE#         457
  C:03E9H         LINE#         458
  C:03E9H         LINE#         459
  C:03FAH         LINE#         460
  C:03FAH         LINE#         461
  C:03FFH         LINE#         462
  C:041DH         LINE#         463
  C:0430H         LINE#         464
  C:044DH         LINE#         465
  C:046AH         LINE#         466
  C:048BH         LINE#         467
  C:049FH         LINE#         468
  C:049FH         LINE#         469
  -------         ENDPROC       MAIN
  -------         ENDMOD        TEST76

  -------         MODULE        ?C?UIDIV
BL51 BANKED LINKER/LOCATER V5.00                                                      09/18/2012  22:10:11  PAGE 7


  C:04A2H         PUBLIC        ?C?UIDIV
  -------         ENDMOD        ?C?UIDIV

  -------         MODULE        ?C?SLCMP
  C:04F7H         PUBLIC        ?C?SLCMP
  -------         ENDMOD        ?C?SLCMP

Program Size: data=13.0 xdata=0 code=1623
LINK/LOCATE RUN COMPLETE.  0 WARNING(S),  0 ERROR(S)
