BL51 BANKED LINKER/LOCATER V5.00                                                        09/19/2012  08:38:31  PAGE 1


BL51 BANKED LINKER/LOCATER V5.00, INVOKED BY:
C:\KEIL\C51\BIN\BL51.EXE TEST33.obj TO TEST33 RAMSIZE (256)


MEMORY MODEL: SMALL


INPUT MODULES INCLUDED:
  TEST33.obj (TEST33)
  C:\KEIL\C51\LIB\C51S.LIB (?C_STARTUP)
  C:\KEIL\C51\LIB\C51S.LIB (?C_INIT)


LINK MAP OF MODULE:  TEST33 (TEST33)


            TYPE    BASE      LENGTH    RELOCATION   SEGMENT NAME
            -----------------------------------------------------

            * * * * * * *   D A T A   M E M O R Y   * * * * * * *
            REG     0000H     0008H     ABSOLUTE     "REG BANK 0"
            DATA    0008H     0003H     UNIT         ?DT?TEST33
            IDATA   000BH     0001H     UNIT         ?STACK

            * * * * * * *   C O D E   M E M O R Y   * * * * * * *
            CODE    0000H     0003H     ABSOLUTE     
            CODE    0003H     000EH     UNIT         ?PR?MAIN?TEST33
            CODE    0011H     000AH     UNIT         ?CO?TEST33
            CODE    001BH     0004H     UNIT         ?C_INITSEG
                    001FH     000CH                  *** GAP ***
            CODE    002BH     0003H     ABSOLUTE     
            CODE    002EH     008CH     UNIT         ?C_C51STARTUP
            CODE    00BAH     0044H     UNIT         ?PR?TIMER2?TEST33



OVERLAY MAP OF MODULE:   TEST33 (TEST33)


SEGMENT
  +--> CALLED SEGMENT
---------------------
?PR?TIMER2?TEST33
  +--> ?CO?TEST33

*** NEW ROOT ***************************************************

?C_C51STARTUP
  +--> ?PR?MAIN?TEST33
  +--> ?C_INITSEG



SYMBOL TABLE OF MODULE:  TEST33 (TEST33)

  VALUE           TYPE          NAME
  ----------------------------------

BL51 BANKED LINKER/LOCATER V5.00                                                      09/19/2012  08:38:31  PAGE 2


  -------         MODULE        TEST33
  C:0000H         SYMBOL        _ICE_DUMMY_
  D:00A0H         PUBLIC        P2
  B:00D0H.6       PUBLIC        AC
  B:00B0H.4       PUBLIC        T0
  B:00B0H.5       PUBLIC        T1
  B:00A8H.7       PUBLIC        EA
  B:0090H.0       PUBLIC        T2
  B:0080H.0       PUBLIC        P0_0
  B:0090H.0       PUBLIC        P1_0
  B:0080H.1       PUBLIC        P0_1
  B:00D0H.1       PUBLIC        FL
  B:00A0H.0       PUBLIC        P2_0
  B:0090H.1       PUBLIC        P1_1
  B:0080H.2       PUBLIC        P0_2
  B:00B0H.0       PUBLIC        P3_0
  B:00A0H.1       PUBLIC        P2_1
  B:0090H.2       PUBLIC        P1_2
  B:0080H.3       PUBLIC        P0_3
  B:00B0H.1       PUBLIC        P3_1
  B:00A0H.2       PUBLIC        P2_2
  B:0090H.3       PUBLIC        P1_3
  B:0080H.4       PUBLIC        P0_4
  B:00B0H.2       PUBLIC        P3_2
  B:00A0H.3       PUBLIC        P2_3
  B:0090H.4       PUBLIC        P1_4
  B:0080H.5       PUBLIC        P0_5
  B:00C8H.6       PUBLIC        EXF2
  B:00B0H.7       PUBLIC        RD
  B:00B0H.3       PUBLIC        P3_3
  B:00A0H.4       PUBLIC        P2_4
  B:0090H.5       PUBLIC        P1_5
  B:0080H.6       PUBLIC        P0_6
  B:00B0H.4       PUBLIC        P3_4
  B:00A0H.5       PUBLIC        P2_5
  B:0090H.6       PUBLIC        P1_6
  B:0080H.7       PUBLIC        P0_7
  B:00B0H.5       PUBLIC        P3_5
  B:00A8H.4       PUBLIC        ES
  B:00A0H.6       PUBLIC        P2_6
  B:0090H.7       PUBLIC        P1_7
  B:00B0H.6       PUBLIC        P3_6
  B:00A0H.7       PUBLIC        P2_7
  B:00B0H.7       PUBLIC        P3_7
  B:0098H.0       PUBLIC        RI
  B:00D0H.7       PUBLIC        CY
  B:00B0H.2       PUBLIC        INT0
  B:00B0H.3       PUBLIC        INT1
  B:0098H.1       PUBLIC        TI
  B:00B8H.4       PUBLIC        PS
  B:0090H.1       PUBLIC        T2EX
  B:00D0H.2       PUBLIC        OV
  C:0003H         PUBLIC        main
  B:00C8H.1       PUBLIC        C_T2
  B:00B0H.6       PUBLIC        WR
  B:00C8H.5       PUBLIC        RCLK
  B:00C8H.4       PUBLIC        TCLK
BL51 BANKED LINKER/LOCATER V5.00                                                      09/19/2012  08:38:31  PAGE 3


  C:00BAH         PUBLIC        Timer2
  B:0088H.1       PUBLIC        IE0
  B:0088H.3       PUBLIC        IE1
  B:00C8H.0       PUBLIC        CP_RL2
  B:00A8H.1       PUBLIC        ET0
  B:00A8H.3       PUBLIC        ET1
  B:0088H.5       PUBLIC        TF0
  B:00A8H.5       PUBLIC        ET2
  B:0088H.7       PUBLIC        TF1
  B:00C8H.7       PUBLIC        TF2
  B:0098H.2       PUBLIC        RB8
  B:00A8H.0       PUBLIC        EX0
  B:0088H.0       PUBLIC        IT0
  B:00A8H.2       PUBLIC        EX1
  B:0098H.3       PUBLIC        TB8
  B:0088H.2       PUBLIC        IT1
  D:00CDH         PUBLIC        TH2
  B:00D0H.0       PUBLIC        P
  B:0098H.7       PUBLIC        SM0
  B:0098H.6       PUBLIC        SM1
  B:0098H.5       PUBLIC        SM2
  D:00CCH         PUBLIC        TL2
  B:00B8H.1       PUBLIC        PT0
  B:00D0H.3       PUBLIC        RS0
  B:00B8H.3       PUBLIC        PT1
  B:00D0H.4       PUBLIC        RS1
  B:00B8H.5       PUBLIC        PT2
  B:0088H.4       PUBLIC        TR0
  C:0011H         PUBLIC        TAB
  B:0088H.6       PUBLIC        TR1
  B:00C8H.2       PUBLIC        TR2
  B:00B8H.0       PUBLIC        PX0
  B:00B8H.2       PUBLIC        PX1
  D:0008H         PUBLIC        b
  B:00C8H.3       PUBLIC        EXEN2
  B:0098H.4       PUBLIC        REN
  D:0009H         PUBLIC        i
  B:00B0H.0       PUBLIC        RXD
  B:00B0H.1       PUBLIC        TXD
  B:00D0H.5       PUBLIC        F0
  -------         PROC          TIMER2
  C:00BAH         LINE#         36
  C:00C2H         LINE#         38
  C:00C4H         LINE#         39
  C:00C7H         LINE#         40
  C:00CAH         LINE#         43
  C:00DBH         LINE#         44
  C:00DBH         LINE#         45
  C:00E1H         LINE#         46
  C:00EDH         LINE#         47
  C:00F5H         LINE#         48
  C:00F5H         LINE#         51
  -------         ENDPROC       TIMER2
  -------         PROC          MAIN
  C:0003H         LINE#         59
  C:0003H         LINE#         60
  C:0003H         LINE#         63
BL51 BANKED LINKER/LOCATER V5.00                                                      09/19/2012  08:38:31  PAGE 4


  C:0006H         LINE#         64
  C:0009H         LINE#         65
  C:000BH         LINE#         66
  C:000DH         LINE#         72
  C:000FH         LINE#         75
  C:000FH         LINE#         76
  C:000FH         LINE#         78
  -------         ENDPROC       MAIN
  -------         ENDMOD        TEST33

Program Size: data=12.0 xdata=0 code=242
LINK/LOCATE RUN COMPLETE.  0 WARNING(S),  0 ERROR(S)
