BL51 BANKED LINKER/LOCATER V5.00                                                        09/19/2012  08:44:51  PAGE 1


BL51 BANKED LINKER/LOCATER V5.00, INVOKED BY:
C:\KEIL\C51\BIN\BL51.EXE TEST40.obj TO TEST40 RAMSIZE (256)


MEMORY MODEL: SMALL


INPUT MODULES INCLUDED:
  TEST40.obj (TEST40)
  C:\KEIL\C51\LIB\C51S.LIB (?C_STARTUP)


LINK MAP OF MODULE:  TEST40 (TEST40)


            TYPE    BASE      LENGTH    RELOCATION   SEGMENT NAME
            -----------------------------------------------------

            * * * * * * *   D A T A   M E M O R Y   * * * * * * *
            REG     0000H     0008H     ABSOLUTE     "REG BANK 0"
            DATA    0008H     0001H     UNIT         ?DT?TEST40
            IDATA   0009H     0001H     UNIT         ?STACK

            * * * * * * *   C O D E   M E M O R Y   * * * * * * *
            CODE    0000H     0003H     ABSOLUTE     
            CODE    0003H     003FH     UNIT         ?PR?MAIN?TEST40
            CODE    0042H     002AH     UNIT         ?PR?LCD1602_INIT?TEST40
            CODE    006CH     0018H     UNIT         ?PR?_LCD1602_WRITE_ADDRESS?TEST40
            CODE    0084H     0012H     UNIT         ?PR?_DELAY1602?TEST40
            CODE    0096H     0010H     UNIT         ?PR?_LCD1602_WRITE_COM?TEST40
            CODE    00A6H     000EH     UNIT         ?PR?LCD1602_BUSY?TEST40
            CODE    00B4H     000EH     UNIT         ?PR?_LCD1602_WRITE_DATA_BUSY?TEST40
            CODE    00C2H     000CH     UNIT         ?C_C51STARTUP
            CODE    00CEH     000AH     UNIT         ?PR?_LCD1602_DISP?TEST40
            CODE    00D8H     0006H     UNIT         ?PR?_LCD1602_WRITE_COM_BUSY?TEST40



OVERLAY MAP OF MODULE:   TEST40 (TEST40)


SEGMENT
  +--> CALLED SEGMENT
---------------------
?C_C51STARTUP
  +--> ?PR?MAIN?TEST40

?PR?MAIN?TEST40
  +--> ?PR?LCD1602_INIT?TEST40
  +--> ?PR?_LCD1602_DISP?TEST40

?PR?LCD1602_INIT?TEST40
  +--> ?PR?_LCD1602_WRITE_COM?TEST40
  +--> ?PR?_LCD1602_WRITE_COM_BUSY?TEST40

?PR?_LCD1602_WRITE_COM?TEST40
  +--> ?PR?_DELAY1602?TEST40

BL51 BANKED LINKER/LOCATER V5.00                                                      09/19/2012  08:44:51  PAGE 2


?PR?_LCD1602_WRITE_COM_BUSY?TEST40
  +--> ?PR?LCD1602_BUSY?TEST40
  +--> ?PR?_LCD1602_WRITE_COM?TEST40

?PR?_LCD1602_DISP?TEST40
  +--> ?PR?_LCD1602_WRITE_ADDRESS?TEST40
  +--> ?PR?_LCD1602_WRITE_DATA_BUSY?TEST40

?PR?_LCD1602_WRITE_ADDRESS?TEST40
  +--> ?PR?_LCD1602_WRITE_COM_BUSY?TEST40

?PR?_LCD1602_WRITE_DATA_BUSY?TEST40
  +--> ?PR?LCD1602_BUSY?TEST40



SYMBOL TABLE OF MODULE:  TEST40 (TEST40)

  VALUE           TYPE          NAME
  ----------------------------------

  -------         MODULE        TEST40
  C:0000H         SYMBOL        _ICE_DUMMY_
  D:0080H         PUBLIC        P0
  D:00A0H         PUBLIC        P2
  B:00D0H.6       PUBLIC        AC
  B:00B0H.4       PUBLIC        T0
  B:00B0H.5       PUBLIC        T1
  B:00A8H.7       PUBLIC        EA
  B:0090H.0       PUBLIC        T2
  C:009BH         PUBLIC        _LCD1602_Write_com
  C:00B4H         PUBLIC        _LCD1602_Write_data_busy
  B:0080H.0       PUBLIC        P0_0
  B:0090H.0       PUBLIC        P1_0
  B:0080H.1       PUBLIC        P0_1
  B:00D0H.1       PUBLIC        FL
  B:00A0H.0       PUBLIC        P2_0
  B:0090H.1       PUBLIC        P1_1
  B:0080H.2       PUBLIC        P0_2
  B:00B0H.0       PUBLIC        P3_0
  B:00A0H.1       PUBLIC        P2_1
  B:0090H.2       PUBLIC        P1_2
  B:0080H.3       PUBLIC        P0_3
  B:00B0H.1       PUBLIC        P3_1
  B:00A0H.2       PUBLIC        P2_2
  B:0090H.3       PUBLIC        P1_3
  B:0080H.4       PUBLIC        P0_4
  B:00B0H.2       PUBLIC        P3_2
  B:00A0H.3       PUBLIC        P2_3
  B:0090H.4       PUBLIC        P1_4
  B:0080H.5       PUBLIC        P0_5
  B:00C8H.6       PUBLIC        EXF2
  B:00B0H.7       PUBLIC        RD
  B:00B0H.3       PUBLIC        P3_3
  B:00A0H.4       PUBLIC        P2_4
  B:0090H.5       PUBLIC        P1_5
  B:0080H.6       PUBLIC        P0_6
BL51 BANKED LINKER/LOCATER V5.00                                                      09/19/2012  08:44:51  PAGE 3


  B:00B0H.4       PUBLIC        P3_4
  B:00A0H.5       PUBLIC        P2_5
  B:0090H.6       PUBLIC        P1_6
  B:0080H.7       PUBLIC        P0_7
  B:00B0H.5       PUBLIC        P3_5
  B:00A8H.4       PUBLIC        ES
  B:00A0H.6       PUBLIC        P2_6
  B:0090H.7       PUBLIC        P1_7
  B:00B0H.6       PUBLIC        P3_6
  B:00A0H.7       PUBLIC        P2_7
  B:00B0H.7       PUBLIC        P3_7
  B:0098H.0       PUBLIC        RI
  C:0084H         PUBLIC        _Delay1602
  B:00D0H.7       PUBLIC        CY
  B:00B0H.2       PUBLIC        INT0
  B:00B0H.3       PUBLIC        INT1
  B:0098H.1       PUBLIC        TI
  D:0008H         PUBLIC        DISbuf
  B:00B8H.4       PUBLIC        PS
  B:0090H.1       PUBLIC        T2EX
  B:00A0H.5       PUBLIC        RS
  B:00D0H.2       PUBLIC        OV
  C:0003H         PUBLIC        main
  B:00A0H.4       PUBLIC        RW
  B:00C8H.1       PUBLIC        C_T2
  B:00B0H.6       PUBLIC        WR
  B:00C8H.5       PUBLIC        RCLK
  B:00C8H.4       PUBLIC        TCLK
  C:00D8H         PUBLIC        _LCD1602_Write_com_busy
  C:0042H         PUBLIC        LCD1602_init
  C:006CH         PUBLIC        _LCD1602_Write_address
  B:0088H.1       PUBLIC        IE0
  B:0088H.3       PUBLIC        IE1
  C:00A6H         PUBLIC        LCD1602_busy
  B:00A0H.3       PUBLIC        E
  B:00C8H.0       PUBLIC        CP_RL2
  B:00A8H.1       PUBLIC        ET0
  B:00A8H.3       PUBLIC        ET1
  B:0088H.5       PUBLIC        TF0
  B:00A8H.5       PUBLIC        ET2
  B:0088H.7       PUBLIC        TF1
  B:00C8H.7       PUBLIC        TF2
  B:0098H.2       PUBLIC        RB8
  B:00A8H.0       PUBLIC        EX0
  B:0088H.0       PUBLIC        IT0
  B:00A8H.2       PUBLIC        EX1
  B:0098H.3       PUBLIC        TB8
  B:0088H.2       PUBLIC        IT1
  B:00D0H.0       PUBLIC        P
  B:0098H.7       PUBLIC        SM0
  B:0098H.6       PUBLIC        SM1
  B:0098H.5       PUBLIC        SM2
  B:00B8H.1       PUBLIC        PT0
  B:00D0H.3       PUBLIC        RS0
  B:00B8H.3       PUBLIC        PT1
  B:00D0H.4       PUBLIC        RS1
  B:00B8H.5       PUBLIC        PT2
BL51 BANKED LINKER/LOCATER V5.00                                                      09/19/2012  08:44:51  PAGE 4


  B:0088H.4       PUBLIC        TR0
  B:0088H.6       PUBLIC        TR1
  B:00C8H.2       PUBLIC        TR2
  B:00B8H.0       PUBLIC        PX0
  B:00B8H.2       PUBLIC        PX1
  B:00C8H.3       PUBLIC        EXEN2
  B:0098H.4       PUBLIC        REN
  B:00B0H.0       PUBLIC        RXD
  C:00CEH         PUBLIC        _LCD1602_Disp
  B:00B0H.1       PUBLIC        TXD
  B:00D0H.5       PUBLIC        F0
  -------         PROC          _DELAY1602
  D:0006H         SYMBOL        t
  -------         DO            
  D:0004H         SYMBOL        k
  -------         ENDDO         
  C:0084H         LINE#         30
  C:0084H         LINE#         31
  C:0084H         LINE#         33
  C:0095H         LINE#         34
  -------         ENDPROC       _DELAY1602
  -------         PROC          LCD1602_BUSY
  C:00A6H         LINE#         43
  C:00A6H         LINE#         44
  C:00A6H         LINE#         45
  C:00A8H         LINE#         46
  C:00AAH         LINE#         47
  C:00ACH         LINE#         48
  C:00AEH         LINE#         49
  C:00B1H         LINE#         50
  C:00B3H         LINE#         51
  -------         ENDPROC       LCD1602_BUSY
  C:0096H         SYMBOL        L?0022
  -------         PROC          L?0021
  -------         ENDPROC       L?0021
  C:0096H         SYMBOL        L?0022
  -------         PROC          _LCD1602_WRITE_COM
  D:0007H         SYMBOL        combuf
  C:009BH         LINE#         60
  C:009BH         LINE#         61
  C:009BH         LINE#         62
  C:009DH         LINE#         63
  C:009FH         LINE#         64
  C:00A1H         LINE#         65
  C:00A3H         LINE#         66
  C:00A5H         LINE#         67
  -------         ENDPROC       _LCD1602_WRITE_COM
  -------         PROC          _LCD1602_WRITE_COM_BUSY
  D:0007H         SYMBOL        combuf
  C:00D8H         LINE#         76
  C:00D8H         LINE#         77
  C:00D8H         LINE#         78
  C:00DBH         LINE#         79
  -------         ENDPROC       _LCD1602_WRITE_COM_BUSY
  -------         PROC          _LCD1602_WRITE_DATA_BUSY
  D:0007H         SYMBOL        databuf
  C:00B4H         LINE#         89
BL51 BANKED LINKER/LOCATER V5.00                                                      09/19/2012  08:44:51  PAGE 5


  C:00B4H         LINE#         90
  C:00B4H         LINE#         91
  C:00B7H         LINE#         92
  C:00B9H         LINE#         93
  C:00BBH         LINE#         94
  C:00BDH         LINE#         95
  C:00BFH         LINE#         96
  C:00C1H         LINE#         97
  -------         ENDPROC       _LCD1602_WRITE_DATA_BUSY
  -------         PROC          _LCD1602_WRITE_ADDRESS
  D:0006H         SYMBOL        x
  D:0005H         SYMBOL        y
  C:006CH         LINE#         106
  C:006EH         LINE#         107
  C:006EH         LINE#         108
  C:0071H         LINE#         109
  C:0074H         LINE#         110
  C:0077H         LINE#         111
  C:007AH         LINE#         113
  C:0083H         LINE#         114
  -------         ENDPROC       _LCD1602_WRITE_ADDRESS
  -------         PROC          LCD1602_INIT
  C:0042H         LINE#         123
  C:0042H         LINE#         124
  C:0042H         LINE#         125
  C:0046H         LINE#         126
  C:0049H         LINE#         127
  C:004DH         LINE#         128
  C:0050H         LINE#         129
  C:0052H         LINE#         130
  C:0055H         LINE#         131
  C:0058H         LINE#         132
  C:005DH         LINE#         133
  C:0062H         LINE#         134
  C:0067H         LINE#         135
  -------         ENDPROC       LCD1602_INIT
  -------         PROC          _LCD1602_DISP
  D:0006H         SYMBOL        x
  D:0005H         SYMBOL        y
  D:0004H         SYMBOL        buf
  C:00CEH         LINE#         145
  C:00D0H         LINE#         146
  C:00D0H         LINE#         147
  C:00D3H         LINE#         148
  -------         ENDPROC       _LCD1602_DISP
  -------         PROC          MAIN
  C:0003H         LINE#         158
  C:0003H         LINE#         159
  C:0003H         LINE#         161
  C:0006H         LINE#         163
  C:0006H         LINE#         164
  C:0006H         LINE#         167
  C:0009H         LINE#         171
  C:0018H         LINE#         172
  C:002EH         LINE#         173
  C:0040H         LINE#         176
  -------         ENDPROC       MAIN
BL51 BANKED LINKER/LOCATER V5.00                                                      09/19/2012  08:44:51  PAGE 6


  -------         ENDMOD        TEST40

Program Size: data=10.0 xdata=0 code=222
LINK/LOCATE RUN COMPLETE.  0 WARNING(S),  0 ERROR(S)
