BL51 BANKED LINKER/LOCATER V5.00                                                        09/18/2012  21:38:53  PAGE 1


BL51 BANKED LINKER/LOCATER V5.00, INVOKED BY:
C:\KEIL\C51\BIN\BL51.EXE TEST52.obj TO TEST52 RAMSIZE (256)


MEMORY MODEL: SMALL


INPUT MODULES INCLUDED:
  TEST52.obj (TEST52)
  C:\KEIL\C51\LIB\C51S.LIB (?C_STARTUP)


LINK MAP OF MODULE:  TEST52 (TEST52)


            TYPE    BASE      LENGTH    RELOCATION   SEGMENT NAME
            -----------------------------------------------------

            * * * * * * *   D A T A   M E M O R Y   * * * * * * *
            REG     0000H     0008H     ABSOLUTE     "REG BANK 0"
            DATA    0008H     0003H     UNIT         ?DT?TEST52
                    000BH     0015H                  *** GAP ***
            BIT     0020H.0   0000H.1   UNIT         ?BI?TEST52
                    0020H.1   0000H.7                *** GAP ***
            IDATA   0021H     0001H     UNIT         ?STACK

            * * * * * * *   C O D E   M E M O R Y   * * * * * * *
            CODE    0000H     0003H     ABSOLUTE     
                    0003H     0008H                  *** GAP ***
            CODE    000BH     0003H     ABSOLUTE     
            CODE    000EH     00C4H     UNIT         ?PR?MAIN?TEST52
            CODE    00D2H     0010H     UNIT         ?CO?TEST52
            CODE    00E2H     000FH     UNIT         ?PR?TIMER0?TEST52
            CODE    00F1H     000CH     UNIT         ?C_C51STARTUP



OVERLAY MAP OF MODULE:   TEST52 (TEST52)


SEGMENT
  +--> CALLED SEGMENT
---------------------
?C_C51STARTUP
  +--> ?PR?MAIN?TEST52

?PR?MAIN?TEST52
  +--> ?CO?TEST52



SYMBOL TABLE OF MODULE:  TEST52 (TEST52)

  VALUE           TYPE          NAME
  ----------------------------------

  -------         MODULE        TEST52
  C:0000H         SYMBOL        _ICE_DUMMY_
BL51 BANKED LINKER/LOCATER V5.00                                                      09/18/2012  21:38:53  PAGE 2


  D:00A0H         PUBLIC        P2
  B:00D0H.6       PUBLIC        AC
  B:00B0H.4       PUBLIC        T0
  B:00B0H.5       PUBLIC        T1
  B:00A8H.7       PUBLIC        EA
  B:0090H.0       PUBLIC        T2
  D:0008H         PUBLIC        TH0buf
  D:0009H         PUBLIC        TL0buf
  B:0080H.0       PUBLIC        P0_0
  B:0090H.0       PUBLIC        P1_0
  B:0080H.1       PUBLIC        P0_1
  B:00D0H.1       PUBLIC        FL
  B:00A0H.0       PUBLIC        P2_0
  B:0090H.1       PUBLIC        P1_1
  B:0080H.2       PUBLIC        P0_2
  B:00B0H.0       PUBLIC        P3_0
  B:00A0H.1       PUBLIC        P2_1
  B:0090H.2       PUBLIC        P1_2
  B:0080H.3       PUBLIC        P0_3
  B:00B0H.1       PUBLIC        P3_1
  B:00A0H.2       PUBLIC        P2_2
  B:0090H.3       PUBLIC        P1_3
  B:0080H.4       PUBLIC        P0_4
  B:00B0H.2       PUBLIC        P3_2
  B:00A0H.3       PUBLIC        P2_3
  B:0090H.4       PUBLIC        P1_4
  B:0080H.5       PUBLIC        P0_5
  B:00C8H.6       PUBLIC        EXF2
  B:00B0H.7       PUBLIC        RD
  B:00B0H.3       PUBLIC        P3_3
  B:00A0H.4       PUBLIC        P2_4
  B:0090H.5       PUBLIC        P1_5
  B:0080H.6       PUBLIC        P0_6
  B:00B0H.4       PUBLIC        P3_4
  B:00A0H.5       PUBLIC        P2_5
  B:0090H.6       PUBLIC        P1_6
  B:0080H.7       PUBLIC        P0_7
  B:00B0H.5       PUBLIC        P3_5
  B:00A8H.4       PUBLIC        ES
  B:00A0H.6       PUBLIC        P2_6
  B:0090H.7       PUBLIC        P1_7
  B:00B0H.6       PUBLIC        P3_6
  B:00A0H.7       PUBLIC        P2_7
  B:00B0H.7       PUBLIC        P3_7
  B:0098H.0       PUBLIC        RI
  B:00D0H.7       PUBLIC        CY
  B:00B0H.2       PUBLIC        INT0
  B:00B0H.3       PUBLIC        INT1
  B:0098H.1       PUBLIC        TI
  B:00B8H.4       PUBLIC        PS
  B:0090H.1       PUBLIC        T2EX
  B:00D0H.2       PUBLIC        OV
  C:000EH         PUBLIC        main
  D:000AH         PUBLIC        KEYbuf
  B:00C8H.1       PUBLIC        C_T2
  B:00B0H.6       PUBLIC        WR
  B:00C8H.5       PUBLIC        RCLK
BL51 BANKED LINKER/LOCATER V5.00                                                      09/18/2012  21:38:53  PAGE 3


  B:00C8H.4       PUBLIC        TCLK
  C:00E2H         PUBLIC        Timer0
  D:0089H         PUBLIC        TMOD
  C:00D2H         PUBLIC        tab
  B:0088H.1       PUBLIC        IE0
  B:0088H.3       PUBLIC        IE1
  B:00C8H.0       PUBLIC        CP_RL2
  B:0020H.0       PUBLIC        S2bit
  B:00A8H.1       PUBLIC        ET0
  B:00A8H.3       PUBLIC        ET1
  B:0088H.5       PUBLIC        TF0
  B:00A8H.5       PUBLIC        ET2
  B:0088H.7       PUBLIC        TF1
  B:00A0H.0       PUBLIC        P1key
  B:00C8H.7       PUBLIC        TF2
  B:0098H.2       PUBLIC        RB8
  D:008CH         PUBLIC        TH0
  B:00A0H.1       PUBLIC        P2key
  B:00A8H.0       PUBLIC        EX0
  B:0088H.0       PUBLIC        IT0
  B:00A0H.2       PUBLIC        P3key
  B:00A8H.2       PUBLIC        EX1
  B:0098H.3       PUBLIC        TB8
  B:0088H.2       PUBLIC        IT1
  B:00A0H.3       PUBLIC        P4key
  B:00D0H.0       PUBLIC        P
  B:00A0H.4       PUBLIC        P5key
  B:0098H.7       PUBLIC        SM0
  D:008AH         PUBLIC        TL0
  B:00A0H.5       PUBLIC        P6key
  B:0098H.6       PUBLIC        SM1
  B:00A0H.6       PUBLIC        P7key
  B:0098H.5       PUBLIC        SM2
  B:00A0H.7       PUBLIC        P8key
  B:00B8H.1       PUBLIC        PT0
  B:00D0H.3       PUBLIC        RS0
  B:00B8H.3       PUBLIC        PT1
  B:00D0H.4       PUBLIC        RS1
  B:00B8H.5       PUBLIC        PT2
  B:0088H.4       PUBLIC        TR0
  B:0088H.6       PUBLIC        TR1
  B:00C8H.2       PUBLIC        TR2
  B:00B8H.0       PUBLIC        PX0
  B:00B8H.2       PUBLIC        PX1
  B:00C8H.3       PUBLIC        EXEN2
  B:0098H.4       PUBLIC        REN
  B:00B0H.0       PUBLIC        RXD
  B:00B0H.1       PUBLIC        TXD
  B:00D0H.5       PUBLIC        F0
  -------         PROC          TIMER0
  C:00E2H         LINE#         44
  C:00E2H         LINE#         46
  C:00E5H         LINE#         47
  C:00E8H         LINE#         50
  C:00EBH         LINE#         51
  C:00EEH         LINE#         53
  C:00F0H         LINE#         56
BL51 BANKED LINKER/LOCATER V5.00                                                      09/18/2012  21:38:53  PAGE 4


  -------         ENDPROC       TIMER0
  -------         PROC          MAIN
  C:000EH         LINE#         64
  C:000EH         LINE#         65
  C:000EH         LINE#         68
  C:0011H         LINE#         69
  C:0014H         LINE#         70
  C:0017H         LINE#         71
  C:001AH         LINE#         72
  C:001CH         LINE#         73
  C:001EH         LINE#         78
  C:0020H         LINE#         81
  C:0020H         LINE#         82
  C:0020H         LINE#         85
  C:0028H         LINE#         86
  C:0030H         LINE#         87
  C:0038H         LINE#         88
  C:0040H         LINE#         89
  C:0048H         LINE#         90
  C:0050H         LINE#         91
  C:0058H         LINE#         92
  C:0060H         LINE#         93
  C:0063H         LINE#         95
  C:0068H         LINE#         96
  C:0068H         LINE#         97
  C:006AH         LINE#         98
  C:006DH         LINE#         99
  C:006DH         LINE#         100
  C:006FH         LINE#         101
  C:0074H         LINE#         102
  C:0074H         LINE#         103
  C:0076H         LINE#         104
  C:0079H         LINE#         105
  C:0079H         LINE#         106
  C:007BH         LINE#         107
  C:0080H         LINE#         108
  C:0080H         LINE#         109
  C:0082H         LINE#         110
  C:0085H         LINE#         111
  C:0085H         LINE#         112
  C:0087H         LINE#         113
  C:008CH         LINE#         114
  C:008CH         LINE#         115
  C:008EH         LINE#         116
  C:0091H         LINE#         117
  C:0091H         LINE#         118
  C:0093H         LINE#         119
  C:0098H         LINE#         120
  C:0098H         LINE#         121
  C:009AH         LINE#         122
  C:009DH         LINE#         123
  C:009DH         LINE#         124
  C:009FH         LINE#         125
  C:00A4H         LINE#         126
  C:00A4H         LINE#         127
  C:00A6H         LINE#         128
  C:00A9H         LINE#         129
BL51 BANKED LINKER/LOCATER V5.00                                                      09/18/2012  21:38:53  PAGE 5


  C:00A9H         LINE#         130
  C:00ABH         LINE#         131
  C:00B0H         LINE#         132
  C:00B0H         LINE#         133
  C:00B2H         LINE#         134
  C:00B5H         LINE#         135
  C:00B5H         LINE#         136
  C:00B7H         LINE#         137
  C:00BCH         LINE#         138
  C:00BCH         LINE#         139
  C:00BEH         LINE#         140
  C:00C5H         LINE#         141
  C:00CAH         LINE#         142
  C:00CDH         LINE#         144
  C:00CDH         LINE#         145
  C:00CFH         LINE#         146
  C:00CFH         LINE#         147
  -------         ENDPROC       MAIN
  -------         ENDMOD        TEST52

Program Size: data=12.1 xdata=0 code=245
LINK/LOCATE RUN COMPLETE.  0 WARNING(S),  0 ERROR(S)
