C51 COMPILER V7.00  TEST86                                                                 09/25/2013 10:25:06 PAGE 1   


C51 COMPILER V7.00, COMPILATION OF MODULE TEST86
OBJECT MODULE PLACED IN TEST86.OBJ
COMPILER INVOKED BY: C:\Keil\C51\BIN\C51.EXE TEST86.c BROWSE DEBUG OBJECTEXTEND

stmt level    source

   1          ////////////////////////////////////////////////////////////////////////////
   2          //                给力者单片机开发学习系统，开发学习都给力！              //
   3          ////////////////////////////////////////////////////////////////////////////
   4          //                     学习51单片机，其实可以很简单                       //
   5          ////////////////////////////////////////////////////////////////////////////
   6          //                宁波芯动电子有限公司  www.MovingChip.com                //
   7          ////////////////////////////////////////////////////////////////////////////
   8          
   9          #include <AT89X52.h>       //调用51单片机的头文件
  10          unsigned char BeepCon;
  11          //---------------------------------------
  12          //数码管字形表，供显示时查询
  13          unsigned char code LED[10]=
  14          {                          //定义表格一定要使用code，这样会做到程序存储区中
  15              0x3F,                  //"0"的字形表，0B00111111
  16              0x06,                  //"1"的字形表，0B00000110
  17              0x5B,                  //"2"的字形表，0B01011011
  18              0x4F,                  //"3"的字形表，0B01001111
  19              0x66,                  //"4"的字形表，0B01100110
  20              0x6D,                  //"5"的字形表，0B01101101
  21              0x7D,                  //"6"的字形表，0B01111101
  22              0x07,                  //"7"的字形表，0B00000111
  23              0x7F,                  //"8"的字形表，0B01111111
  24              0x6F,                  //"9"的字形表，0B01101111
  25          };
  26          //---------------------------------------
  27          //名称: 按键扫描函数
  28          //适用：给力者GL9单片机开发学习系统
  29          //公司：宁波芯动电子有限公司
  30          //网址：www.MovingChip.com
  31          //日期：20130924
  32          //---------------------------------------
  33          unsigned char ScanKey(void)
  34          {
  35   1               //***4×4矩阵按键扫描部分***
  36   1          //按K1-K16键，返回参数1-16
  37   1               P1=0xFE;                       //将第一行置零，以扫描K1-K4是否被按下
  38   1          if(P1_4==0) return 1;       //如果K1键按下，返回1
  39   1          else if(P1_5==0) return 2;  //如果K2键按下，返回2
  40   1          else if(P1_6==0) return 3;  //如果K3键按下，返回3
  41   1          else if(P1_7==0) return 4;  //如果K4键按下，返回4
  42   1      
  43   1          P1=0xFD;                    //将第二行置零，以扫描K5-K8是否被按下
  44   1          if(P1_4==0) return 5;       //如果K5键按下，返回5
  45   1          else if(P1_5==0) return 6;  //如果K6键按下，返回6
  46   1          else if(P1_6==0) return 7;  //如果K7键按下，返回7
  47   1          else if(P1_7==0) return 8;  //如果K8键按下，返回8
  48   1      
  49   1          P1=0xFB;                    //将第三行置零，以扫描K9-K12是否被按下
  50   1          if(P1_4==0) return 9;       //如果K9键按下，返回9
  51   1          else if(P1_5==0) return 10;  //如果K10键按下，返回10
  52   1          else if(P1_6==0) return 11;  //如果K11键按下，返回11
  53   1          else if(P1_7==0) return 12;  //如果K12键按下，返回12
  54   1      
  55   1          P1=0xF7;                    //将第四行置零，以扫描K13-K16是否被按下
C51 COMPILER V7.00  TEST86                                                                 09/25/2013 10:25:06 PAGE 2   

  56   1          if(P1_4==0) return 13;      //如果K13键按下，返回13
  57   1          else if(P1_5==0) return 14;  //如果K14键按下，返回14
  58   1          else if(P1_6==0) return 15;  //如果K15键按下，返回15
  59   1          else if(P1_7==0) return 16;  //如果K16键按下，返回16
  60   1      
  61   1               return 0;                    //如果无按键按下，返回0
  62   1      }
  63          //---------------------------------------
  64          //名称: 蜂鸣器函数
  65          //适用：给力者GL9单片机开发学习系统
  66          //公司：宁波芯动电子有限公司
  67          //网址：www.MovingChip.com
  68          //日期：20130924
  69          //---------------------------------------
  70          void BeepPro(void)
  71          {
  72   1              if(P3_3==0)                     //如果蜂鸣器已经发声
  73   1              {
  74   2                      if(++BeepCon>250)               //那么开始计数
  75   2                      {
  76   3                              BeepCon=0;              //计数到达设定值后清除计数
  77   3                              P3_3=1;                                         //令蜂鸣器停止发声
  78   3                      }       
  79   2              }
  80   1              else                          //如果蜂鸣器没发声
  81   1                      BeepCon=0;                 //那么要给计数清零
  82   1      }
  83          //---------------------------------------
  84          //名称: 主函数
  85          //适用：给力者GL9单片机开发学习系统
  86          //公司：宁波芯动电子有限公司
  87          //网址：www.MovingChip.com
  88          //日期：20130924
  89          //---------------------------------------
  90          void main(void)            //主函数,单片机开机后就是从这个函数开始运行
  91          {    
  92   1              unsigned char k; 
  93   1              unsigned char d;
  94   1              unsigned char c;
  95   1              unsigned int k5con;
  96   1              unsigned int f=0;
  97   1              unsigned int keycon;
  98   1              bit keybit;
  99   1      
 100   1              f=0;
 101   1         while(1)               //死循环,单片机初始化后,将一直运行这个死循环
 102   1         {
 103   2                      k=ScanKey();
 104   2                      if(k==0)                //如果无键按下
 105   2                      {
 106   3                              k5con=0;
 107   3                              if(keybit==0)
 108   3                              {
 109   4                                      if(++keycon>50) //消除抖动参数，越大消抖效果越好，但是按键越不灵敏
 110   4                                      {
 111   5                                              keycon=0;
 112   5                                              keybit=1;
 113   5                                      }
 114   4                              }
 115   3                              else
 116   3                                      keycon=0;                       
 117   3                      }          
C51 COMPILER V7.00  TEST86                                                                 09/25/2013 10:25:06 PAGE 3   

 118   2                      else if(k==1)           //如果K1键按下,每次加1
 119   2                      {
 120   3                              if(keybit==1)   //如果标志位有效，说明这个是有效按键
 121   3                              {
 122   4                                      keybit=0;               //清除标志位，以保证每次按键只处理一次                             
 123   4                                      if(f<9999) 
 124   4                                      {
 125   5                                              f++;
 126   5                                              P3_3=0;
 127   5                                      }
 128   4                              }
 129   3                 }                    
 130   2                      else if(k==2)           //如果K2键按下,每次减1
 131   2                      {
 132   3                              if(keybit==1)   //如果标志位有效，说明这个是有效按键
 133   3                              {
 134   4                                      keybit=0;               //清除标志位，以保证每次按键只处理一次
 135   4                                      if(f>0) 
 136   4                                      {
 137   5                                              f--;
 138   5                                              P3_3=0;
 139   5                                      }
 140   4                              }
 141   3                 }
 142   2                      else if(k==5)           //如果K5键按下,连续加
 143   2                      {
 144   3                              if(keybit==1)   //如果标志位有效，说明这个是有效按键
 145   3                              {                               
 146   4                                      if(++k5con>750)
 147   4                                      {
 148   5                                              k5con=0;
 149   5                                              if(f<9999) 
 150   5                                              {
 151   6                                                      f++;
 152   6                                                      P3_3=0;
 153   6                                              }
 154   5                                      }
 155   4                              }
 156   3                 }
 157   2                      else if(k==6)           //如果K6键按下,连续减
 158   2                      {
 159   3                              if(keybit==1)   //如果标志位有效，说明这个是有效按键
 160   3                              {                               
 161   4                                      if(++k5con>750)
 162   4                                      {
 163   5                                              k5con=0;
 164   5                                              if(f>0) 
 165   5                                              {
 166   6                                                      f--;
 167   6                                                      P3_3=0;
 168   6                                              }
 169   5                                      }
 170   4                              }
 171   3                 }
 172   2                      BeepPro();
 173   2                      for(c=0;c<250;c++);//做一个0-250的循环，不执行其他操作，只为延时
 174   2            
 175   2            P2=0;              //关一次显示，以免显示出鬼影
 176   2            if(++d>3) d=0;     //先将d加1，然后判断是否大于3，大于3归零
 177   2            if(d==0)           //如果d=0,显示千位
 178   2            {
 179   3                P0=0x03;       //U16A0=1,U16A1=1,U16A2=0选通数码管的千位进行显示
C51 COMPILER V7.00  TEST86                                                                 09/25/2013 10:25:06 PAGE 4   

 180   3                P2=LED[f/1000];//将要显示的f的千位提取出来查表后送显示 
 181   3            }
 182   2            else if(d==1)      //如果d=1,显示百位
 183   2            {
 184   3                P0=0x02;       //U16A0=0,U16A1=1,U16A2=0选通数码管的百位进行显示
 185   3                P2=LED[(f%1000)/100];    //将要显示的f的百位提取出来查表后送显示
 186   3            }
 187   2            else if(d==2)      //如果d=2,显示十位
 188   2            {
 189   3                P0=0x01;       //U16A0=1,U16A1=0,U16A2=0选通数码管的十位进行显示
 190   3                P2=LED[(f%100)/10];      //将要显示的f的十位提取出来查表后送显示
 191   3            }
 192   2            else               //如果d=3,显示个位
 193   2            {
 194   3                P0=0x00;       //U16A0=0,U16A1=0,U16A2=0选通数码管的个位进行显示
 195   3                P2=LED[f%10];            //将要显示的f的个位提取出来查表后送显示
 196   3            }
 197   2         }
 198   1      }
 199          


MODULE INFORMATION:   STATIC OVERLAYABLE
   CODE SIZE        =    482    ----
   CONSTANT SIZE    =     10    ----
   XDATA SIZE       =   ----    ----
   PDATA SIZE       =   ----    ----
   DATA SIZE        =      1       5
   IDATA SIZE       =   ----    ----
   BIT SIZE         =   ----       1
END OF MODULE INFORMATION.


C51 COMPILATION COMPLETE.  0 WARNING(S),  0 ERROR(S)
