BL51 BANKED LINKER/LOCATER V5.00                                                        09/25/2013  10:25:06  PAGE 1


BL51 BANKED LINKER/LOCATER V5.00, INVOKED BY:
C:\KEIL\C51\BIN\BL51.EXE TEST86.obj TO TEST86 RAMSIZE (256)


MEMORY MODEL: SMALL


INPUT MODULES INCLUDED:
  TEST86.obj (TEST86)
  C:\KEIL\C51\LIB\C51S.LIB (?C_STARTUP)
  C:\KEIL\C51\LIB\C51S.LIB (?C?UIDIV)


LINK MAP OF MODULE:  TEST86 (TEST86)


            TYPE    BASE      LENGTH    RELOCATION   SEGMENT NAME
            -----------------------------------------------------

            * * * * * * *   D A T A   M E M O R Y   * * * * * * *
            REG     0000H     0008H     ABSOLUTE     "REG BANK 0"
            DATA    0008H     0005H     UNIT         _DATA_GROUP_
            DATA    000DH     0001H     UNIT         ?DT?TEST86
                    000EH     0012H                  *** GAP ***
            BIT     0020H.0   0000H.1   UNIT         _BIT_GROUP_
                    0020H.1   0000H.7                *** GAP ***
            IDATA   0021H     0001H     UNIT         ?STACK

            * * * * * * *   C O D E   M E M O R Y   * * * * * * *
            CODE    0000H     0003H     ABSOLUTE     
            CODE    0003H     015DH     UNIT         ?PR?MAIN?TEST86
            CODE    0160H     006FH     UNIT         ?PR?SCANKEY?TEST86
            CODE    01CFH     0055H     UNIT         ?C?LIB_CODE
            CODE    0224H     0016H     UNIT         ?PR?BEEPPRO?TEST86
            CODE    023AH     000CH     UNIT         ?C_C51STARTUP
            CODE    0246H     000AH     UNIT         ?CO?TEST86



OVERLAY MAP OF MODULE:   TEST86 (TEST86)


SEGMENT                           BIT_GROUP          DATA_GROUP 
  +--> CALLED SEGMENT          START    LENGTH     START    LENGTH
------------------------------------------------------------------
?C_C51STARTUP                  -----    -----      -----    -----
  +--> ?PR?MAIN?TEST86

?PR?MAIN?TEST86                0020H.0  0000H.1    0008H    0005H
  +--> ?PR?SCANKEY?TEST86
  +--> ?PR?BEEPPRO?TEST86
  +--> ?CO?TEST86



SYMBOL TABLE OF MODULE:  TEST86 (TEST86)

  VALUE           TYPE          NAME
BL51 BANKED LINKER/LOCATER V5.00                                                      09/25/2013  10:25:06  PAGE 2


  ----------------------------------

  -------         MODULE        TEST86
  C:0000H         SYMBOL        _ICE_DUMMY_
  D:0080H         PUBLIC        P0
  D:0090H         PUBLIC        P1
  D:00A0H         PUBLIC        P2
  B:00D0H.6       PUBLIC        AC
  B:00B0H.4       PUBLIC        T0
  B:00B0H.5       PUBLIC        T1
  B:00A8H.7       PUBLIC        EA
  B:0090H.0       PUBLIC        T2
  B:0080H.0       PUBLIC        P0_0
  B:0090H.0       PUBLIC        P1_0
  B:0080H.1       PUBLIC        P0_1
  B:00D0H.1       PUBLIC        FL
  B:00A0H.0       PUBLIC        P2_0
  B:0090H.1       PUBLIC        P1_1
  B:0080H.2       PUBLIC        P0_2
  B:00B0H.0       PUBLIC        P3_0
  B:00A0H.1       PUBLIC        P2_1
  B:0090H.2       PUBLIC        P1_2
  B:0080H.3       PUBLIC        P0_3
  B:00B0H.1       PUBLIC        P3_1
  B:00A0H.2       PUBLIC        P2_2
  B:0090H.3       PUBLIC        P1_3
  B:0080H.4       PUBLIC        P0_4
  B:00B0H.2       PUBLIC        P3_2
  B:00A0H.3       PUBLIC        P2_3
  B:0090H.4       PUBLIC        P1_4
  B:0080H.5       PUBLIC        P0_5
  B:00C8H.6       PUBLIC        EXF2
  B:00B0H.7       PUBLIC        RD
  B:00B0H.3       PUBLIC        P3_3
  B:00A0H.4       PUBLIC        P2_4
  B:0090H.5       PUBLIC        P1_5
  B:0080H.6       PUBLIC        P0_6
  B:00B0H.4       PUBLIC        P3_4
  B:00A0H.5       PUBLIC        P2_5
  B:0090H.6       PUBLIC        P1_6
  B:0080H.7       PUBLIC        P0_7
  B:00B0H.5       PUBLIC        P3_5
  B:00A8H.4       PUBLIC        ES
  B:00A0H.6       PUBLIC        P2_6
  B:0090H.7       PUBLIC        P1_7
  B:00B0H.6       PUBLIC        P3_6
  B:00A0H.7       PUBLIC        P2_7
  B:00B0H.7       PUBLIC        P3_7
  B:0098H.0       PUBLIC        RI
  B:00D0H.7       PUBLIC        CY
  B:00B0H.2       PUBLIC        INT0
  B:00B0H.3       PUBLIC        INT1
  B:0098H.1       PUBLIC        TI
  D:000DH         PUBLIC        BeepCon
  B:00B8H.4       PUBLIC        PS
  B:0090H.1       PUBLIC        T2EX
  B:00D0H.2       PUBLIC        OV
BL51 BANKED LINKER/LOCATER V5.00                                                      09/25/2013  10:25:06  PAGE 3


  C:0003H         PUBLIC        main
  B:00C8H.1       PUBLIC        C_T2
  B:00B0H.6       PUBLIC        WR
  B:00C8H.5       PUBLIC        RCLK
  B:00C8H.4       PUBLIC        TCLK
  C:0224H         PUBLIC        BeepPro
  C:0160H         PUBLIC        ScanKey
  B:0088H.1       PUBLIC        IE0
  B:0088H.3       PUBLIC        IE1
  B:00C8H.0       PUBLIC        CP_RL2
  B:00A8H.1       PUBLIC        ET0
  B:00A8H.3       PUBLIC        ET1
  B:0088H.5       PUBLIC        TF0
  B:00A8H.5       PUBLIC        ET2
  B:0088H.7       PUBLIC        TF1
  B:00C8H.7       PUBLIC        TF2
  B:0098H.2       PUBLIC        RB8
  B:00A8H.0       PUBLIC        EX0
  B:0088H.0       PUBLIC        IT0
  B:00A8H.2       PUBLIC        EX1
  B:0098H.3       PUBLIC        TB8
  B:0088H.2       PUBLIC        IT1
  B:00D0H.0       PUBLIC        P
  B:0098H.7       PUBLIC        SM0
  B:0098H.6       PUBLIC        SM1
  B:0098H.5       PUBLIC        SM2
  B:00B8H.1       PUBLIC        PT0
  C:0246H         PUBLIC        LED
  B:00D0H.3       PUBLIC        RS0
  B:00B8H.3       PUBLIC        PT1
  B:00D0H.4       PUBLIC        RS1
  B:00B8H.5       PUBLIC        PT2
  B:0088H.4       PUBLIC        TR0
  B:0088H.6       PUBLIC        TR1
  B:00C8H.2       PUBLIC        TR2
  B:00B8H.0       PUBLIC        PX0
  B:00B8H.2       PUBLIC        PX1
  B:00C8H.3       PUBLIC        EXEN2
  B:0098H.4       PUBLIC        REN
  B:00B0H.0       PUBLIC        RXD
  B:00B0H.1       PUBLIC        TXD
  B:00D0H.5       PUBLIC        F0
  -------         PROC          SCANKEY
  C:0160H         LINE#         33
  C:0160H         LINE#         34
  C:0160H         LINE#         37
  C:0163H         LINE#         38
  C:0169H         LINE#         39
  C:016FH         LINE#         40
  C:0175H         LINE#         41
  C:017BH         LINE#         43
  C:017EH         LINE#         44
  C:0184H         LINE#         45
  C:018AH         LINE#         46
  C:0190H         LINE#         47
  C:0196H         LINE#         49
  C:0199H         LINE#         50
BL51 BANKED LINKER/LOCATER V5.00                                                      09/25/2013  10:25:06  PAGE 4


  C:019FH         LINE#         51
  C:01A5H         LINE#         52
  C:01ABH         LINE#         53
  C:01B1H         LINE#         55
  C:01B4H         LINE#         56
  C:01BAH         LINE#         57
  C:01C0H         LINE#         58
  C:01C6H         LINE#         59
  C:01CCH         LINE#         61
  C:01CEH         LINE#         62
  -------         ENDPROC       SCANKEY
  -------         PROC          BEEPPRO
  C:0224H         LINE#         70
  C:0224H         LINE#         71
  C:0224H         LINE#         72
  C:0227H         LINE#         73
  C:0227H         LINE#         74
  C:0230H         LINE#         75
  C:0230H         LINE#         76
  C:0233H         LINE#         77
  C:0235H         LINE#         78
  C:0235H         LINE#         79
  C:0236H         LINE#         81
  C:0239H         LINE#         82
  -------         ENDPROC       BEEPPRO
  -------         PROC          MAIN
  -------         DO            
  D:0007H         SYMBOL        k
  D:0008H         SYMBOL        d
  D:0007H         SYMBOL        c
  D:0009H         SYMBOL        k5con
  D:0002H         SYMBOL        f
  D:000BH         SYMBOL        keycon
  B:0020H.0       SYMBOL        keybit
  -------         ENDDO         
  C:0003H         LINE#         90
  C:0003H         LINE#         91
  C:0003H         LINE#         96
  C:0006H         LINE#         100
  C:0006H         LINE#         101
  C:0006H         LINE#         102
  C:0006H         LINE#         103
  C:0009H         LINE#         104
  C:000CH         LINE#         105
  C:000CH         LINE#         106
  C:0010H         LINE#         107
  C:0013H         LINE#         108
  C:0013H         LINE#         109
  C:0027H         LINE#         110
  C:0027H         LINE#         111
  C:002CH         LINE#         112
  C:002EH         LINE#         113
  C:002EH         LINE#         114
  C:0031H         LINE#         116
  C:0036H         LINE#         117
  C:0039H         LINE#         118
  C:003CH         LINE#         119
BL51 BANKED LINKER/LOCATER V5.00                                                      09/25/2013  10:25:06  PAGE 5


  C:003CH         LINE#         120
  C:0042H         LINE#         121
  C:0042H         LINE#         122
  C:0044H         LINE#         123
  C:004DH         LINE#         124
  C:004DH         LINE#         125
  C:0052H         LINE#         126
  C:0054H         LINE#         127
  C:0054H         LINE#         128
  C:0054H         LINE#         129
  C:0056H         LINE#         130
  C:0059H         LINE#         131
  C:0059H         LINE#         132
  C:005CH         LINE#         133
  C:005CH         LINE#         134
  C:005EH         LINE#         135
  C:0067H         LINE#         136
  C:0067H         LINE#         137
  C:006CH         LINE#         138
  C:006EH         LINE#         139
  C:006EH         LINE#         140
  C:006EH         LINE#         141
  C:0070H         LINE#         142
  C:0073H         LINE#         143
  C:0073H         LINE#         144
  C:0076H         LINE#         145
  C:0076H         LINE#         146
  C:0087H         LINE#         147
  C:0087H         LINE#         148
  C:008CH         LINE#         149
  C:0094H         LINE#         150
  C:0094H         LINE#         151
  C:0099H         LINE#         152
  C:009BH         LINE#         153
  C:009BH         LINE#         154
  C:009BH         LINE#         155
  C:009BH         LINE#         156
  C:009DH         LINE#         157
  C:00A0H         LINE#         158
  C:00A0H         LINE#         159
  C:00A3H         LINE#         160
  C:00A3H         LINE#         161
  C:00B4H         LINE#         162
  C:00B4H         LINE#         163
  C:00B9H         LINE#         164
  C:00C2H         LINE#         165
  C:00C2H         LINE#         166
  C:00C7H         LINE#         167
  C:00C9H         LINE#         168
  C:00C9H         LINE#         169
  C:00C9H         LINE#         170
  C:00C9H         LINE#         171
  C:00C9H         LINE#         172
  C:00CCH         LINE#         173
  C:00D2H         LINE#         175
  C:00D5H         LINE#         176
  C:00E1H         LINE#         177
BL51 BANKED LINKER/LOCATER V5.00                                                      09/25/2013  10:25:06  PAGE 6


  C:00E5H         LINE#         178
  C:00E5H         LINE#         179
  C:00E8H         LINE#         180
  C:00F0H         LINE#         181
  C:00F2H         LINE#         182
  C:00F7H         LINE#         183
  C:00F7H         LINE#         184
  C:00FAH         LINE#         185
  C:010FH         LINE#         186
  C:0111H         LINE#         187
  C:0116H         LINE#         188
  C:0116H         LINE#         189
  C:0119H         LINE#         190
  C:013FH         LINE#         191
  C:0142H         LINE#         193
  C:0142H         LINE#         194
  C:0145H         LINE#         195
  C:015DH         LINE#         196
  C:015DH         LINE#         197
  -------         ENDPROC       MAIN
  -------         ENDMOD        TEST86

  -------         MODULE        ?C?UIDIV
  C:01CFH         PUBLIC        ?C?UIDIV
  -------         ENDMOD        ?C?UIDIV

Program Size: data=15.1 xdata=0 code=592
LINK/LOCATE RUN COMPLETE.  0 WARNING(S),  0 ERROR(S)
