BL51 BANKED LINKER/LOCATER V5.00                                                        09/15/2013  14:17:52  PAGE 1


BL51 BANKED LINKER/LOCATER V5.00, INVOKED BY:
C:\KEIL\C51\BIN\BL51.EXE TEST15.obj TO TEST15 RAMSIZE (256)


MEMORY MODEL: SMALL


INPUT MODULES INCLUDED:
  TEST15.obj (TEST15)
  C:\KEIL\C51\LIB\C51S.LIB (?C_STARTUP)


LINK MAP OF MODULE:  TEST15 (TEST15)


            TYPE    BASE      LENGTH    RELOCATION   SEGMENT NAME
            -----------------------------------------------------

            * * * * * * *   D A T A   M E M O R Y   * * * * * * *
            REG     0000H     0008H     ABSOLUTE     "REG BANK 0"
            IDATA   0008H     0001H     UNIT         ?STACK

            * * * * * * *   C O D E   M E M O R Y   * * * * * * *
            CODE    0000H     0003H     ABSOLUTE     
            CODE    0003H     0045H     UNIT         ?PR?MAIN?TEST15
            CODE    0048H     000CH     UNIT         ?C_C51STARTUP
            CODE    0054H     000AH     UNIT         ?CO?TEST15



OVERLAY MAP OF MODULE:   TEST15 (TEST15)


SEGMENT
  +--> CALLED SEGMENT
---------------------
?C_C51STARTUP
  +--> ?PR?MAIN?TEST15

?PR?MAIN?TEST15
  +--> ?CO?TEST15



SYMBOL TABLE OF MODULE:  TEST15 (TEST15)

  VALUE           TYPE          NAME
  ----------------------------------

  -------         MODULE        TEST15
  C:0000H         SYMBOL        _ICE_DUMMY_
  D:0090H         PUBLIC        P1
  D:00A0H         PUBLIC        P2
  B:00D0H.6       PUBLIC        AC
  B:00B0H.4       PUBLIC        T0
  B:00B0H.5       PUBLIC        T1
  B:00A8H.7       PUBLIC        EA
  B:0090H.0       PUBLIC        T2
BL51 BANKED LINKER/LOCATER V5.00                                                      09/15/2013  14:17:52  PAGE 2


  B:0080H.0       PUBLIC        P0_0
  B:0090H.0       PUBLIC        P1_0
  B:0080H.1       PUBLIC        P0_1
  B:00D0H.1       PUBLIC        FL
  B:00A0H.0       PUBLIC        P2_0
  B:0090H.1       PUBLIC        P1_1
  B:0080H.2       PUBLIC        P0_2
  B:00B0H.0       PUBLIC        P3_0
  B:00A0H.1       PUBLIC        P2_1
  B:0090H.2       PUBLIC        P1_2
  B:0080H.3       PUBLIC        P0_3
  B:00B0H.1       PUBLIC        P3_1
  B:00A0H.2       PUBLIC        P2_2
  B:0090H.3       PUBLIC        P1_3
  B:0080H.4       PUBLIC        P0_4
  B:00B0H.2       PUBLIC        P3_2
  B:00A0H.3       PUBLIC        P2_3
  B:0090H.4       PUBLIC        P1_4
  B:0080H.5       PUBLIC        P0_5
  B:00C8H.6       PUBLIC        EXF2
  B:00B0H.7       PUBLIC        RD
  B:00B0H.3       PUBLIC        P3_3
  B:00A0H.4       PUBLIC        P2_4
  B:0090H.5       PUBLIC        P1_5
  B:0080H.6       PUBLIC        P0_6
  B:00B0H.4       PUBLIC        P3_4
  B:00A0H.5       PUBLIC        P2_5
  B:0090H.6       PUBLIC        P1_6
  B:0080H.7       PUBLIC        P0_7
  B:00B0H.5       PUBLIC        P3_5
  B:00A8H.4       PUBLIC        ES
  B:00A0H.6       PUBLIC        P2_6
  B:0090H.7       PUBLIC        P1_7
  B:00B0H.6       PUBLIC        P3_6
  B:00A0H.7       PUBLIC        P2_7
  B:00B0H.7       PUBLIC        P3_7
  B:0098H.0       PUBLIC        RI
  B:00D0H.7       PUBLIC        CY
  B:00B0H.2       PUBLIC        INT0
  B:00B0H.3       PUBLIC        INT1
  B:0098H.1       PUBLIC        TI
  B:00B8H.4       PUBLIC        PS
  B:0090H.1       PUBLIC        T2EX
  B:00D0H.2       PUBLIC        OV
  C:0003H         PUBLIC        main
  B:00C8H.1       PUBLIC        C_T2
  B:00B0H.6       PUBLIC        WR
  B:00C8H.5       PUBLIC        RCLK
  B:0090H.0       PUBLIC        U16A0
  B:0090H.1       PUBLIC        U16A1
  B:00C8H.4       PUBLIC        TCLK
  B:0090H.2       PUBLIC        U16A2
  B:0088H.1       PUBLIC        IE0
  B:0088H.3       PUBLIC        IE1
  B:00C8H.0       PUBLIC        CP_RL2
  B:00A8H.1       PUBLIC        ET0
  B:00A8H.3       PUBLIC        ET1
BL51 BANKED LINKER/LOCATER V5.00                                                      09/15/2013  14:17:52  PAGE 3


  B:0088H.5       PUBLIC        TF0
  B:00A8H.5       PUBLIC        ET2
  B:0088H.7       PUBLIC        TF1
  B:00C8H.7       PUBLIC        TF2
  B:0098H.2       PUBLIC        RB8
  B:00A8H.0       PUBLIC        EX0
  B:0088H.0       PUBLIC        IT0
  B:00A8H.2       PUBLIC        EX1
  B:0098H.3       PUBLIC        TB8
  B:0088H.2       PUBLIC        IT1
  B:00D0H.0       PUBLIC        P
  B:0098H.7       PUBLIC        SM0
  B:0098H.6       PUBLIC        SM1
  B:0098H.5       PUBLIC        SM2
  B:00B8H.1       PUBLIC        PT0
  C:0054H         PUBLIC        LED
  B:00D0H.3       PUBLIC        RS0
  B:00B8H.3       PUBLIC        PT1
  B:00D0H.4       PUBLIC        RS1
  B:00B8H.5       PUBLIC        PT2
  B:0088H.4       PUBLIC        TR0
  B:0088H.6       PUBLIC        TR1
  B:00C8H.2       PUBLIC        TR2
  B:00B8H.0       PUBLIC        PX0
  B:00B8H.2       PUBLIC        PX1
  B:00C8H.3       PUBLIC        EXEN2
  B:0098H.4       PUBLIC        REN
  B:00B0H.0       PUBLIC        RXD
  B:00B0H.1       PUBLIC        TXD
  B:00D0H.5       PUBLIC        F0
  -------         PROC          MAIN
  -------         DO            
  D:0007H         SYMBOL        c
  D:0006H         SYMBOL        d
  -------         ENDDO         
  C:0003H         LINE#         41
  C:0003H         LINE#         42
  C:0003H         LINE#         44
  C:0004H         LINE#         45
  C:0005H         LINE#         47
  C:0005H         LINE#         48
  C:0005H         LINE#         50
  C:000BH         LINE#         51
  C:000EH         LINE#         52
  C:0017H         LINE#         53
  C:001AH         LINE#         54
  C:001AH         LINE#         55
  C:001DH         LINE#         56
  C:0020H         LINE#         57
  C:0022H         LINE#         58
  C:0025H         LINE#         59
  C:0025H         LINE#         60
  C:0028H         LINE#         61
  C:002CH         LINE#         62
  C:002EH         LINE#         63
  C:0031H         LINE#         64
  C:0031H         LINE#         65
BL51 BANKED LINKER/LOCATER V5.00                                                      09/15/2013  14:17:52  PAGE 4


  C:0034H         LINE#         66
  C:003BH         LINE#         67
  C:003DH         LINE#         69
  C:003DH         LINE#         70
  C:0040H         LINE#         71
  C:0046H         LINE#         72
  C:0046H         LINE#         73
  -------         ENDPROC       MAIN
  -------         ENDMOD        TEST15

Program Size: data=9.0 xdata=0 code=94
LINK/LOCATE RUN COMPLETE.  0 WARNING(S),  0 ERROR(S)
