BL51 BANKED LINKER/LOCATER V5.00                                                        09/19/2012  08:23:28  PAGE 1


BL51 BANKED LINKER/LOCATER V5.00, INVOKED BY:
C:\KEIL\C51\BIN\BL51.EXE TEST25.obj TO TEST25 RAMSIZE (256)


MEMORY MODEL: SMALL


INPUT MODULES INCLUDED:
  TEST25.obj (TEST25)
  C:\KEIL\C51\LIB\C51S.LIB (?C_STARTUP)


LINK MAP OF MODULE:  TEST25 (TEST25)


            TYPE    BASE      LENGTH    RELOCATION   SEGMENT NAME
            -----------------------------------------------------

            * * * * * * *   D A T A   M E M O R Y   * * * * * * *
            REG     0000H     0008H     ABSOLUTE     "REG BANK 0"
            DATA    0008H     0003H     UNIT         ?DT?TEST25
                    000BH     0015H                  *** GAP ***
            BIT     0020H.0   0000H.1   UNIT         ?BI?TEST25
                    0020H.1   0000H.7                *** GAP ***
            IDATA   0021H     0001H     UNIT         ?STACK

            * * * * * * *   C O D E   M E M O R Y   * * * * * * *
            CODE    0000H     0003H     ABSOLUTE     
            CODE    0003H     00CAH     UNIT         ?PR?MAIN?TEST25
            CODE    00CDH     000CH     UNIT         ?C_C51STARTUP
            CODE    00D9H     0008H     UNIT         ?CO?TEST25



OVERLAY MAP OF MODULE:   TEST25 (TEST25)


SEGMENT
  +--> CALLED SEGMENT
---------------------
?C_C51STARTUP
  +--> ?PR?MAIN?TEST25

?PR?MAIN?TEST25
  +--> ?CO?TEST25



SYMBOL TABLE OF MODULE:  TEST25 (TEST25)

  VALUE           TYPE          NAME
  ----------------------------------

  -------         MODULE        TEST25
  C:0000H         SYMBOL        _ICE_DUMMY_
  D:0090H         PUBLIC        P1
  D:00A0H         PUBLIC        P2
  B:00D0H.6       PUBLIC        AC
BL51 BANKED LINKER/LOCATER V5.00                                                      09/19/2012  08:23:28  PAGE 2


  B:00B0H.4       PUBLIC        T0
  B:00B0H.5       PUBLIC        T1
  B:00A8H.7       PUBLIC        EA
  B:0090H.0       PUBLIC        T2
  B:0080H.0       PUBLIC        P0_0
  B:0090H.0       PUBLIC        P1_0
  B:0080H.1       PUBLIC        P0_1
  B:00D0H.1       PUBLIC        FL
  B:00A0H.0       PUBLIC        P2_0
  B:0090H.1       PUBLIC        P1_1
  B:0080H.2       PUBLIC        P0_2
  B:00B0H.0       PUBLIC        P3_0
  B:00A0H.1       PUBLIC        P2_1
  B:0090H.2       PUBLIC        P1_2
  B:0080H.3       PUBLIC        P0_3
  B:00B0H.1       PUBLIC        P3_1
  B:00A0H.2       PUBLIC        P2_2
  B:0090H.3       PUBLIC        P1_3
  B:0080H.4       PUBLIC        P0_4
  B:00B0H.2       PUBLIC        P3_2
  B:00A0H.3       PUBLIC        P2_3
  B:0090H.4       PUBLIC        P1_4
  B:0080H.5       PUBLIC        P0_5
  B:00C8H.6       PUBLIC        EXF2
  B:00B0H.7       PUBLIC        RD
  B:00B0H.3       PUBLIC        P3_3
  B:00A0H.4       PUBLIC        P2_4
  B:0090H.5       PUBLIC        P1_5
  B:0080H.6       PUBLIC        P0_6
  B:00B0H.4       PUBLIC        P3_4
  B:00A0H.5       PUBLIC        P2_5
  B:0090H.6       PUBLIC        P1_6
  B:0080H.7       PUBLIC        P0_7
  B:00B0H.5       PUBLIC        P3_5
  B:00A8H.4       PUBLIC        ES
  B:00A0H.6       PUBLIC        P2_6
  B:0090H.7       PUBLIC        P1_7
  B:00B0H.6       PUBLIC        P3_6
  B:00A0H.7       PUBLIC        P2_7
  B:00B0H.7       PUBLIC        P3_7
  B:0098H.0       PUBLIC        RI
  B:00D0H.7       PUBLIC        CY
  B:00B0H.2       PUBLIC        INT0
  B:00B0H.3       PUBLIC        INT1
  B:0098H.1       PUBLIC        TI
  B:00B8H.4       PUBLIC        PS
  B:0090H.1       PUBLIC        T2EX
  B:00D0H.2       PUBLIC        OV
  C:0003H         PUBLIC        main
  D:0008H         PUBLIC        KEYbuf
  B:00C8H.1       PUBLIC        C_T2
  B:00B0H.6       PUBLIC        WR
  B:0020H.0       PUBLIC        KEYbit
  D:0009H         PUBLIC        KEYcon
  B:00C8H.5       PUBLIC        RCLK
  B:00C8H.4       PUBLIC        TCLK
  B:0088H.1       PUBLIC        IE0
BL51 BANKED LINKER/LOCATER V5.00                                                      09/19/2012  08:23:28  PAGE 3


  B:0088H.3       PUBLIC        IE1
  B:00C8H.0       PUBLIC        CP_RL2
  B:00A8H.1       PUBLIC        ET0
  B:00A8H.3       PUBLIC        ET1
  B:0088H.5       PUBLIC        TF0
  B:00A8H.5       PUBLIC        ET2
  B:0088H.7       PUBLIC        TF1
  B:00A0H.0       PUBLIC        P1key
  B:00C8H.7       PUBLIC        TF2
  B:0098H.2       PUBLIC        RB8
  B:00A0H.1       PUBLIC        P2key
  B:00A8H.0       PUBLIC        EX0
  B:0088H.0       PUBLIC        IT0
  B:00A0H.2       PUBLIC        P3key
  B:00A8H.2       PUBLIC        EX1
  B:0098H.3       PUBLIC        TB8
  B:0088H.2       PUBLIC        IT1
  B:00A0H.3       PUBLIC        P4key
  B:00D0H.0       PUBLIC        P
  B:00A0H.4       PUBLIC        P5key
  B:0098H.7       PUBLIC        SM0
  B:00A0H.5       PUBLIC        P6key
  B:0098H.6       PUBLIC        SM1
  D:000AH         PUBLIC        STEPspeed
  B:00A0H.6       PUBLIC        P7key
  B:0098H.5       PUBLIC        SM2
  B:00A0H.7       PUBLIC        P8key
  B:00B8H.1       PUBLIC        PT0
  B:00D0H.3       PUBLIC        RS0
  B:00B8H.3       PUBLIC        PT1
  B:00D0H.4       PUBLIC        RS1
  B:00B8H.5       PUBLIC        PT2
  B:0088H.4       PUBLIC        TR0
  C:00D9H         PUBLIC        TAB
  B:0088H.6       PUBLIC        TR1
  B:00C8H.2       PUBLIC        TR2
  B:00B8H.0       PUBLIC        PX0
  B:00B8H.2       PUBLIC        PX1
  B:00C8H.3       PUBLIC        EXEN2
  B:0098H.4       PUBLIC        REN
  B:00B0H.0       PUBLIC        RXD
  B:00B0H.1       PUBLIC        TXD
  B:00D0H.5       PUBLIC        F0
  -------         PROC          MAIN
  -------         DO            
  D:0006H         SYMBOL        a
  D:0005H         SYMBOL        b
  -------         ENDDO         
  C:0003H         LINE#         51
  C:0003H         LINE#         52
  C:0003H         LINE#         54
  C:0004H         LINE#         55
  C:0005H         LINE#         56
  C:0005H         LINE#         57
  C:0005H         LINE#         60
  C:000DH         LINE#         61
  C:0015H         LINE#         62
BL51 BANKED LINKER/LOCATER V5.00                                                      09/19/2012  08:23:28  PAGE 4


  C:001DH         LINE#         63
  C:0025H         LINE#         64
  C:002DH         LINE#         65
  C:0035H         LINE#         66
  C:003DH         LINE#         67
  C:0045H         LINE#         69
  C:0045H         LINE#         70
  C:0048H         LINE#         71
  C:004BH         LINE#         72
  C:004BH         LINE#         73
  C:0054H         LINE#         74
  C:0054H         LINE#         75
  C:0057H         LINE#         76
  C:0059H         LINE#         77
  C:0059H         LINE#         78
  C:0059H         LINE#         79
  C:0059H         LINE#         81
  C:005EH         LINE#         82
  C:005EH         LINE#         83
  C:0061H         LINE#         84
  C:0061H         LINE#         85
  C:0063H         LINE#         86
  C:006FH         LINE#         87
  C:006FH         LINE#         88
  C:006FH         LINE#         90
  C:0073H         LINE#         91
  C:0073H         LINE#         92
  C:0082H         LINE#         93
  C:0082H         LINE#         94
  C:0087H         LINE#         95
  C:0087H         LINE#         96
  C:0097H         LINE#         97
  C:0097H         LINE#         98
  C:009CH         LINE#         99
  C:009CH         LINE#         100
  C:00ACH         LINE#         101
  C:00ACH         LINE#         103
  C:00ACH         LINE#         104
  C:00BAH         LINE#         105
  C:00BAH         LINE#         106
  C:00C3H         LINE#         107
  C:00CAH         LINE#         108
  -------         ENDPROC       MAIN
  -------         ENDMOD        TEST25

Program Size: data=12.1 xdata=0 code=225
LINK/LOCATE RUN COMPLETE.  0 WARNING(S),  0 ERROR(S)
