BL51 BANKED LINKER/LOCATER V5.00                                                        02/19/2014  10:35:30  PAGE 1


BL51 BANKED LINKER/LOCATER V5.00, INVOKED BY:
C:\KEIL\C51\BIN\BL51.EXE TEST89.obj TO TEST89 RAMSIZE (256)


MEMORY MODEL: SMALL


INPUT MODULES INCLUDED:
  TEST89.obj (TEST89)
  C:\KEIL\C51\LIB\C51S.LIB (?C_STARTUP)


LINK MAP OF MODULE:  TEST89 (TEST89)


            TYPE    BASE      LENGTH    RELOCATION   SEGMENT NAME
            -----------------------------------------------------

            * * * * * * *   D A T A   M E M O R Y   * * * * * * *
            REG     0000H     0008H     ABSOLUTE     "REG BANK 0"
            DATA    0008H     0002H     UNIT         ?DT?TEST89
            DATA    000AH     0002H     UNIT         _DATA_GROUP_
                    000CH     0014H                  *** GAP ***
            BIT     0020H.0   0000H.1   UNIT         ?BI?TEST89
                    0020H.1   0000H.7                *** GAP ***
            IDATA   0021H     0001H     UNIT         ?STACK

            * * * * * * *   C O D E   M E M O R Y   * * * * * * *
            CODE    0000H     0003H     ABSOLUTE     
            CODE    0003H     00CAH     UNIT         ?PR?MAIN?TEST89
            CODE    00CDH     0026H     UNIT         ?PR?_WRITE1BYTE?TEST89
            CODE    00F3H     0021H     UNIT         ?PR?READ1BYTE?TEST89
            CODE    0114H     0020H     UNIT         ?PR?_READPCF8563?TEST89
            CODE    0134H     0017H     UNIT         ?PR?_WRITEPCF8563?TEST89
            CODE    014BH     000DH     UNIT         ?PR?IICSTART?TEST89
            CODE    0158H     000DH     UNIT         ?PR?IICSTOP?TEST89
            CODE    0165H     000CH     UNIT         ?C_C51STARTUP
            CODE    0171H     000AH     UNIT         ?CO?TEST89



OVERLAY MAP OF MODULE:   TEST89 (TEST89)


SEGMENT                            DATA_GROUP 
  +--> CALLED SEGMENT            START    LENGTH
------------------------------------------------
?C_C51STARTUP                    -----    -----
  +--> ?PR?MAIN?TEST89

?PR?MAIN?TEST89                  000AH    0002H
  +--> ?PR?_WRITEPCF8563?TEST89
  +--> ?PR?_READPCF8563?TEST89
  +--> ?CO?TEST89

?PR?_WRITEPCF8563?TEST89         -----    -----
  +--> ?PR?IICSTART?TEST89
  +--> ?PR?_WRITE1BYTE?TEST89
BL51 BANKED LINKER/LOCATER V5.00                                                      02/19/2014  10:35:30  PAGE 2


  +--> ?PR?IICSTOP?TEST89

?PR?_READPCF8563?TEST89          -----    -----
  +--> ?PR?IICSTART?TEST89
  +--> ?PR?_WRITE1BYTE?TEST89
  +--> ?PR?READ1BYTE?TEST89
  +--> ?PR?IICSTOP?TEST89



SYMBOL TABLE OF MODULE:  TEST89 (TEST89)

  VALUE           TYPE          NAME
  ----------------------------------

  -------         MODULE        TEST89
  C:0000H         SYMBOL        _ICE_DUMMY_
  D:0080H         PUBLIC        P0
  D:0090H         PUBLIC        P1
  D:00A0H         PUBLIC        P2
  B:00D0H.6       PUBLIC        AC
  B:00B0H.4       PUBLIC        T0
  B:00B0H.5       PUBLIC        T1
  B:00A8H.7       PUBLIC        EA
  B:0090H.0       PUBLIC        T2
  C:014BH         PUBLIC        IICstart
  C:0114H         PUBLIC        _ReadPCF8563
  B:0080H.0       PUBLIC        P0_0
  B:0090H.0       PUBLIC        P1_0
  B:0080H.1       PUBLIC        P0_1
  B:00D0H.1       PUBLIC        FL
  B:00A0H.0       PUBLIC        P2_0
  B:0090H.1       PUBLIC        P1_1
  B:0080H.2       PUBLIC        P0_2
  B:00B0H.0       PUBLIC        P3_0
  B:00A0H.1       PUBLIC        P2_1
  B:0090H.2       PUBLIC        P1_2
  B:0080H.3       PUBLIC        P0_3
  B:00B0H.1       PUBLIC        P3_1
  B:00A0H.2       PUBLIC        P2_2
  B:0090H.3       PUBLIC        P1_3
  B:0080H.4       PUBLIC        P0_4
  B:00B0H.2       PUBLIC        P3_2
  B:00A0H.3       PUBLIC        P2_3
  B:0090H.4       PUBLIC        P1_4
  B:0080H.5       PUBLIC        P0_5
  B:00C8H.6       PUBLIC        EXF2
  B:00B0H.7       PUBLIC        RD
  B:00B0H.3       PUBLIC        P3_3
  B:00A0H.4       PUBLIC        P2_4
  B:0090H.5       PUBLIC        P1_5
  B:0080H.6       PUBLIC        P0_6
  B:00B0H.4       PUBLIC        P3_4
  B:00A0H.5       PUBLIC        P2_5
  B:0090H.6       PUBLIC        P1_6
  B:0080H.7       PUBLIC        P0_7
  B:00B0H.5       PUBLIC        P3_5
BL51 BANKED LINKER/LOCATER V5.00                                                      02/19/2014  10:35:30  PAGE 3


  B:00A8H.4       PUBLIC        ES
  B:00A0H.6       PUBLIC        P2_6
  B:0090H.7       PUBLIC        P1_7
  B:00B0H.6       PUBLIC        P3_6
  B:00A0H.7       PUBLIC        P2_7
  B:00B0H.7       PUBLIC        P3_7
  B:0098H.0       PUBLIC        RI
  B:00D0H.7       PUBLIC        CY
  B:00B0H.2       PUBLIC        INT0
  B:00B0H.3       PUBLIC        INT1
  B:0098H.1       PUBLIC        TI
  C:0158H         PUBLIC        IICstop
  C:0134H         PUBLIC        _WritePCF8563
  B:0020H.0       PUBLIC        Secondbit
  B:00B8H.4       PUBLIC        PS
  B:0090H.1       PUBLIC        T2EX
  B:00D0H.2       PUBLIC        OV
  C:0003H         PUBLIC        main
  B:00C8H.1       PUBLIC        C_T2
  B:00B0H.6       PUBLIC        WR
  B:00C8H.5       PUBLIC        RCLK
  B:0080H.0       PUBLIC        U16A0
  B:0080H.1       PUBLIC        U16A1
  B:00C8H.4       PUBLIC        TCLK
  B:0080H.2       PUBLIC        U16A2
  C:00CDH         PUBLIC        _Write1Byte
  B:0088H.1       PUBLIC        IE0
  B:0088H.3       PUBLIC        IE1
  B:00C8H.0       PUBLIC        CP_RL2
  C:00F3H         PUBLIC        Read1Byte
  B:00A8H.1       PUBLIC        ET0
  D:0008H         PUBLIC        PCFbuf1
  B:00A8H.3       PUBLIC        ET1
  B:0088H.5       PUBLIC        TF0
  D:0009H         PUBLIC        PCFbuf2
  B:00A8H.5       PUBLIC        ET2
  B:0088H.7       PUBLIC        TF1
  B:00C8H.7       PUBLIC        TF2
  B:0098H.2       PUBLIC        RB8
  B:00A8H.0       PUBLIC        EX0
  B:0088H.0       PUBLIC        IT0
  B:00A8H.2       PUBLIC        EX1
  B:0098H.3       PUBLIC        TB8
  B:0088H.2       PUBLIC        IT1
  B:00D0H.0       PUBLIC        P
  B:0098H.7       PUBLIC        SM0
  B:0098H.6       PUBLIC        SM1
  B:0098H.5       PUBLIC        SM2
  B:00B8H.1       PUBLIC        PT0
  C:0171H         PUBLIC        LED
  B:00D0H.3       PUBLIC        RS0
  B:00B8H.3       PUBLIC        PT1
  B:00D0H.4       PUBLIC        RS1
  B:00B8H.5       PUBLIC        PT2
  B:0088H.4       PUBLIC        TR0
  B:0088H.6       PUBLIC        TR1
  B:0090H.0       PUBLIC        SDA
BL51 BANKED LINKER/LOCATER V5.00                                                      02/19/2014  10:35:30  PAGE 4


  B:00C8H.2       PUBLIC        TR2
  B:00B8H.0       PUBLIC        PX0
  B:00B8H.2       PUBLIC        PX1
  B:0090H.1       PUBLIC        SCL
  B:00C8H.3       PUBLIC        EXEN2
  B:0098H.4       PUBLIC        REN
  B:00B0H.0       PUBLIC        RXD
  B:00B0H.1       PUBLIC        TXD
  B:00D0H.5       PUBLIC        F0
  -------         PROC          IICSTART
  C:014BH         LINE#         55
  C:014BH         LINE#         56
  C:014BH         LINE#         57
  C:014DH         LINE#         58
  C:014FH         LINE#         59
  C:0150H         LINE#         60
  C:0151H         LINE#         61
  C:0153H         LINE#         62
  C:0154H         LINE#         63
  C:0155H         LINE#         64
  C:0157H         LINE#         65
  -------         ENDPROC       IICSTART
  -------         PROC          IICSTOP
  C:0158H         LINE#         74
  C:0158H         LINE#         75
  C:0158H         LINE#         76
  C:015AH         LINE#         77
  C:015CH         LINE#         78
  C:015DH         LINE#         79
  C:015EH         LINE#         80
  C:0160H         LINE#         81
  C:0161H         LINE#         82
  C:0162H         LINE#         83
  C:0164H         LINE#         84
  -------         ENDPROC       IICSTOP
  -------         PROC          _WRITE1BYTE
  D:0007H         SYMBOL        Buf1
  -------         DO            
  D:0006H         SYMBOL        k
  -------         ENDDO         
  C:00CDH         LINE#         93
  C:00CDH         LINE#         94
  C:00CDH         LINE#         96
  C:00CFH         LINE#         97
  C:00CFH         LINE#         98
  C:00D3H         LINE#         99
  C:00D3H         LINE#         100
  C:00D5H         LINE#         101
  C:00D7H         LINE#         103
  C:00D7H         LINE#         104
  C:00D9H         LINE#         105
  C:00D9H         LINE#         106
  C:00DAH         LINE#         107
  C:00DBH         LINE#         108
  C:00DDH         LINE#         109
  C:00E1H         LINE#         110
  C:00E2H         LINE#         111
BL51 BANKED LINKER/LOCATER V5.00                                                      02/19/2014  10:35:30  PAGE 5


  C:00E4H         LINE#         112
  C:00E5H         LINE#         113
  C:00E9H         LINE#         114
  C:00EBH         LINE#         115
  C:00ECH         LINE#         116
  C:00EEH         LINE#         117
  C:00EFH         LINE#         118
  C:00F0H         LINE#         119
  C:00F2H         LINE#         120
  -------         ENDPROC       _WRITE1BYTE
  -------         PROC          READ1BYTE
  -------         DO            
  D:0006H         SYMBOL        k
  D:0007H         SYMBOL        t
  -------         ENDDO         
  C:00F3H         LINE#         129
  C:00F3H         LINE#         130
  C:00F3H         LINE#         132
  C:00F5H         LINE#         133
  C:00F6H         LINE#         134
  C:00F6H         LINE#         135
  C:00FAH         LINE#         136
  C:00FCH         LINE#         137
  C:00FEH         LINE#         138
  C:00FFH         LINE#         139
  C:0100H         LINE#         140
  C:0103H         LINE#         141
  C:0103H         LINE#         142
  C:0106H         LINE#         143
  C:0108H         LINE#         145
  C:0108H         LINE#         146
  C:010BH         LINE#         147
  C:010BH         LINE#         148
  C:010DH         LINE#         149
  C:010EH         LINE#         150
  C:010FH         LINE#         151
  C:0113H         LINE#         152
  C:0113H         LINE#         153
  -------         ENDPROC       READ1BYTE
  -------         PROC          _WRITEPCF8563
  D:0004H         SYMBOL        Address
  D:0005H         SYMBOL        Databuf
  C:0134H         LINE#         162
  C:0136H         LINE#         163
  C:0136H         LINE#         164
  C:0139H         LINE#         166
  C:013EH         LINE#         168
  C:0143H         LINE#         170
  C:0148H         LINE#         172
  -------         ENDPROC       _WRITEPCF8563
  -------         PROC          _READPCF8563
  D:0005H         SYMBOL        Address
  -------         DO            
  D:0007H         SYMBOL        buf
  -------         ENDDO         
  C:0114H         LINE#         182
  C:0116H         LINE#         183
BL51 BANKED LINKER/LOCATER V5.00                                                      02/19/2014  10:35:30  PAGE 6


  C:0116H         LINE#         185
  C:0119H         LINE#         187
  C:011EH         LINE#         189
  C:0123H         LINE#         191
  C:0126H         LINE#         193
  C:012BH         LINE#         195
  C:012EH         LINE#         197
  C:0131H         LINE#         199
  C:0133H         LINE#         200
  -------         ENDPROC       _READPCF8563
  -------         PROC          MAIN
  -------         DO            
  D:0003H         SYMBOL        c
  D:0002H         SYMBOL        d
  D:000AH         SYMBOL        e
  -------         ENDDO         
  C:0003H         LINE#         209
  C:0003H         LINE#         210
  C:0003H         LINE#         212
  C:0005H         LINE#         213
  C:0006H         LINE#         214
  C:000AH         LINE#         216
  C:000FH         LINE#         217
  C:0016H         LINE#         218
  C:001DH         LINE#         219
  C:0024H         LINE#         220
  C:002BH         LINE#         221
  C:0032H         LINE#         222
  C:0039H         LINE#         223
  C:0040H         LINE#         225
  C:0040H         LINE#         226
  C:0040H         LINE#         227
  C:0046H         LINE#         228
  C:0057H         LINE#         229
  C:0057H         LINE#         230
  C:005CH         LINE#         231
  C:005EH         LINE#         232
  C:005EH         LINE#         233
  C:0065H         LINE#         234
  C:006CH         LINE#         235
  C:006FH         LINE#         236
  C:0078H         LINE#         237
  C:007BH         LINE#         238
  C:007BH         LINE#         239
  C:007EH         LINE#         240
  C:0087H         LINE#         241
  C:0089H         LINE#         242
  C:008CH         LINE#         243
  C:008CH         LINE#         244
  C:008FH         LINE#         245
  C:0099H         LINE#         246
  C:009DH         LINE#         247
  C:009FH         LINE#         248
  C:00A2H         LINE#         249
  C:00A2H         LINE#         250
  C:00A5H         LINE#         251
  C:00BBH         LINE#         252
BL51 BANKED LINKER/LOCATER V5.00                                                      02/19/2014  10:35:30  PAGE 7


  C:00BDH         LINE#         254
  C:00BDH         LINE#         255
  C:00C0H         LINE#         256
  C:00CAH         LINE#         257
  C:00CAH         LINE#         258
  -------         ENDPROC       MAIN
  -------         ENDMOD        TEST89

Program Size: data=13.1 xdata=0 code=379
LINK/LOCATE RUN COMPLETE.  0 WARNING(S),  0 ERROR(S)
