BL51 BANKED LINKER/LOCATER V5.00                                                        09/19/2012  10:32:57  PAGE 1


BL51 BANKED LINKER/LOCATER V5.00, INVOKED BY:
C:\KEIL\C51\BIN\BL51.EXE TEST45.obj TO TEST45 RAMSIZE (256)


MEMORY MODEL: SMALL


INPUT MODULES INCLUDED:
  TEST45.obj (TEST45)
  C:\KEIL\C51\LIB\C51S.LIB (?C_STARTUP)


LINK MAP OF MODULE:  TEST45 (TEST45)


            TYPE    BASE      LENGTH    RELOCATION   SEGMENT NAME
            -----------------------------------------------------

            * * * * * * *   D A T A   M E M O R Y   * * * * * * *
            REG     0000H     0008H     ABSOLUTE     "REG BANK 0"
            DATA    0008H     0002H     UNIT         ?DT?TEST45
            IDATA   000AH     0001H     UNIT         ?STACK

            * * * * * * *   C O D E   M E M O R Y   * * * * * * *
            CODE    0000H     0003H     ABSOLUTE     
            CODE    0003H     00C7H     UNIT         ?PR?MAIN?TEST45
            CODE    00CAH     002AH     UNIT         ?PR?LCD1602_INIT?TEST45
            CODE    00F4H     0018H     UNIT         ?PR?_LCD1602_WRITE_ADDRESS?TEST45
            CODE    010CH     0012H     UNIT         ?PR?_DELAY1602?TEST45
            CODE    011EH     0010H     UNIT         ?PR?_LCD1602_WRITE_COM?TEST45
            CODE    012EH     000EH     UNIT         ?PR?LCD1602_BUSY?TEST45
            CODE    013CH     000EH     UNIT         ?PR?_LCD1602_WRITE_DATA_BUSY?TEST45
            CODE    014AH     000CH     UNIT         ?C_C51STARTUP
            CODE    0156H     000AH     UNIT         ?PR?_LCD1602_DISP?TEST45
            CODE    0160H     0006H     UNIT         ?PR?_LCD1602_WRITE_COM_BUSY?TEST45



OVERLAY MAP OF MODULE:   TEST45 (TEST45)


SEGMENT
  +--> CALLED SEGMENT
---------------------
?C_C51STARTUP
  +--> ?PR?MAIN?TEST45

?PR?MAIN?TEST45
  +--> ?PR?LCD1602_INIT?TEST45
  +--> ?PR?_LCD1602_DISP?TEST45

?PR?LCD1602_INIT?TEST45
  +--> ?PR?_LCD1602_WRITE_COM?TEST45
  +--> ?PR?_LCD1602_WRITE_COM_BUSY?TEST45

?PR?_LCD1602_WRITE_COM?TEST45
  +--> ?PR?_DELAY1602?TEST45

BL51 BANKED LINKER/LOCATER V5.00                                                      09/19/2012  10:32:57  PAGE 2


?PR?_LCD1602_WRITE_COM_BUSY?TEST45
  +--> ?PR?LCD1602_BUSY?TEST45
  +--> ?PR?_LCD1602_WRITE_COM?TEST45

?PR?_LCD1602_DISP?TEST45
  +--> ?PR?_LCD1602_WRITE_ADDRESS?TEST45
  +--> ?PR?_LCD1602_WRITE_DATA_BUSY?TEST45

?PR?_LCD1602_WRITE_ADDRESS?TEST45
  +--> ?PR?_LCD1602_WRITE_COM_BUSY?TEST45

?PR?_LCD1602_WRITE_DATA_BUSY?TEST45
  +--> ?PR?LCD1602_BUSY?TEST45



SYMBOL TABLE OF MODULE:  TEST45 (TEST45)

  VALUE           TYPE          NAME
  ----------------------------------

  -------         MODULE        TEST45
  C:0000H         SYMBOL        _ICE_DUMMY_
  D:0080H         PUBLIC        P0
  D:0090H         PUBLIC        P1
  D:00A0H         PUBLIC        P2
  B:00D0H.6       PUBLIC        AC
  B:00B0H.4       PUBLIC        T0
  B:00B0H.5       PUBLIC        T1
  B:00A8H.7       PUBLIC        EA
  B:0090H.0       PUBLIC        T2
  B:0090H.4       PUBLIC        LIE1
  B:0090H.5       PUBLIC        LIE2
  C:0123H         PUBLIC        _LCD1602_Write_com
  B:0090H.6       PUBLIC        LIE3
  B:0090H.7       PUBLIC        LIE4
  C:013CH         PUBLIC        _LCD1602_Write_data_busy
  B:0080H.0       PUBLIC        P0_0
  B:0090H.0       PUBLIC        P1_0
  B:0080H.1       PUBLIC        P0_1
  B:00D0H.1       PUBLIC        FL
  B:00A0H.0       PUBLIC        P2_0
  B:0090H.1       PUBLIC        P1_1
  B:0080H.2       PUBLIC        P0_2
  B:00B0H.0       PUBLIC        P3_0
  B:00A0H.1       PUBLIC        P2_1
  B:0090H.2       PUBLIC        P1_2
  B:0080H.3       PUBLIC        P0_3
  B:00B0H.1       PUBLIC        P3_1
  B:00A0H.2       PUBLIC        P2_2
  B:0090H.3       PUBLIC        P1_3
  B:0080H.4       PUBLIC        P0_4
  B:00B0H.2       PUBLIC        P3_2
  B:00A0H.3       PUBLIC        P2_3
  B:0090H.4       PUBLIC        P1_4
  B:0080H.5       PUBLIC        P0_5
  B:00C8H.6       PUBLIC        EXF2
BL51 BANKED LINKER/LOCATER V5.00                                                      09/19/2012  10:32:57  PAGE 3


  B:00B0H.7       PUBLIC        RD
  B:00B0H.3       PUBLIC        P3_3
  B:00A0H.4       PUBLIC        P2_4
  B:0090H.5       PUBLIC        P1_5
  B:0080H.6       PUBLIC        P0_6
  B:00B0H.4       PUBLIC        P3_4
  B:00A0H.5       PUBLIC        P2_5
  B:0090H.6       PUBLIC        P1_6
  B:0080H.7       PUBLIC        P0_7
  B:00B0H.5       PUBLIC        P3_5
  B:00A8H.4       PUBLIC        ES
  B:00A0H.6       PUBLIC        P2_6
  B:0090H.7       PUBLIC        P1_7
  B:00B0H.6       PUBLIC        P3_6
  B:00A0H.7       PUBLIC        P2_7
  B:00B0H.7       PUBLIC        P3_7
  B:0098H.0       PUBLIC        RI
  C:010CH         PUBLIC        _Delay1602
  B:00D0H.7       PUBLIC        CY
  B:00B0H.2       PUBLIC        INT0
  B:00B0H.3       PUBLIC        INT1
  B:0098H.1       PUBLIC        TI
  D:0008H         PUBLIC        DISbuf
  B:00B8H.4       PUBLIC        PS
  B:0090H.1       PUBLIC        T2EX
  B:00A0H.5       PUBLIC        RS
  B:00D0H.2       PUBLIC        OV
  C:0003H         PUBLIC        main
  D:0009H         PUBLIC        KEYbuf
  B:00A0H.4       PUBLIC        RW
  B:00C8H.1       PUBLIC        C_T2
  B:00B0H.6       PUBLIC        WR
  B:00C8H.5       PUBLIC        RCLK
  B:00C8H.4       PUBLIC        TCLK
  C:0160H         PUBLIC        _LCD1602_Write_com_busy
  C:00CAH         PUBLIC        LCD1602_init
  C:00F4H         PUBLIC        _LCD1602_Write_address
  B:0088H.1       PUBLIC        IE0
  B:0088H.3       PUBLIC        IE1
  C:012EH         PUBLIC        LCD1602_busy
  B:00A0H.3       PUBLIC        E
  B:00C8H.0       PUBLIC        CP_RL2
  B:00A8H.1       PUBLIC        ET0
  B:00A8H.3       PUBLIC        ET1
  B:0088H.5       PUBLIC        TF0
  B:00A8H.5       PUBLIC        ET2
  B:0088H.7       PUBLIC        TF1
  B:00C8H.7       PUBLIC        TF2
  B:0098H.2       PUBLIC        RB8
  B:0090H.2       PUBLIC        HANB3
  B:00A8H.0       PUBLIC        EX0
  B:0088H.0       PUBLIC        IT0
  B:00A8H.2       PUBLIC        EX1
  B:0098H.3       PUBLIC        TB8
  B:0088H.2       PUBLIC        IT1
  B:00D0H.0       PUBLIC        P
  B:0090H.0       PUBLIC        HAGN1
BL51 BANKED LINKER/LOCATER V5.00                                                      09/19/2012  10:32:57  PAGE 4


  B:0098H.7       PUBLIC        SM0
  B:0090H.1       PUBLIC        HANG2
  B:0098H.6       PUBLIC        SM1
  B:0098H.5       PUBLIC        SM2
  B:0090H.3       PUBLIC        HANG4
  B:00B8H.1       PUBLIC        PT0
  B:00D0H.3       PUBLIC        RS0
  B:00B8H.3       PUBLIC        PT1
  B:00D0H.4       PUBLIC        RS1
  B:00B8H.5       PUBLIC        PT2
  B:0088H.4       PUBLIC        TR0
  B:0088H.6       PUBLIC        TR1
  B:00C8H.2       PUBLIC        TR2
  B:00B8H.0       PUBLIC        PX0
  B:00B8H.2       PUBLIC        PX1
  B:00C8H.3       PUBLIC        EXEN2
  B:0098H.4       PUBLIC        REN
  B:00B0H.0       PUBLIC        RXD
  C:0156H         PUBLIC        _LCD1602_Disp
  B:00B0H.1       PUBLIC        TXD
  B:00D0H.5       PUBLIC        F0
  -------         PROC          _DELAY1602
  D:0006H         SYMBOL        t
  -------         DO            
  D:0004H         SYMBOL        k
  -------         ENDDO         
  C:010CH         LINE#         47
  C:010CH         LINE#         48
  C:010CH         LINE#         50
  C:011DH         LINE#         51
  -------         ENDPROC       _DELAY1602
  -------         PROC          LCD1602_BUSY
  C:012EH         LINE#         60
  C:012EH         LINE#         61
  C:012EH         LINE#         62
  C:0130H         LINE#         63
  C:0132H         LINE#         64
  C:0134H         LINE#         65
  C:0136H         LINE#         66
  C:0139H         LINE#         67
  C:013BH         LINE#         68
  -------         ENDPROC       LCD1602_BUSY
  C:011EH         SYMBOL        L?0050
  -------         PROC          L?0049
  -------         ENDPROC       L?0049
  C:011EH         SYMBOL        L?0050
  -------         PROC          _LCD1602_WRITE_COM
  D:0007H         SYMBOL        combuf
  C:0123H         LINE#         77
  C:0123H         LINE#         78
  C:0123H         LINE#         79
  C:0125H         LINE#         80
  C:0127H         LINE#         81
  C:0129H         LINE#         82
  C:012BH         LINE#         83
  C:012DH         LINE#         84
  -------         ENDPROC       _LCD1602_WRITE_COM
BL51 BANKED LINKER/LOCATER V5.00                                                      09/19/2012  10:32:57  PAGE 5


  -------         PROC          _LCD1602_WRITE_COM_BUSY
  D:0007H         SYMBOL        combuf
  C:0160H         LINE#         93
  C:0160H         LINE#         94
  C:0160H         LINE#         95
  C:0163H         LINE#         96
  -------         ENDPROC       _LCD1602_WRITE_COM_BUSY
  -------         PROC          _LCD1602_WRITE_DATA_BUSY
  D:0007H         SYMBOL        databuf
  C:013CH         LINE#         106
  C:013CH         LINE#         107
  C:013CH         LINE#         108
  C:013FH         LINE#         109
  C:0141H         LINE#         110
  C:0143H         LINE#         111
  C:0145H         LINE#         112
  C:0147H         LINE#         113
  C:0149H         LINE#         114
  -------         ENDPROC       _LCD1602_WRITE_DATA_BUSY
  -------         PROC          _LCD1602_WRITE_ADDRESS
  D:0006H         SYMBOL        x
  D:0005H         SYMBOL        y
  C:00F4H         LINE#         123
  C:00F6H         LINE#         124
  C:00F6H         LINE#         125
  C:00F9H         LINE#         126
  C:00FCH         LINE#         127
  C:00FFH         LINE#         128
  C:0102H         LINE#         130
  C:010BH         LINE#         131
  -------         ENDPROC       _LCD1602_WRITE_ADDRESS
  -------         PROC          LCD1602_INIT
  C:00CAH         LINE#         140
  C:00CAH         LINE#         141
  C:00CAH         LINE#         142
  C:00CEH         LINE#         143
  C:00D1H         LINE#         144
  C:00D5H         LINE#         145
  C:00D8H         LINE#         146
  C:00DAH         LINE#         147
  C:00DDH         LINE#         148
  C:00E0H         LINE#         149
  C:00E5H         LINE#         150
  C:00EAH         LINE#         151
  C:00EFH         LINE#         152
  -------         ENDPROC       LCD1602_INIT
  -------         PROC          _LCD1602_DISP
  D:0006H         SYMBOL        x
  D:0005H         SYMBOL        y
  D:0004H         SYMBOL        buf
  C:0156H         LINE#         162
  C:0158H         LINE#         163
  C:0158H         LINE#         164
  C:015BH         LINE#         165
  -------         ENDPROC       _LCD1602_DISP
  -------         PROC          MAIN
  C:0003H         LINE#         175
BL51 BANKED LINKER/LOCATER V5.00                                                      09/19/2012  10:32:57  PAGE 6


  C:0003H         LINE#         176
  C:0003H         LINE#         178
  C:0006H         LINE#         179
  C:0009H         LINE#         180
  C:0009H         LINE#         181
  C:0009H         LINE#         184
  C:000CH         LINE#         185
  C:0014H         LINE#         186
  C:001CH         LINE#         187
  C:0024H         LINE#         188
  C:002AH         LINE#         190
  C:002DH         LINE#         191
  C:0035H         LINE#         192
  C:003DH         LINE#         193
  C:0045H         LINE#         194
  C:004BH         LINE#         196
  C:004EH         LINE#         197
  C:0056H         LINE#         198
  C:005EH         LINE#         199
  C:0066H         LINE#         200
  C:006CH         LINE#         202
  C:006FH         LINE#         203
  C:0077H         LINE#         204
  C:007FH         LINE#         205
  C:0087H         LINE#         206
  C:008DH         LINE#         211
  C:0092H         LINE#         215
  C:009FH         LINE#         216
  C:00B5H         LINE#         217
  C:00C7H         LINE#         220
  -------         ENDPROC       MAIN
  -------         ENDMOD        TEST45

Program Size: data=11.0 xdata=0 code=358
LINK/LOCATE RUN COMPLETE.  0 WARNING(S),  0 ERROR(S)
