C51 COMPILER V7.00  TEST46                                                                 09/18/2012 21:34:05 PAGE 1   


C51 COMPILER V7.00, COMPILATION OF MODULE TEST46
OBJECT MODULE PLACED IN TEST46.OBJ
COMPILER INVOKED BY: C:\Keil\C51\BIN\C51.EXE TEST46.c BROWSE DEBUG OBJECTEXTEND

stmt level    source

   1          ////////////////////////////////////////////////////////////////////////////
   2          //                给力者单片机开发学习系统，开发学习都给力！              //
   3          ////////////////////////////////////////////////////////////////////////////
   4          //                     学习51单片机，其实可以很简单                       //
   5          ////////////////////////////////////////////////////////////////////////////
   6          //                宁波芯动电子有限公司  www.MovingChip.com                //
   7          ////////////////////////////////////////////////////////////////////////////
   8          
   9          #include <AT89X52.h>       //调用51单片机的头文件
  10          
  11          //---------------------------------------
  12          //名称：定时器0中断服务程序
  13          //适用：给力者GL9单片机开发学习系统
  14          //公司：宁波芯动电子有限公司
  15          //网址：www.MovingChip.com
  16          //日期：20120914
  17          //---------------------------------------
  18          void Timer0(void) interrupt 1 
  19          {                          //定时1000微秒
  20   1          TL0=0xCC;              //重新给TL0赋初值
  21   1          TH0=0xF8;              //重新给TH0赋初值
  22   1      
  23   1          //***此处用户自行添加定时器T0中断处理程序***
  24   1              P1_2=~P1_2;                //1000us改变一次状态，周期为2000us，频率为500HZ
  25   1          //******************************************
  26   1      
  27   1      }
  28          //---------------------------------------
  29          //名称: 主函数
  30          //适用：给力者GL9单片机开发学习系统
  31          //公司：宁波芯动电子有限公司
  32          //网址：www.MovingChip.com
  33          //日期：20120914
  34          //---------------------------------------
  35          void main(void)            //主函数,单片机开机后就是从这个函数开始运行
  36          {
  37   1      
  38   1          //***定时器Timer0初始化***
  39   1          TMOD&=0xF0;            //将TMOD的低4位定时器0控制部分清零
  40   1          TMOD|=0x01;            //设置定时器0为方式1
  41   1          TL0=0xCC;              //设置定时器0初值低8位
  42   1          TH0=0xF8;              //设置定时器0初值高8位
  43   1          TR0=1;                 //启动定时器0
  44   1          ET0=1;                 //Timer0中断允许
  45   1          //**********************
  46   1      
  47   1          //***开全局中断设置****
  48   1          //定时器Timer0设置了中断允许,此处要开全局中断
  49   1          EA=1;                  //开全局中断
  50   1          //*********************
  51   1      
  52   1          while(1)               //死循环,单片机初始化后,将一直运行这个死循环
  53   1          {
  54   2      
  55   2          }
C51 COMPILER V7.00  TEST46                                                                 09/18/2012 21:34:05 PAGE 2   

  56   1      }
  57          
  58          
  59          
  60                  


MODULE INFORMATION:   STATIC OVERLAYABLE
   CODE SIZE        =     29    ----
   CONSTANT SIZE    =   ----    ----
   XDATA SIZE       =   ----    ----
   PDATA SIZE       =   ----    ----
   DATA SIZE        =   ----    ----
   IDATA SIZE       =   ----    ----
   BIT SIZE         =   ----    ----
END OF MODULE INFORMATION.


C51 COMPILATION COMPLETE.  0 WARNING(S),  0 ERROR(S)
