C51 COMPILER V7.00  TEST06                                                                 07/14/2013 22:27:02 PAGE 1   


C51 COMPILER V7.00, COMPILATION OF MODULE TEST06
OBJECT MODULE PLACED IN TEST06.OBJ
COMPILER INVOKED BY: C:\Keil\C51\BIN\C51.EXE TEST06.c BROWSE DEBUG OBJECTEXTEND

stmt level    source

   1          ////////////////////////////////////////////////////////////////////////////
   2          //                给力者单片机开发学习系统，开发学习都给力！              //
   3          ////////////////////////////////////////////////////////////////////////////
   4          //                     学习51单片机，其实可以很简单                       //
   5          ////////////////////////////////////////////////////////////////////////////
   6          //                宁波芯动电子有限公司  www.MovingChip.com                //
   7          ////////////////////////////////////////////////////////////////////////////
   8          
   9          #include <AT89X52.h>       //调用51单片机的头文件
  10          
  11          //---------------------------------------
  12          //8独立按键相关I/O设置
  13          sbit P1key=P1^0;           //按键P1接在P0.0口上
  14          sbit P2key=P1^1;           //按键P2接在P0.1口上
  15          sbit P3key=P1^2;           //按键P3接在P0.2口上
  16          sbit P4key=P1^3;           //按键P4接在P0.3口上
  17          sbit P5key=P1^4;           //按键P5接在P0.4口上
  18          sbit P6key=P1^5;           //按键P6接在P0.5口上
  19          sbit P7key=P1^6;           //按键P7接在P0.6口上
  20          sbit P8key=P1^7;           //按键P8接在P0.7口上
  21          //---------------------------------------
  22          
  23          //---------------------------------------
  24          //按键部分用寄存器设置
  25          unsigned char KEYbuf;      //设置8位的寄存器用来暂存按键键值数据
  26          //---------------------------------------
  27          
  28          //---------------------------------------
  29          //名称: 主函数
  30          //适用：给力者GL9单片机开发学习系统
  31          //公司：宁波芯动电子有限公司
  32          //网址：www.MovingChip.com
  33          //日期：20120913
  34          //---------------------------------------
  35          void main(void)            //主函数,单片机开机后就是从这个函数开始运行
  36          {
  37   1         
  38   1          while(1)               //死循环,单片机初始化后,将一直运行这个死循环
  39   1          {
  40   2              P0=~P1;             //P1的状态取反后直接送至P0
  41   2          }
  42   1      }
  43          
  44          


MODULE INFORMATION:   STATIC OVERLAYABLE
   CODE SIZE        =      7    ----
   CONSTANT SIZE    =   ----    ----
   XDATA SIZE       =   ----    ----
   PDATA SIZE       =   ----    ----
   DATA SIZE        =      1    ----
   IDATA SIZE       =   ----    ----
   BIT SIZE         =   ----    ----
END OF MODULE INFORMATION.

C51 COMPILER V7.00  TEST06                                                                 07/14/2013 22:27:02 PAGE 2   


C51 COMPILATION COMPLETE.  0 WARNING(S),  0 ERROR(S)
