C51 COMPILER V7.00  TEST31                                                                 09/19/2012 08:30:20 PAGE 1   


C51 COMPILER V7.00, COMPILATION OF MODULE TEST31
OBJECT MODULE PLACED IN TEST31.OBJ
COMPILER INVOKED BY: C:\Keil\C51\BIN\C51.EXE TEST31.c BROWSE DEBUG OBJECTEXTEND

stmt level    source

   1          ////////////////////////////////////////////////////////////////////////////
   2          //                给力者单片机开发学习系统，开发学习都给力！              //
   3          ////////////////////////////////////////////////////////////////////////////
   4          //                     学习51单片机，其实可以很简单                       //
   5          ////////////////////////////////////////////////////////////////////////////
   6          //                宁波芯动电子有限公司  www.MovingChip.com                //
   7          ////////////////////////////////////////////////////////////////////////////
   8          
   9          #include <AT89X52.h>       //调用51单片机的头文件
  10          
  11          //---------------------------------------
  12          //定义一个数据表格
  13          unsigned char code TAB[10]=
  14          {                          //定义表格一定要使用code，这样会做到程序存储区中
  15              0x3F,                  //表格第1步数据0b00111111
  16              0x06,                  //表格第2步数据0b00000110
  17              0x5B,                  //表格第3步数据0b01011011
  18              0x4F,                  //表格第4步数据0b01001111
  19              0x66,                  //表格第5步数据0b01100110
  20              0x6D,                  //表格第6步数据0b01101101
  21              0x7D,                  //表格第7步数据0b01111101
  22              0x07,                  //表格第8步数据0b00000111
  23              0x7F,                  //表格第9步数据0b01111111
  24              0x6F,                  //表格第10步数据0b01101111
  25          };
  26          unsigned char i;      //定义一个char型变量，中断计次用
  27          unsigned char b=9;    //定义一个char型变量，显示内容用
  28          //---------------------------------------
  29          //名称：定时器1中断服务程序
  30          //适用：给力者GL9单片机开发学习系统
  31          //公司：宁波芯动电子有限公司
  32          //网址：www.MovingChip.com
  33          //日期：20120914
  34          //---------------------------------------
  35          void Timer1(void) interrupt 3 
  36          {                          //定时25000微秒
  37   1          TL1=0xFF;              //重新给TL1赋初值
  38   1          TH1=0x4B;              //重新给TH1赋初值
  39   1      
  40   1          //***此处用户自行添加定时器T1中断处理程序***
  41   1              if(++i>39)         //对中断计次，记到40次后，刚好1秒钟
  42   1              {
  43   2                      i=0;            //对计次用寄存器清零，以被下一个计次循环
  44   2                      if(++b>9) b=0;  //进行秒计数，因为数码管为1位，所以大于9后清零
  45   2                      P2=TAB[b];          //将TAB[b]的值送入P1口输出
  46   2              }
  47   1          //******************************************
  48   1      
  49   1      }
  50          //---------------------------------------
  51          //名称: 主函数
  52          //适用：给力者GL9单片机开发学习系统
  53          //公司：宁波芯动电子有限公司
  54          //网址：www.MovingChip.com
  55          //日期：20120914
C51 COMPILER V7.00  TEST31                                                                 09/19/2012 08:30:20 PAGE 2   

  56          //---------------------------------------
  57          void main(void)            //主函数,单片机开机后就是从这个函数开始运行
  58          {
  59   1      
  60   1          //***定时器Timer1初始化***
  61   1          TMOD&=0x0F;            //将TMOD的高4位定时器1控制部分清零
  62   1          TMOD|=0x10;            //设置定时器1为方式1
  63   1          TL1=0xFF;              //设置定时器1初值低8位
  64   1          TH1=0x4B;              //设置定时器1初值高8位
  65   1          TR1=1;                 //启动定时器1
  66   1          ET1=1;                 //Timer1中断允许
  67   1          //**********************
  68   1      
  69   1          //***开全局中断设置****
  70   1          //定时器Timer1设置了中断允许,此处要开全局中断
  71   1          EA=1;                  //开全局中断
  72   1          //*********************
  73   1      
  74   1          while(1)               //死循环,单片机初始化后,将一直运行这个死循环
  75   1          {     
  76   2      
  77   2          }
  78   1      }
  79          
  80          
  81                  
  82          


MODULE INFORMATION:   STATIC OVERLAYABLE
   CODE SIZE        =     75    ----
   CONSTANT SIZE    =     10    ----
   XDATA SIZE       =   ----    ----
   PDATA SIZE       =   ----    ----
   DATA SIZE        =      2    ----
   IDATA SIZE       =   ----    ----
   BIT SIZE         =   ----    ----
END OF MODULE INFORMATION.


C51 COMPILATION COMPLETE.  0 WARNING(S),  0 ERROR(S)
