BL51 BANKED LINKER/LOCATER V5.00                                                        09/25/2013  08:22:06  PAGE 1


BL51 BANKED LINKER/LOCATER V5.00, INVOKED BY:
C:\KEIL\C51\BIN\BL51.EXE TEST20.obj TO TEST20 RAMSIZE (256)


MEMORY MODEL: SMALL


INPUT MODULES INCLUDED:
  TEST20.obj (TEST20)
  C:\KEIL\C51\LIB\C51S.LIB (?C_STARTUP)


LINK MAP OF MODULE:  TEST20 (TEST20)


            TYPE    BASE      LENGTH    RELOCATION   SEGMENT NAME
            -----------------------------------------------------

            * * * * * * *   D A T A   M E M O R Y   * * * * * * *
            REG     0000H     0008H     ABSOLUTE     "REG BANK 0"
            DATA    0008H     0001H     UNIT         ?DT?TEST20
            IDATA   0009H     0001H     UNIT         ?STACK

            * * * * * * *   C O D E   M E M O R Y   * * * * * * *
            CODE    0000H     0003H     ABSOLUTE     
            CODE    0003H     0052H     UNIT         ?PR?MAIN?TEST20
            CODE    0055H     000CH     UNIT         ?C_C51STARTUP



OVERLAY MAP OF MODULE:   TEST20 (TEST20)


SEGMENT
  +--> CALLED SEGMENT
---------------------
?C_C51STARTUP
  +--> ?PR?MAIN?TEST20



SYMBOL TABLE OF MODULE:  TEST20 (TEST20)

  VALUE           TYPE          NAME
  ----------------------------------

  -------         MODULE        TEST20
  C:0000H         SYMBOL        _ICE_DUMMY_
  D:00A0H         PUBLIC        P2
  B:00D0H.6       PUBLIC        AC
  B:00B0H.4       PUBLIC        T0
  B:00B0H.5       PUBLIC        T1
  B:00A8H.7       PUBLIC        EA
  B:0090H.0       PUBLIC        T2
  B:0080H.0       PUBLIC        P0_0
  B:0090H.0       PUBLIC        P1_0
  B:0080H.1       PUBLIC        P0_1
  B:00D0H.1       PUBLIC        FL
BL51 BANKED LINKER/LOCATER V5.00                                                      09/25/2013  08:22:06  PAGE 2


  B:00A0H.0       PUBLIC        P2_0
  B:0090H.1       PUBLIC        P1_1
  B:0080H.2       PUBLIC        P0_2
  B:00B0H.0       PUBLIC        P3_0
  B:00A0H.1       PUBLIC        P2_1
  B:0090H.2       PUBLIC        P1_2
  B:0080H.3       PUBLIC        P0_3
  B:00B0H.1       PUBLIC        P3_1
  B:00A0H.2       PUBLIC        P2_2
  B:0090H.3       PUBLIC        P1_3
  B:0080H.4       PUBLIC        P0_4
  B:00B0H.2       PUBLIC        P3_2
  B:00A0H.3       PUBLIC        P2_3
  B:0090H.4       PUBLIC        P1_4
  B:0080H.5       PUBLIC        P0_5
  B:00C8H.6       PUBLIC        EXF2
  B:00B0H.7       PUBLIC        RD
  B:00B0H.3       PUBLIC        P3_3
  B:00A0H.4       PUBLIC        P2_4
  B:0090H.5       PUBLIC        P1_5
  B:0080H.6       PUBLIC        P0_6
  B:00B0H.4       PUBLIC        P3_4
  B:00A0H.5       PUBLIC        P2_5
  B:0090H.6       PUBLIC        P1_6
  B:0080H.7       PUBLIC        P0_7
  B:00B0H.5       PUBLIC        P3_5
  B:00A8H.4       PUBLIC        ES
  B:00A0H.6       PUBLIC        P2_6
  B:0090H.7       PUBLIC        P1_7
  B:00B0H.6       PUBLIC        P3_6
  B:00A0H.7       PUBLIC        P2_7
  B:00B0H.7       PUBLIC        P3_7
  B:0098H.0       PUBLIC        RI
  B:00D0H.7       PUBLIC        CY
  B:00B0H.2       PUBLIC        INT0
  B:00B0H.3       PUBLIC        INT1
  B:0098H.1       PUBLIC        TI
  B:00B8H.4       PUBLIC        PS
  B:0090H.1       PUBLIC        T2EX
  B:00D0H.2       PUBLIC        OV
  C:0003H         PUBLIC        main
  D:0008H         PUBLIC        KEYbuf
  B:00C8H.1       PUBLIC        C_T2
  B:00B0H.6       PUBLIC        WR
  B:00C8H.5       PUBLIC        RCLK
  B:00C8H.4       PUBLIC        TCLK
  B:0088H.1       PUBLIC        IE0
  B:0088H.3       PUBLIC        IE1
  B:00C8H.0       PUBLIC        CP_RL2
  B:00A8H.1       PUBLIC        ET0
  B:00A8H.3       PUBLIC        ET1
  B:0088H.5       PUBLIC        TF0
  B:00A8H.5       PUBLIC        ET2
  B:0088H.7       PUBLIC        TF1
  B:00A0H.0       PUBLIC        P1key
  B:00C8H.7       PUBLIC        TF2
  B:0098H.2       PUBLIC        RB8
BL51 BANKED LINKER/LOCATER V5.00                                                      09/25/2013  08:22:06  PAGE 3


  B:00A0H.1       PUBLIC        P2key
  B:00A8H.0       PUBLIC        EX0
  B:0088H.0       PUBLIC        IT0
  B:00A0H.2       PUBLIC        P3key
  B:00A8H.2       PUBLIC        EX1
  B:0098H.3       PUBLIC        TB8
  B:0088H.2       PUBLIC        IT1
  B:00A0H.3       PUBLIC        P4key
  B:00D0H.0       PUBLIC        P
  B:00A0H.4       PUBLIC        P5key
  B:0098H.7       PUBLIC        SM0
  B:00A0H.5       PUBLIC        P6key
  B:0098H.6       PUBLIC        SM1
  B:00A0H.6       PUBLIC        P7key
  B:0098H.5       PUBLIC        SM2
  B:00A0H.7       PUBLIC        P8key
  B:00B8H.1       PUBLIC        PT0
  B:00D0H.3       PUBLIC        RS0
  B:00B8H.3       PUBLIC        PT1
  B:00D0H.4       PUBLIC        RS1
  B:00B8H.5       PUBLIC        PT2
  B:0088H.4       PUBLIC        TR0
  B:0088H.6       PUBLIC        TR1
  B:00C8H.2       PUBLIC        TR2
  B:00B8H.0       PUBLIC        PX0
  B:00B8H.2       PUBLIC        PX1
  B:00C8H.3       PUBLIC        EXEN2
  B:0098H.4       PUBLIC        REN
  B:00B0H.0       PUBLIC        RXD
  B:00B0H.1       PUBLIC        TXD
  B:00D0H.5       PUBLIC        F0
  -------         PROC          MAIN
  C:0003H         LINE#         35
  C:0003H         LINE#         36
  C:0003H         LINE#         37
  C:0005H         LINE#         38
  C:0005H         LINE#         39
  C:0005H         LINE#         42
  C:000DH         LINE#         43
  C:0015H         LINE#         44
  C:001DH         LINE#         45
  C:0025H         LINE#         46
  C:002DH         LINE#         47
  C:0035H         LINE#         48
  C:003DH         LINE#         49
  C:0043H         LINE#         51
  C:0048H         LINE#         52
  C:0048H         LINE#         53
  C:004AH         LINE#         54
  C:004CH         LINE#         55
  C:0051H         LINE#         56
  C:0051H         LINE#         57
  C:0053H         LINE#         58
  C:0053H         LINE#         59
  -------         ENDPROC       MAIN
  -------         ENDMOD        TEST20

BL51 BANKED LINKER/LOCATER V5.00                                                      09/25/2013  08:22:06  PAGE 4


Program Size: data=10.0 xdata=0 code=97
LINK/LOCATE RUN COMPLETE.  0 WARNING(S),  0 ERROR(S)
