BL51 BANKED LINKER/LOCATER V5.00                                                        09/18/2012  21:37:54  PAGE 1


BL51 BANKED LINKER/LOCATER V5.00, INVOKED BY:
C:\KEIL\C51\BIN\BL51.EXE TEST51.obj TO TEST43 RAMSIZE (256)


MEMORY MODEL: SMALL


INPUT MODULES INCLUDED:
  TEST51.obj (TEST51)
  C:\KEIL\C51\LIB\C51S.LIB (?C_STARTUP)
  C:\KEIL\C51\LIB\C51S.LIB (?C_INIT)


LINK MAP OF MODULE:  TEST43 (TEST51)


            TYPE    BASE      LENGTH    RELOCATION   SEGMENT NAME
            -----------------------------------------------------

            * * * * * * *   D A T A   M E M O R Y   * * * * * * *
            REG     0000H     0008H     ABSOLUTE     "REG BANK 0"
            DATA    0008H     0001H     UNIT         ?DT?TEST51
            IDATA   0009H     0001H     UNIT         ?STACK

            * * * * * * *   C O D E   M E M O R Y   * * * * * * *
            CODE    0000H     0003H     ABSOLUTE     
            CODE    0003H     0004H     UNIT         ?C_INITSEG
                    0007H     0004H                  *** GAP ***
            CODE    000BH     0003H     ABSOLUTE     
            CODE    000EH     00BFH     UNIT         ?CO?TEST51
            CODE    00CDH     008CH     UNIT         ?C_C51STARTUP
            CODE    0159H     0054H     UNIT         ?PR?MAIN?TEST51
            CODE    01ADH     0012H     UNIT         ?PR?_DELAY?TEST51
            CODE    01BFH     0012H     UNIT         ?PR?_DELAYMS?TEST51
            CODE    01D1H     0009H     UNIT         ?PR?TIMER0?TEST51



OVERLAY MAP OF MODULE:   TEST43 (TEST51)


SEGMENT
  +--> CALLED SEGMENT
---------------------
?C_C51STARTUP
  +--> ?PR?MAIN?TEST51
  +--> ?C_INITSEG

?PR?MAIN?TEST51
  +--> ?CO?TEST51
  +--> ?PR?_DELAYMS?TEST51
  +--> ?PR?_DELAY?TEST51



SYMBOL TABLE OF MODULE:  TEST43 (TEST51)

  VALUE           TYPE          NAME
BL51 BANKED LINKER/LOCATER V5.00                                                      09/18/2012  21:37:54  PAGE 2


  ----------------------------------

  -------         MODULE        TEST51
  C:0000H         SYMBOL        _ICE_DUMMY_
  B:00D0H.6       PUBLIC        AC
  B:00B0H.4       PUBLIC        T0
  B:00B0H.5       PUBLIC        T1
  B:00A8H.7       PUBLIC        EA
  B:0090H.0       PUBLIC        T2
  B:0080H.0       PUBLIC        P0_0
  B:0090H.0       PUBLIC        P1_0
  B:0080H.1       PUBLIC        P0_1
  B:00D0H.1       PUBLIC        FL
  B:00A0H.0       PUBLIC        P2_0
  B:0090H.1       PUBLIC        P1_1
  B:0080H.2       PUBLIC        P0_2
  B:00B0H.0       PUBLIC        P3_0
  B:00A0H.1       PUBLIC        P2_1
  B:0090H.2       PUBLIC        P1_2
  B:0080H.3       PUBLIC        P0_3
  B:00B0H.1       PUBLIC        P3_1
  B:00A0H.2       PUBLIC        P2_2
  B:0090H.3       PUBLIC        P1_3
  B:0080H.4       PUBLIC        P0_4
  B:00B0H.2       PUBLIC        P3_2
  B:00A0H.3       PUBLIC        P2_3
  B:0090H.4       PUBLIC        P1_4
  B:0080H.5       PUBLIC        P0_5
  B:00C8H.6       PUBLIC        EXF2
  B:00B0H.7       PUBLIC        RD
  B:00B0H.3       PUBLIC        P3_3
  B:00A0H.4       PUBLIC        P2_4
  B:0090H.5       PUBLIC        P1_5
  B:0080H.6       PUBLIC        P0_6
  B:00B0H.4       PUBLIC        P3_4
  B:00A0H.5       PUBLIC        P2_5
  B:0090H.6       PUBLIC        P1_6
  B:0080H.7       PUBLIC        P0_7
  B:00B0H.5       PUBLIC        P3_5
  B:00A8H.4       PUBLIC        ES
  B:00A0H.6       PUBLIC        P2_6
  B:0090H.7       PUBLIC        P1_7
  B:00B0H.6       PUBLIC        P3_6
  B:00A0H.7       PUBLIC        P2_7
  B:00B0H.7       PUBLIC        P3_7
  B:0098H.0       PUBLIC        RI
  B:00D0H.7       PUBLIC        CY
  B:00B0H.2       PUBLIC        INT0
  B:00B0H.3       PUBLIC        INT1
  B:0098H.1       PUBLIC        TI
  B:00B8H.4       PUBLIC        PS
  B:0090H.1       PUBLIC        T2EX
  B:00D0H.2       PUBLIC        OV
  C:0159H         PUBLIC        main
  B:00C8H.1       PUBLIC        C_T2
  B:00B0H.6       PUBLIC        WR
  B:00C8H.5       PUBLIC        RCLK
BL51 BANKED LINKER/LOCATER V5.00                                                      09/18/2012  21:37:54  PAGE 3


  B:00C8H.4       PUBLIC        TCLK
  C:01D1H         PUBLIC        Timer0
  D:0089H         PUBLIC        TMOD
  C:000EH         PUBLIC        music_tab
  B:0088H.1       PUBLIC        IE0
  B:0088H.3       PUBLIC        IE1
  B:00C8H.0       PUBLIC        CP_RL2
  B:00A8H.1       PUBLIC        ET0
  B:00A8H.3       PUBLIC        ET1
  B:0088H.5       PUBLIC        TF0
  B:00A8H.5       PUBLIC        ET2
  B:0088H.7       PUBLIC        TF1
  B:00C8H.7       PUBLIC        TF2
  B:0098H.2       PUBLIC        RB8
  D:008CH         PUBLIC        TH0
  B:00A8H.0       PUBLIC        EX0
  B:0088H.0       PUBLIC        IT0
  B:00A8H.2       PUBLIC        EX1
  B:0098H.3       PUBLIC        TB8
  B:0088H.2       PUBLIC        IT1
  B:00D0H.0       PUBLIC        P
  B:0098H.7       PUBLIC        SM0
  D:008AH         PUBLIC        TL0
  B:0098H.6       PUBLIC        SM1
  B:0098H.5       PUBLIC        SM2
  C:01BFH         PUBLIC        _delayms
  B:00B8H.1       PUBLIC        PT0
  B:00D0H.3       PUBLIC        RS0
  B:00B8H.3       PUBLIC        PT1
  B:00D0H.4       PUBLIC        RS1
  B:00B8H.5       PUBLIC        PT2
  B:0088H.4       PUBLIC        TR0
  B:0088H.6       PUBLIC        TR1
  B:00C8H.2       PUBLIC        TR2
  B:00B8H.0       PUBLIC        PX0
  B:00B8H.2       PUBLIC        PX1
  B:00C8H.3       PUBLIC        EXEN2
  B:0098H.4       PUBLIC        REN
  D:0008H         PUBLIC        n
  B:00B0H.0       PUBLIC        RXD
  B:00B0H.1       PUBLIC        TXD
  C:01ADH         PUBLIC        _delay
  B:00D0H.5       PUBLIC        F0
  -------         PROC          TIMER0
  C:01D1H         LINE#         72
  C:01D1H         LINE#         74
  C:01D4H         LINE#         75
  C:01D7H         LINE#         78
  C:01D9H         LINE#         81
  -------         ENDPROC       TIMER0
  -------         PROC          _DELAY
  D:0007H         SYMBOL        m
  -------         DO            
  D:0006H         SYMBOL        i
  -------         ENDDO         
  C:01ADH         LINE#         90
  C:01ADH         LINE#         91
BL51 BANKED LINKER/LOCATER V5.00                                                      09/18/2012  21:37:54  PAGE 4


  C:01ADH         LINE#         92
  C:01B5H         LINE#         93
  C:01BEH         LINE#         94
  -------         ENDPROC       _DELAY
  -------         PROC          _DELAYMS
  D:0007H         SYMBOL        a
  -------         DO            
  D:0006H         SYMBOL        i
  -------         ENDDO         
  C:01BFH         LINE#         103
  C:01BFH         LINE#         104
  C:01BFH         LINE#         105
  C:01C7H         LINE#         106
  C:01D0H         LINE#         107
  -------         ENDPROC       _DELAYMS
  -------         PROC          MAIN
  -------         DO            
  D:0004H         SYMBOL        p
  D:0004H         SYMBOL        m
  D:0005H         SYMBOL        i
  C:016DH         SYMBOL        play
  C:016DH         SYMBOL        a
  -------         ENDDO         
  C:0159H         LINE#         115
  C:0159H         LINE#         116
  C:0159H         LINE#         119
  C:015BH         LINE#         121
  C:015EH         LINE#         122
  C:0161H         LINE#         123
  C:0164H         LINE#         124
  C:0167H         LINE#         125
  C:0169H         LINE#         126
  C:016BH         LINE#         131
  C:016DH         LINE#         133
  C:016DH         LINE#         134
  C:016DH         LINE#         135
  C:016DH         LINE#         136
  C:0173H         LINE#         137
  C:017DH         LINE#         138
  C:018AH         LINE#         139
  C:019AH         LINE#         140
  C:019CH         LINE#         141
  C:01A9H         LINE#         142
  C:01ABH         LINE#         143
  -------         ENDPROC       MAIN
  -------         ENDMOD        TEST51

Program Size: data=10.0 xdata=0 code=470
LINK/LOCATE RUN COMPLETE.  0 WARNING(S),  0 ERROR(S)
